Archive member included to satisfy reference by file (symbol)

../cs303lab2_bsp/\libhal_bsp.a(alt_load.o)
                              ../cs303lab2_bsp//obj/HAL/src/crt0.o (alt_load)
../cs303lab2_bsp/\libhal_bsp.a(alt_main.o)
                              ../cs303lab2_bsp//obj/HAL/src/crt0.o (alt_main)
../cs303lab2_bsp/\libhal_bsp.a(alt_sys_init.o)
                              ../cs303lab2_bsp/\libhal_bsp.a(alt_main.o) (alt_irq_init)
../cs303lab2_bsp/\libhal_bsp.a(altera_avalon_jtag_uart_fd.o)
                              ../cs303lab2_bsp/\libhal_bsp.a(alt_sys_init.o) (altera_avalon_jtag_uart_read_fd)
../cs303lab2_bsp/\libhal_bsp.a(altera_avalon_jtag_uart_init.o)
                              ../cs303lab2_bsp/\libhal_bsp.a(alt_sys_init.o) (altera_avalon_jtag_uart_init)
../cs303lab2_bsp/\libhal_bsp.a(altera_avalon_jtag_uart_ioctl.o)
                              ../cs303lab2_bsp/\libhal_bsp.a(altera_avalon_jtag_uart_fd.o) (altera_avalon_jtag_uart_ioctl)
../cs303lab2_bsp/\libhal_bsp.a(altera_avalon_jtag_uart_read.o)
                              ../cs303lab2_bsp/\libhal_bsp.a(altera_avalon_jtag_uart_fd.o) (altera_avalon_jtag_uart_read)
../cs303lab2_bsp/\libhal_bsp.a(altera_avalon_jtag_uart_write.o)
                              ../cs303lab2_bsp/\libhal_bsp.a(altera_avalon_jtag_uart_fd.o) (altera_avalon_jtag_uart_write)
../cs303lab2_bsp/\libhal_bsp.a(altera_avalon_lcd_16207.o)
                              ../cs303lab2_bsp/\libhal_bsp.a(alt_sys_init.o) (altera_avalon_lcd_16207_init)
../cs303lab2_bsp/\libhal_bsp.a(altera_avalon_lcd_16207_fd.o)
                              ../cs303lab2_bsp/\libhal_bsp.a(alt_sys_init.o) (altera_avalon_lcd_16207_write_fd)
../cs303lab2_bsp/\libhal_bsp.a(altera_avalon_timer_sc.o)
                              ../cs303lab2_bsp/\libhal_bsp.a(alt_sys_init.o) (alt_avalon_timer_sc_init)
../cs303lab2_bsp/\libhal_bsp.a(altera_avalon_uart_fd.o)
                              ../cs303lab2_bsp/\libhal_bsp.a(alt_sys_init.o) (altera_avalon_uart_read_fd)
../cs303lab2_bsp/\libhal_bsp.a(altera_avalon_uart_init.o)
                              ../cs303lab2_bsp/\libhal_bsp.a(alt_sys_init.o) (altera_avalon_uart_init)
../cs303lab2_bsp/\libhal_bsp.a(altera_avalon_uart_read.o)
                              ../cs303lab2_bsp/\libhal_bsp.a(altera_avalon_uart_fd.o) (altera_avalon_uart_read)
../cs303lab2_bsp/\libhal_bsp.a(altera_avalon_uart_write.o)
                              ../cs303lab2_bsp/\libhal_bsp.a(altera_avalon_uart_fd.o) (altera_avalon_uart_write)
../cs303lab2_bsp/\libhal_bsp.a(alt_alarm_start.o)
                              ../cs303lab2_bsp/\libhal_bsp.a(altera_avalon_jtag_uart_init.o) (alt_alarm_start)
../cs303lab2_bsp/\libhal_bsp.a(alt_close.o)
                              ../cs303lab2_bsp/\libhal_bsp.a(alt_main.o) (close)
../cs303lab2_bsp/\libhal_bsp.a(alt_dcache_flush_all.o)
                              ../cs303lab2_bsp/\libhal_bsp.a(alt_load.o) (alt_dcache_flush_all)
../cs303lab2_bsp/\libhal_bsp.a(alt_dev.o)
                              ../cs303lab2_bsp/\libhal_bsp.a(alt_sys_init.o) (alt_dev_list)
../cs303lab2_bsp/\libhal_bsp.a(alt_dev_llist_insert.o)
                              ../cs303lab2_bsp/\libhal_bsp.a(alt_sys_init.o) (alt_dev_llist_insert)
../cs303lab2_bsp/\libhal_bsp.a(alt_do_ctors.o)
                              ../cs303lab2_bsp/\libhal_bsp.a(alt_main.o) (_do_ctors)
../cs303lab2_bsp/\libhal_bsp.a(alt_do_dtors.o)
                              ../cs303lab2_bsp/\libhal_bsp.a(alt_main.o) (_do_dtors)
../cs303lab2_bsp/\libhal_bsp.a(alt_errno.o)
                              ../cs303lab2_bsp/\libhal_bsp.a(altera_avalon_uart_read.o) (alt_errno)
../cs303lab2_bsp/\libhal_bsp.a(alt_icache_flush_all.o)
                              ../cs303lab2_bsp/\libhal_bsp.a(alt_load.o) (alt_icache_flush_all)
../cs303lab2_bsp/\libhal_bsp.a(alt_iic.o)
                              ../cs303lab2_bsp/\libhal_bsp.a(altera_avalon_jtag_uart_init.o) (alt_ic_isr_register)
../cs303lab2_bsp/\libhal_bsp.a(alt_iic_isr_register.o)
                              ../cs303lab2_bsp/\libhal_bsp.a(alt_iic.o) (alt_iic_isr_register)
../cs303lab2_bsp/\libhal_bsp.a(alt_io_redirect.o)
                              ../cs303lab2_bsp/\libhal_bsp.a(alt_main.o) (alt_io_redirect)
../cs303lab2_bsp/\libhal_bsp.a(alt_irq_entry.o)
                              ../cs303lab2_bsp/\libhal_bsp.a(alt_iic_isr_register.o) (alt_irq_entry)
../cs303lab2_bsp/\libhal_bsp.a(alt_irq_handler.o)
                              ../cs303lab2_bsp/\libhal_bsp.a(alt_iic_isr_register.o) (alt_irq)
../cs303lab2_bsp/\libhal_bsp.a(alt_irq_vars.o)
                              ../cs303lab2_bsp/\libhal_bsp.a(alt_iic.o) (alt_irq_active)
../cs303lab2_bsp/\libhal_bsp.a(alt_open.o)
                              ../cs303lab2_bsp/\libhal_bsp.a(alt_io_redirect.o) (open)
../cs303lab2_bsp/\libhal_bsp.a(alt_release_fd.o)
                              ../cs303lab2_bsp/\libhal_bsp.a(alt_close.o) (alt_release_fd)
../cs303lab2_bsp/\libhal_bsp.a(alt_tick.o)
[...]
Memory Configuration

Name             Origin             Length             Attributes
reset            0x0000000000800000 0x0000000000000020
sdram            0x0000000000800020 0x00000000007fffe0
onchip_mem       0x0000000001008000 0x0000000000007800
*default*        0x0000000000000000 0xffffffffffffffff

Linker script and memory map

LOAD ../cs303lab2_bsp//obj/HAL/src/crt0.o
LOAD obj/default/cs303lab2.o
LOAD obj/default/hello_world.o
LOAD c:/intelfpga/18.1/nios2eds/bin/gnu/h-x86_64-mingw32/bin/../lib/gcc/nios2-elf/5.3.0/../../../../../H-x86_64-mingw32/nios2-elf/lib\libstdc++.a
LOAD c:/intelfpga/18.1/nios2eds/bin/gnu/h-x86_64-mingw32/bin/../lib/gcc/nios2-elf/5.3.0/../../../../../H-x86_64-mingw32/nios2-elf/lib\libm.a
LOAD c:/intelfpga/18.1/nios2eds/bin/gnu/h-x86_64-mingw32/bin/../lib/gcc/nios2-elf/5.3.0\libgcc.a
START GROUP
LOAD c:/intelfpga/18.1/nios2eds/bin/gnu/h-x86_64-mingw32/bin/../lib/gcc/nios2-elf/5.3.0/../../../../../H-x86_64-mingw32/nios2-elf/lib\libc.a
LOAD c:/intelfpga/18.1/nios2eds/bin/gnu/h-x86_64-mingw32/bin/../lib/gcc/nios2-elf/5.3.0\libgcc.a
LOAD ../cs303lab2_bsp/\libhal_bsp.a
LOAD c:/intelfpga/18.1/nios2eds/bin/gnu/h-x86_64-mingw32/bin/../lib/gcc/nios2-elf/5.3.0/../../../../../H-x86_64-mingw32/nios2-elf/lib\libm.a
END GROUP
LOAD c:/intelfpga/18.1/nios2eds/bin/gnu/h-x86_64-mingw32/bin/../lib/gcc/nios2-elf/5.3.0\libgcc.a
                0x0000000000800000                __alt_mem_sdram = 0x800000
                0x0000000001008000                __alt_mem_onchip_mem = 0x1008000

.entry          0x0000000000800000       0x20
 *(.entry)
 .entry         0x0000000000800000       0x20 ../cs303lab2_bsp//obj/HAL/src/crt0.o
                0x0000000000800000                __reset

.exceptions     0x0000000000800020      0x224
                0x0000000000800020                PROVIDE (__ram_exceptions_start, ABSOLUTE (.))
                0x0000000000800020                . = ALIGN (0x20)
 *(.irq)
 *(.exceptions.entry.label)
 .exceptions.entry.label
                0x0000000000800020        0x0 ../cs303lab2_bsp/\libhal_bsp.a(alt_irq_entry.o)
                0x0000000000800020                alt_irq_entry
 .exceptions.entry.label
                0x0000000000800020        0x0 ../cs303lab2_bsp/\libhal_bsp.a(alt_exception_entry.o)
                0x0000000000800020                alt_exception
 *(.exceptions.entry.user)
 *(.exceptions.entry.ecc_fatal)
 *(.exceptions.entry)
 .exceptions.entry
                0x0000000000800020       0x54 ../cs303lab2_bsp/\libhal_bsp.a(alt_exception_entry.o)
 *(.exceptions.irqtest.user)
 *(.exceptions.irqtest)
 .exceptions.irqtest
                0x0000000000800074       0x10 ../cs303lab2_bsp/\libhal_bsp.a(alt_irq_entry.o)
 *(.exceptions.irqhandler.user)
 *(.exceptions.irqhandler)
 .exceptions.irqhandler
                0x0000000000800084        0x4 ../cs303lab2_bsp/\libhal_bsp.a(alt_irq_entry.o)
 *(.exceptions.irqreturn.user)
 *(.exceptions.irqreturn)
 .exceptions.irqreturn
                0x0000000000800088        0x4 ../cs303lab2_bsp/\libhal_bsp.a(alt_irq_entry.o)
 *(.exceptions.notirq.label)
 .exceptions.notirq.label
                0x000000000080008c        0x0 ../cs303lab2_bsp/\libhal_bsp.a(alt_irq_entry.o)
 *(.exceptions.notirq.user)
 *(.exceptions.notirq)
 .exceptions.notirq
                0x000000000080008c        0x8 ../cs303lab2_bsp/\libhal_bsp.a(alt_exception_entry.o)
 *(.exceptions.soft.user)
 *(.exceptions.soft)
 *(.exceptions.unknown.user)
 *(.exceptions.unknown)
 .exceptions.unknown
                0x0000000000800094       0x14 ../cs303lab2_bsp/\libhal_bsp.a(alt_exception_entry.o)
 *(.exceptions.exit.label)
 .exceptions.exit.label
                0x00000000008000a8        0x0 ../cs303lab2_bsp/\libhal_bsp.a(alt_irq_entry.o)
 .exceptions.exit.label
                0x00000000008000a8        0x0 ../cs303lab2_bsp/\libhal_bsp.a(alt_exception_entry.o)
 *(.exceptions.exit.user)
 *(.exceptions.exit)
 .exceptions.exit
                0x00000000008000a8       0x54 ../cs303lab2_bsp/\libhal_bsp.a(alt_exception_entry.o)
 *(.exceptions)
 .exceptions    0x00000000008000fc       0xd4 ../cs303lab2_bsp/\libhal_bsp.a(alt_irq_handler.o)
                0x00000000008000fc                alt_irq_handler
 .exceptions    0x00000000008001d0       0x74 ../cs303lab2_bsp/\libhal_bsp.a(alt_instruction_exception_entry.o)
                0x00000000008001d0                alt_instruction_exception_entry
                0x0000000000800244                PROVIDE (__ram_exceptions_end, ABSOLUTE (.))
                0x0000000000800020                PROVIDE (__flash_exceptions_start, LOADADDR (.exceptions))

.text           0x0000000000800244     0x47cc
                [!provide]                        PROVIDE (stext, ABSOLUTE (.))
 *(.interp)
 *(.hash)
 *(.dynsym)
 *(.dynstr)
 *(.gnu.version)
 *(.gnu.version_d)
 *(.gnu.version_r)
 *(.rel.init)
 *(.rela.init)
 *(.rel.text .rel.text.* .rel.gnu.linkonce.t.*)
 *(.rela.text .rela.text.* .rela.gnu.linkonce.t.*)
 *(.rel.fini)
 *(.rela.fini)
 *(.rel.rodata .rel.rodata.* .rel.gnu.linkonce.r.*)
 *(.rela.rodata .rela.rodata.* .rela.gnu.linkonce.r.*)
 *(.rel.data .rel.data.* .rel.gnu.linkonce.d.*)
 *(.rela.data .rela.data.* .rela.gnu.linkonce.d.*)
 *(.rel.tdata .rel.tdata.* .rel.gnu.linkonce.td.*)
 *(.rela.tdata .rela.tdata.* .rela.gnu.linkonce.td.*)
 *(.rel.tbss .rel.tbss.* .rel.gnu.linkonce.tb.*)
 *(.rela.tbss .rela.tbss.* .rela.gnu.linkonce.tb.*)
 *(.rel.ctors)
 *(.rela.ctors)
 *(.rel.dtors)
 *(.rela.dtors)
 *(.rel.got)
 *(.rela.got)
 *(.rel.sdata .rel.sdata.* .rel.gnu.linkonce.s.*)
 *(.rela.sdata .rela.sdata.* .rela.gnu.linkonce.s.*)
 *(.rel.sbss .rel.sbss.* .rel.gnu.linkonce.sb.*)
 *(.rela.sbss .rela.sbss.* .rela.gnu.linkonce.sb.*)
 *(.rel.sdata2 .rel.sdata2.* .rel.gnu.linkonce.s2.*)
 *(.rela.sdata2 .rela.sdata2.* .rela.gnu.linkonce.s2.*)
 *(.rel.sbss2 .rel.sbss2.* .rel.gnu.linkonce.sb2.*)
 *(.rela.sbss2 .rela.sbss2.* .rela.gnu.linkonce.sb2.*)
 *(.rel.bss .rel.bss.* .rel.gnu.linkonce.b.*)
 *(.rela.bss .rela.bss.* .rela.gnu.linkonce.b.*)
 *(.rel.plt)
 *(.rela.plt)
 *(.rel.dyn)
 *(.init)
 *(.plt)
 *(.text .stub .text.* .gnu.linkonce.t.*)
 .text          0x0000000000800244       0x4c ../cs303lab2_bsp//obj/HAL/src/crt0.o
                0x0000000000800244                _start
 .text          0x0000000000800290      0x738 obj/default/cs303lab2.o
                0x0000000000800290                logic
                0x0000000000800904                reset
                0x000000000080095c                tick
 .text          0x00000000008009c8       0xac obj/default/hello_world.o
                0x00000000008009c8                main
 .text          0x0000000000800a74       0xec ../cs303lab2_bsp/\libhal_bsp.a(alt_load.o)
                0x0000000000800adc                alt_load
 .text          0x0000000000800b60       0x7c ../cs303lab2_bsp/\libhal_bsp.a(alt_main.o)
                0x0000000000800b60                alt_main
 .text          0x0000000000800bdc      0x104 ../cs303lab2_bsp/\libhal_bsp.a(alt_sys_init.o)
                0x0000000000800c10                alt_irq_init
                0x0000000000800c48                alt_sys_init
 .text          0x0000000000800ce0      0x164 ../cs303lab2_bsp/\libhal_bsp.a(altera_avalon_jtag_uart_fd.o)
                0x0000000000800ce0                altera_avalon_jtag_uart_read_fd
                0x0000000000800d40                altera_avalon_jtag_uart_write_fd
                0x0000000000800da0                altera_avalon_jtag_uart_close_fd
                0x0000000000800df0                altera_avalon_jtag_uart_ioctl_fd
 .text          0x0000000000800e44      0x3d4 ../cs303lab2_bsp/\libhal_bsp.a(altera_avalon_jtag_uart_init.o)
                0x0000000000800e44                altera_avalon_jtag_uart_init
                0x00000000008011b0                altera_avalon_jtag_uart_close
 .text          0x0000000000801218       0xf0 ../cs303lab2_bsp/\libhal_bsp.a(altera_avalon_jtag_uart_ioctl.o)
                0x0000000000801218                altera_avalon_jtag_uart_ioctl
 .text          0x0000000000801308      0x21c ../cs303lab2_bsp/\libhal_bsp.a(altera_avalon_jtag_uart_read.o)
                0x0000000000801308                altera_avalon_jtag_uart_read
 .text          0x0000000000801524      0x224 ../cs303lab2_bsp/\libhal_bsp.a(altera_avalon_jtag_uart_write.o)
                0x0000000000801524                altera_avalon_jtag_uart_write
 .text          0x0000000000801748      0xe7c ../cs303lab2_bsp/\libhal_bsp.a(altera_avalon_lcd_16207.o)
                0x0000000000801f0c                altera_avalon_lcd_16207_write
                0x0000000000802490                altera_avalon_lcd_16207_init
 .text          0x00000000008025c4       0x60 ../cs303lab2_bsp/\libhal_bsp.a(altera_avalon_lcd_16207_fd.o)
                0x00000000008025c4                altera_avalon_lcd_16207_write_fd
 .text          0x0000000000802624       0xf4 ../cs303lab2_bsp/\libhal_bsp.a(altera_avalon_timer_sc.o)
                0x000000000080269c                alt_avalon_timer_sc_init
 .text          0x0000000000802718      0x110 ../cs303lab2_bsp/\libhal_bsp.a(altera_avalon_uart_fd.o)
                0x0000000000802718                altera_avalon_uart_read_fd
                0x0000000000802778                altera_avalon_uart_write_fd
                0x00000000008027d8                altera_avalon_uart_close_fd
 .text          0x0000000000802828      0x3c8 ../cs303lab2_bsp/\libhal_bsp.a(altera_avalon_uart_init.o)
                0x0000000000802828                altera_avalon_uart_init
                0x0000000000802b9c                altera_avalon_uart_close
 .text          0x0000000000802bf0      0x218 ../cs303lab2_bsp/\libhal_bsp.a(altera_avalon_uart_read.o)
                0x0000000000802c2c                altera_avalon_uart_read
 .text          0x0000000000802e08      0x1e8 ../cs303lab2_bsp/\libhal_bsp.a(altera_avalon_uart_write.o)
                0x0000000000802e44                altera_avalon_uart_write
 .text          0x0000000000802ff0      0x12c ../cs303lab2_bsp/\libhal_bsp.a(alt_alarm_start.o)
                0x0000000000802ff0                alt_alarm_start
 .text          0x000000000080311c      0x10c ../cs303lab2_bsp/\libhal_bsp.a(alt_close.o)
                0x0000000000803158                close
 .text          0x0000000000803228       0x48 ../cs303lab2_bsp/\libhal_bsp.a(alt_dcache_flush_all.o)
                0x0000000000803228                alt_dcache_flush_all
 .text          0x0000000000803270       0x2c ../cs303lab2_bsp/\libhal_bsp.a(alt_dev.o)
 .text          0x000000000080329c       0xe0 ../cs303lab2_bsp/\libhal_bsp.a(alt_dev_llist_insert.o)
                0x00000000008032d8                alt_dev_llist_insert
 .text          0x000000000080337c       0x60 ../cs303lab2_bsp/\libhal_bsp.a(alt_do_ctors.o)
                0x000000000080337c                _do_ctors
 .text          0x00000000008033dc       0x60 ../cs303lab2_bsp/\libhal_bsp.a(alt_do_dtors.o)
                0x00000000008033dc                _do_dtors
 .text          0x000000000080343c        0x0 ../cs303lab2_bsp/\libhal_bsp.a(alt_errno.o)
 .text          0x000000000080343c       0x34 ../cs303lab2_bsp/\libhal_bsp.a(alt_icache_flush_all.o)
                0x000000000080343c                alt_icache_flush_all
 .text          0x0000000000803470      0x1b0 ../cs303lab2_bsp/\libhal_bsp.a(alt_iic.o)
                0x0000000000803470                alt_ic_isr_register
                0x00000000008034c0                alt_ic_irq_enable
                0x0000000000803548                alt_ic_irq_disable
                0x00000000008035d4                alt_ic_irq_enabled
 .text          0x0000000000803620       0xf0 ../cs303lab2_bsp/\libhal_bsp.a(alt_iic_isr_register.o)
                0x0000000000803620                alt_iic_isr_register
 .text          0x0000000000803710      0x140 ../cs303lab2_bsp/\libhal_bsp.a(alt_io_redirect.o)
                0x00000000008037d4                alt_io_redirect
 .text          0x0000000000803850        0x0 ../cs303lab2_bsp/\libhal_bsp.a(alt_irq_entry.o)
 .text          0x0000000000803850        0x0 ../cs303lab2_bsp/\libhal_bsp.a(alt_irq_handler.o)
 .text          0x0000000000803850        0x0 ../cs303lab2_bsp/\libhal_bsp.a(alt_irq_vars.o)
 .text          0x0000000000803850      0x254 ../cs303lab2_bsp/\libhal_bsp.a(alt_open.o)
                0x0000000000803950                open
 .text          0x0000000000803aa4       0x64 ../cs303lab2_bsp/\libhal_bsp.a(alt_release_fd.o)
                0x0000000000803aa4                alt_release_fd
 .text          0x0000000000803b08      0x1a4 ../cs303lab2_bsp/\libhal_bsp.a(alt_tick.o)
                0x0000000000803b08                alt_alarm_stop
                0x0000000000803ba4                alt_tick
 .text          0x0000000000803cac       0x30 ../cs303lab2_bsp/\libhal_bsp.a(alt_usleep.o)
                0x0000000000803cac                usleep
 .text          0x0000000000803cdc       0x24 ../cs303lab2_bsp/\libhal_bsp.a(altera_nios2_gen2_irq.o)
                0x0000000000803cdc                altera_nios2_gen2_irq_init
 .text          0x0000000000803d00      0x158 ../cs303lab2_bsp/\libhal_bsp.a(alt_busy_sleep.o)
                0x0000000000803d00                alt_busy_sleep
 .text          0x0000000000803e58        0x0 ../cs303lab2_bsp/\libhal_bsp.a(alt_exception_entry.o)
 .text          0x0000000000803e58       0x90 ../cs303lab2_bsp/\libhal_bsp.a(alt_find_dev.o)
                0x0000000000803e58                alt_find_dev
 .text          0x0000000000803ee8      0x108 ../cs303lab2_bsp/\libhal_bsp.a(alt_find_file.o)
                0x0000000000803ee8                alt_find_file
 .text          0x0000000000803ff0       0xa4 ../cs303lab2_bsp/\libhal_bsp.a(alt_get_fd.o)
                0x0000000000803ff0                alt_get_fd
 .text          0x0000000000804094       0x90 ../cs303lab2_bsp/\libhal_bsp.a(alt_icache_flush.o)
                0x0000000000804094                alt_icache_flush
 .text          0x0000000000804124       0x9c ../cs303lab2_bsp/\libhal_bsp.a(alt_instruction_exception_entry.o)
                0x0000000000804124                alt_exception_cause_generated_bad_addr
 .text          0x00000000008041c0        0x0 c:/intelfpga/18.1/nios2eds/bin/gnu/h-x86_64-mingw32/bin/../lib/gcc/nios2-elf/5.3.0/../../../../../H-x86_64-mingw32/nios2-elf/lib\libc.a(lib_a-atexit.o)
 .text.atexit   0x00000000008041c0       0x14 c:/intelfpga/18.1/nios2eds/bin/gnu/h-x86_64-mingw32/bin/../lib/gcc/nios2-elf/5.3.0/../../../../../H-x86_64-mingw32/nios2-elf/lib\libc.a(lib_a-atexit.o)
                0x00000000008041c0                atexit
 .text          0x00000000008041d4        0x0 c:/intelfpga/18.1/nios2eds/bin/gnu/h-x86_64-mingw32/bin/../lib/gcc/nios2-elf/5.3.0/../../../../../H-x86_64-mingw32/nios2-elf/lib\libc.a(lib_a-ctype_.o)
 .text          0x00000000008041d4        0x0 c:/intelfpga/18.1/nios2eds/bin/gnu/h-x86_64-mingw32/bin/../lib/gcc/nios2-elf/5.3.0/../../../../../H-x86_64-mingw32/nios2-elf/lib\libc.a(lib_a-exit.o)
 .text.exit     0x00000000008041d4       0x38 c:/intelfpga/18.1/nios2eds/bin/gnu/h-x86_64-mingw32/bin/../lib/gcc/nios2-elf/5.3.0/../../../../../H-x86_64-mingw32/nios2-elf/lib\libc.a(lib_a-exit.o)
                0x00000000008041d4                exit
 .text          0x000000000080420c        0x0 c:/intelfpga/18.1/nios2eds/bin/gnu/h-x86_64-mingw32/bin/../lib/gcc/nios2-elf/5.3.0/../../../../../H-x86_64-mingw32/nios2-elf/lib\libc.a(lib_a-impure.o)
 .text          0x000000000080420c        0x0 c:/intelfpga/18.1/nios2eds/bin/gnu/h-x86_64-mingw32/bin/../lib/gcc/nios2-elf/5.3.0/../../../../../H-x86_64-mingw32/nios2-elf/lib\libc.a(lib_a-int_errno.o)
 .text          0x000000000080420c        0x0 c:/intelfpga/18.1/nios2eds/bin/gnu/h-x86_64-mingw32/bin/../lib/gcc/nios2-elf/5.3.0/../../../../../H-x86_64-mingw32/nios2-elf/lib\libc.a(lib_a-memcmp.o)
 .text.memcmp   0x000000000080420c       0x7c c:/intelfpga/18.1/nios2eds/bin/gnu/h-x86_64-mingw32/bin/../lib/gcc/nios2-elf/5.3.0/../../../../../H-x86_64-mingw32/nios2-elf/lib\libc.a(lib_a-memcmp.o)
                0x000000000080420c                memcmp
 .text          0x0000000000804288        0x0 c:/intelfpga/18.1/nios2eds/bin/gnu/h-x86_64-mingw32/bin/../lib/gcc/nios2-elf/5.3.0/../../../../../H-x86_64-mingw32/nios2-elf/lib\libc.a(lib_a-memcpy.o)
 .text.memcpy   0x0000000000804288      0x148 c:/intelfpga/18.1/nios2eds/bin/gnu/h-x86_64-mingw32/bin/../lib/gcc/nios2-elf/5.3.0/../../../../../H-x86_64-mingw32/nios2-elf/lib\libc.a(lib_a-memcpy.o)
                0x0000000000804288                memcpy
 .text          0x00000000008043d0        0x0 c:/intelfpga/18.1/nios2eds/bin/gnu/h-x86_64-mingw32/bin/../lib/gcc/nios2-elf/5.3.0/../../../../../H-x86_64-mingw32/nios2-elf/lib\libc.a(lib_a-memset.o)
 .text.memset   0x00000000008043d0      0x128 c:/intelfpga/18.1/nios2eds/bin/gnu/h-x86_64-mingw32/bin/../lib/gcc/nios2-elf/5.3.0/../../../../../H-x86_64-mingw32/nios2-elf/lib\libc.a(lib_a-memset.o)
                0x00000000008043d0                memset
 .text          0x00000000008044f8        0x0 c:/intelfpga/18.1/nios2eds/bin/gnu/h-x86_64-mingw32/bin/../lib/gcc/nios2-elf/5.3.0/../../../../../H-x86_64-mingw32/nios2-elf/lib\libc.a(lib_a-strlen.o)
 .text.strlen   0x00000000008044f8       0x98 c:/intelfpga/18.1/nios2eds/bin/gnu/h-x86_64-mingw32/bin/../lib/gcc/nios2-elf/5.3.0/../../../../../H-x86_64-mingw32/nios2-elf/lib\libc.a(lib_a-strlen.o)
                0x00000000008044f8                strlen
 .text          0x0000000000804590        0x0 c:/intelfpga/18.1/nios2eds/bin/gnu/h-x86_64-mingw32/bin/../lib/gcc/nios2-elf/5.3.0/../../../../../H-x86_64-mingw32/nios2-elf/lib\libc.a(lib_a-__atexit.o)
 .text.__register_exitproc
                0x0000000000804590      0x118 c:/intelfpga/18.1/nios2eds/bin/gnu/h-x86_64-mingw32/bin/../lib/gcc/nios2-elf/5.3.0/../../../../../H-x86_64-mingw32/nios2-elf/lib\libc.a(lib_a-__atexit.o)
                0x0000000000804590                __register_exitproc
 .text          0x00000000008046a8        0x0 c:/intelfpga/18.1/nios2eds/bin/gnu/h-x86_64-mingw32/bin/../lib/gcc/nios2-elf/5.3.0/../../../../../H-x86_64-mingw32/nios2-elf/lib\libc.a(lib_a-__call_atexit.o)
 .text.__call_exitprocs
                0x00000000008046a8      0x180 c:/intelfpga/18.1/nios2eds/bin/gnu/h-x86_64-mingw32/bin/../lib/gcc/nios2-elf/5.3.0/../../../../../H-x86_64-mingw32/nios2-elf/lib\libc.a(lib_a-__call_atexit.o)
                0x00000000008046a8                __call_exitprocs
 .text          0x0000000000804828      0x1b4 c:/intelfpga/18.1/nios2eds/bin/gnu/h-x86_64-mingw32/bin/../lib/gcc/nios2-elf/5.3.0\libgcc.a(lib2-divmod.o)
                0x0000000000804828                __divsi3
                0x00000000008048ac                __modsi3
                0x0000000000804920                __udivsi3
                0x0000000000804984                __umodsi3
 .text          0x00000000008049dc       0x34 ../cs303lab2_bsp/\libhal_bsp.a(alt_exit.o)
                0x00000000008049dc                _exit
 *(.gnu.warning.*)
 *(.fini)
                [!provide]                        PROVIDE (__etext, ABSOLUTE (.))
                [!provide]                        PROVIDE (_etext, ABSOLUTE (.))
                [!provide]                        PROVIDE (etext, ABSOLUTE (.))
 *(.eh_frame_hdr)
                0x0000000000804a10                . = ALIGN (0x4)
                [!provide]                        PROVIDE (__preinit_array_start, ABSOLUTE (.))
 *(.preinit_array)
                [!provide]                        PROVIDE (__preinit_array_end, ABSOLUTE (.))
                [!provide]                        PROVIDE (__init_array_start, ABSOLUTE (.))
 *(.init_array)
                [!provide]                        PROVIDE (__init_array_end, ABSOLUTE (.))
                [!provide]                        PROVIDE (__fini_array_start, ABSOLUTE (.))
 *(.fini_array)
                [!provide]                        PROVIDE (__fini_array_end, ABSOLUTE (.))
 *(.eh_frame)
 *(.gcc_except_table .gcc_except_table.*)
 *(.dynamic)
                0x0000000000804a10                PROVIDE (__CTOR_LIST__, ABSOLUTE (.))
 *(.ctors)
 *(SORT(.ctors.*))
                0x0000000000804a10                PROVIDE (__CTOR_END__, ABSOLUTE (.))
                0x0000000000804a10                PROVIDE (__DTOR_LIST__, ABSOLUTE (.))
 *(.dtors)
 *(SORT(.dtors.*))
                0x0000000000804a10                PROVIDE (__DTOR_END__, ABSOLUTE (.))
 *(.jcr)
                0x0000000000804a10                . = ALIGN (0x4)

.rodata         0x0000000000804a10      0x2c8
                0x0000000000804a10                PROVIDE (__ram_rodata_start, ABSOLUTE (.))
                0x0000000000804a10                . = ALIGN (0x4)
 *(.rodata .rodata.* .gnu.linkonce.r.*)
 .rodata        0x0000000000804a10        0xf ../cs303lab2_bsp/\libhal_bsp.a(alt_main.o)
 *fill*         0x0000000000804a1f        0x1 
 .rodata        0x0000000000804a20       0x26 ../cs303lab2_bsp/\libhal_bsp.a(alt_sys_init.o)
 *fill*         0x0000000000804a46        0x2 
 .rodata        0x0000000000804a48        0xa ../cs303lab2_bsp/\libhal_bsp.a(alt_dev.o)
 .rodata._ctype_
                0x0000000000804a52      0x101 c:/intelfpga/18.1/nios2eds/bin/gnu/h-x86_64-mingw32/bin/../lib/gcc/nios2-elf/5.3.0/../../../../../H-x86_64-mingw32/nios2-elf/lib\libc.a(lib_a-ctype_.o)
                0x0000000000804a52                _ctype_
 .rodata._ctype_b
                0x0000000000804b53      0x180 c:/intelfpga/18.1/nios2eds/bin/gnu/h-x86_64-mingw32/bin/../lib/gcc/nios2-elf/5.3.0/../../../../../H-x86_64-mingw32/nios2-elf/lib\libc.a(lib_a-ctype_.o)
 *fill*         0x0000000000804cd3        0x1 
 .rodata.str1.4
                0x0000000000804cd4        0x4 c:/intelfpga/18.1/nios2eds/bin/gnu/h-x86_64-mingw32/bin/../lib/gcc/nios2-elf/5.3.0/../../../../../H-x86_64-mingw32/nios2-elf/lib\libc.a(lib_a-impure.o)
                                          0x2 (size before relaxing)
 *(.rodata1)
                0x0000000000804cd8                . = ALIGN (0x4)
                0x0000000000804cd8                PROVIDE (__ram_rodata_end, ABSOLUTE (.))
                0x0000000000804a10                PROVIDE (__flash_rodata_start, LOADADDR (.rodata))

.rwdata         0x0000000000804cd8     0x1844 load address 0x000000000080651c
                0x0000000000804cd8                PROVIDE (__ram_rwdata_start, ABSOLUTE (.))
                0x0000000000804cd8                . = ALIGN (0x4)
 *(.got.plt)
 *(.got)
 *(.data1)
 *(.data .data.* .gnu.linkonce.d.*)
 .data          0x0000000000804cd8        0x0 ../cs303lab2_bsp//obj/HAL/src/crt0.o
 .data          0x0000000000804cd8        0x0 obj/default/cs303lab2.o
 .data          0x0000000000804cd8        0x0 obj/default/hello_world.o
 .data          0x0000000000804cd8        0x0 ../cs303lab2_bsp/\libhal_bsp.a(alt_load.o)
 .data          0x0000000000804cd8        0x0 ../cs303lab2_bsp/\libhal_bsp.a(alt_main.o)
 .data          0x0000000000804cd8     0x1244 ../cs303lab2_bsp/\libhal_bsp.a(alt_sys_init.o)
 .data          0x0000000000805f1c        0x0 ../cs303lab2_bsp/\libhal_bsp.a(altera_avalon_jtag_uart_fd.o)
 .data          0x0000000000805f1c        0x0 ../cs303lab2_bsp/\libhal_bsp.a(altera_avalon_jtag_uart_init.o)
 .data          0x0000000000805f1c        0x0 ../cs303lab2_bsp/\libhal_bsp.a(altera_avalon_jtag_uart_ioctl.o)
 .data          0x0000000000805f1c        0x0 ../cs303lab2_bsp/\libhal_bsp.a(altera_avalon_jtag_uart_read.o)
 .data          0x0000000000805f1c        0x0 ../cs303lab2_bsp/\libhal_bsp.a(altera_avalon_jtag_uart_write.o)
 .data          0x0000000000805f1c        0x0 ../cs303lab2_bsp/\libhal_bsp.a(altera_avalon_lcd_16207.o)
 .data          0x0000000000805f1c        0x0 ../cs303lab2_bsp/\libhal_bsp.a(altera_avalon_lcd_16207_fd.o)
 .data          0x0000000000805f1c        0x0 ../cs303lab2_bsp/\libhal_bsp.a(altera_avalon_timer_sc.o)
 .data          0x0000000000805f1c        0x0 ../cs303lab2_bsp/\libhal_bsp.a(altera_avalon_uart_fd.o)
 .data          0x0000000000805f1c        0x0 ../cs303lab2_bsp/\libhal_bsp.a(altera_avalon_uart_init.o)
 .data          0x0000000000805f1c        0x0 ../cs303lab2_bsp/\libhal_bsp.a(altera_avalon_uart_read.o)
 .data          0x0000000000805f1c        0x0 ../cs303lab2_bsp/\libhal_bsp.a(altera_avalon_uart_write.o)
 .data          0x0000000000805f1c        0x0 ../cs303lab2_bsp/\libhal_bsp.a(alt_alarm_start.o)
 .data          0x0000000000805f1c        0x0 ../cs303lab2_bsp/\libhal_bsp.a(alt_close.o)
 .data          0x0000000000805f1c        0x0 ../cs303lab2_bsp/\libhal_bsp.a(alt_dcache_flush_all.o)
 .data          0x0000000000805f1c      0x1a8 ../cs303lab2_bsp/\libhal_bsp.a(alt_dev.o)
                0x0000000000805f1c                alt_dev_null
                0x0000000000805f44                alt_fd_list
 .data          0x00000000008060c4        0x0 ../cs303lab2_bsp/\libhal_bsp.a(alt_dev_llist_insert.o)
 .data          0x00000000008060c4        0x0 ../cs303lab2_bsp/\libhal_bsp.a(alt_do_ctors.o)
 .data          0x00000000008060c4        0x0 ../cs303lab2_bsp/\libhal_bsp.a(alt_do_dtors.o)
 .data          0x00000000008060c4        0x0 ../cs303lab2_bsp/\libhal_bsp.a(alt_errno.o)
 .data          0x00000000008060c4        0x0 ../cs303lab2_bsp/\libhal_bsp.a(alt_icache_flush_all.o)
 .data          0x00000000008060c4        0x0 ../cs303lab2_bsp/\libhal_bsp.a(alt_iic.o)
 .data          0x00000000008060c4        0x0 ../cs303lab2_bsp/\libhal_bsp.a(alt_iic_isr_register.o)
 .data          0x00000000008060c4        0x0 ../cs303lab2_bsp/\libhal_bsp.a(alt_io_redirect.o)
 .data          0x00000000008060c4        0x0 ../cs303lab2_bsp/\libhal_bsp.a(alt_irq_entry.o)
 .data          0x00000000008060c4        0x0 ../cs303lab2_bsp/\libhal_bsp.a(alt_irq_handler.o)
 .data          0x00000000008060c4        0x0 ../cs303lab2_bsp/\libhal_bsp.a(alt_irq_vars.o)
 .data          0x00000000008060c4        0x0 ../cs303lab2_bsp/\libhal_bsp.a(alt_open.o)
 .data          0x00000000008060c4        0x0 ../cs303lab2_bsp/\libhal_bsp.a(alt_release_fd.o)
 .data          0x00000000008060c4        0x0 ../cs303lab2_bsp/\libhal_bsp.a(alt_tick.o)
 .data          0x00000000008060c4        0x0 ../cs303lab2_bsp/\libhal_bsp.a(alt_usleep.o)
 .data          0x00000000008060c4        0x0 ../cs303lab2_bsp/\libhal_bsp.a(altera_nios2_gen2_irq.o)
 .data          0x00000000008060c4        0x0 ../cs303lab2_bsp/\libhal_bsp.a(alt_busy_sleep.o)
 .data          0x00000000008060c4        0x0 ../cs303lab2_bsp/\libhal_bsp.a(alt_exception_entry.o)
 .data          0x00000000008060c4        0x0 ../cs303lab2_bsp/\libhal_bsp.a(alt_find_dev.o)
 .data          0x00000000008060c4        0x0 ../cs303lab2_bsp/\libhal_bsp.a(alt_find_file.o)
 .data          0x00000000008060c4        0x0 ../cs303lab2_bsp/\libhal_bsp.a(alt_get_fd.o)
 .data          0x00000000008060c4        0x0 ../cs303lab2_bsp/\libhal_bsp.a(alt_icache_flush.o)
 .data          0x00000000008060c4        0x0 ../cs303lab2_bsp/\libhal_bsp.a(alt_instruction_exception_entry.o)
 .data          0x00000000008060c4        0x0 c:/intelfpga/18.1/nios2eds/bin/gnu/h-x86_64-mingw32/bin/../lib/gcc/nios2-elf/5.3.0/../../../../../H-x86_64-mingw32/nios2-elf/lib\libc.a(lib_a-atexit.o)
 .data          0x00000000008060c4        0x0 c:/intelfpga/18.1/nios2eds/bin/gnu/h-x86_64-mingw32/bin/../lib/gcc/nios2-elf/5.3.0/../../../../../H-x86_64-mingw32/nios2-elf/lib\libc.a(lib_a-ctype_.o)
 .data          0x00000000008060c4        0x0 c:/intelfpga/18.1/nios2eds/bin/gnu/h-x86_64-mingw32/bin/../lib/gcc/nios2-elf/5.3.0/../../../../../H-x86_64-mingw32/nios2-elf/lib\libc.a(lib_a-exit.o)
 .data          0x00000000008060c4        0x0 c:/intelfpga/18.1/nios2eds/bin/gnu/h-x86_64-mingw32/bin/../lib/gcc/nios2-elf/5.3.0/../../../../../H-x86_64-mingw32/nios2-elf/lib\libc.a(lib_a-impure.o)
 .data.impure_data
                0x00000000008060c4      0x424 c:/intelfpga/18.1/nios2eds/bin/gnu/h-x86_64-mingw32/bin/../lib/gcc/nios2-elf/5.3.0/../../../../../H-x86_64-mingw32/nios2-elf/lib\libc.a(lib_a-impure.o)
 .data          0x00000000008064e8        0x0 c:/intelfpga/18.1/nios2eds/bin/gnu/h-x86_64-mingw32/bin/../lib/gcc/nios2-elf/5.3.0/../../../../../H-x86_64-mingw32/nios2-elf/lib\libc.a(lib_a-int_errno.o)
 .data          0x00000000008064e8        0x0 c:/intelfpga/18.1/nios2eds/bin/gnu/h-x86_64-mingw32/bin/../lib/gcc/nios2-elf/5.3.0/../../../../../H-x86_64-mingw32/nios2-elf/lib\libc.a(lib_a-memcmp.o)
 .data          0x00000000008064e8        0x0 c:/intelfpga/18.1/nios2eds/bin/gnu/h-x86_64-mingw32/bin/../lib/gcc/nios2-elf/5.3.0/../../../../../H-x86_64-mingw32/nios2-elf/lib\libc.a(lib_a-memcpy.o)
 .data          0x00000000008064e8        0x0 c:/intelfpga/18.1/nios2eds/bin/gnu/h-x86_64-mingw32/bin/../lib/gcc/nios2-elf/5.3.0/../../../../../H-x86_64-mingw32/nios2-elf/lib\libc.a(lib_a-memset.o)
 .data          0x00000000008064e8        0x0 c:/intelfpga/18.1/nios2eds/bin/gnu/h-x86_64-mingw32/bin/../lib/gcc/nios2-elf/5.3.0/../../../../../H-x86_64-mingw32/nios2-elf/lib\libc.a(lib_a-strlen.o)
 .data          0x00000000008064e8        0x0 c:/intelfpga/18.1/nios2eds/bin/gnu/h-x86_64-mingw32/bin/../lib/gcc/nios2-elf/5.3.0/../../../../../H-x86_64-mingw32/nios2-elf/lib\libc.a(lib_a-__atexit.o)
 .data          0x00000000008064e8        0x0 c:/intelfpga/18.1/nios2eds/bin/gnu/h-x86_64-mingw32/bin/../lib/gcc/nios2-elf/5.3.0/../../../../../H-x86_64-mingw32/nios2-elf/lib\libc.a(lib_a-__call_atexit.o)
 .data          0x00000000008064e8        0x0 c:/intelfpga/18.1/nios2eds/bin/gnu/h-x86_64-mingw32/bin/../lib/gcc/nios2-elf/5.3.0\libgcc.a(lib2-divmod.o)
 .data          0x00000000008064e8        0x0 ../cs303lab2_bsp/\libhal_bsp.a(alt_exit.o)
                0x000000000080e4e8                _gp = ABSOLUTE ((. + 0x8000))
                [!provide]                        PROVIDE (gp, _gp)
 *(.rwdata .rwdata.*)
 *(.sdata .sdata.* .gnu.linkonce.s.*)
 .sdata         0x00000000008064e8        0x4 ../cs303lab2_bsp/\libhal_bsp.a(altera_avalon_lcd_16207.o)
 .sdata         0x00000000008064ec       0x14 ../cs303lab2_bsp/\libhal_bsp.a(alt_dev.o)
                0x00000000008064ec                alt_fs_list
                0x00000000008064f4                alt_dev_list
                0x00000000008064fc                alt_max_fd
 .sdata         0x0000000000806500        0x4 ../cs303lab2_bsp/\libhal_bsp.a(alt_errno.o)
                0x0000000000806500                alt_errno
 .sdata         0x0000000000806504        0x4 ../cs303lab2_bsp/\libhal_bsp.a(alt_irq_vars.o)
                0x0000000000806504                alt_priority_mask
 .sdata         0x0000000000806508        0x8 ../cs303lab2_bsp/\libhal_bsp.a(alt_tick.o)
                0x0000000000806508                alt_alarm_list
 .sdata.__ctype_ptr__
                0x0000000000806510        0x4 c:/intelfpga/18.1/nios2eds/bin/gnu/h-x86_64-mingw32/bin/../lib/gcc/nios2-elf/5.3.0/../../../../../H-x86_64-mingw32/nios2-elf/lib\libc.a(lib_a-ctype_.o)
                0x0000000000806510                __ctype_ptr__
 .sdata._global_impure_ptr
                0x0000000000806514        0x4 c:/intelfpga/18.1/nios2eds/bin/gnu/h-x86_64-mingw32/bin/../lib/gcc/nios2-elf/5.3.0/../../../../../H-x86_64-mingw32/nios2-elf/lib\libc.a(lib_a-impure.o)
                0x0000000000806514                _global_impure_ptr
 .sdata._impure_ptr
                0x0000000000806518        0x4 c:/intelfpga/18.1/nios2eds/bin/gnu/h-x86_64-mingw32/bin/../lib/gcc/nios2-elf/5.3.0/../../../../../H-x86_64-mingw32/nios2-elf/lib\libc.a(lib_a-impure.o)
                0x0000000000806518                _impure_ptr
 *(.sdata2 .sdata2.* .gnu.linkonce.s2.*)
                0x000000000080651c                . = ALIGN (0x4)
                0x000000000080651c                _edata = ABSOLUTE (.)
                [!provide]                        PROVIDE (edata, ABSOLUTE (.))
                0x000000000080651c                PROVIDE (__ram_rwdata_end, ABSOLUTE (.))
                0x000000000080651c                PROVIDE (__flash_rwdata_start, LOADADDR (.rwdata))

.bss            0x0000000000807d60      0x120
                0x0000000000807d60                __bss_start = ABSOLUTE (.)
                [!provide]                        PROVIDE (__sbss_start, ABSOLUTE (.))
                [!provide]                        PROVIDE (___sbss_start, ABSOLUTE (.))
 *(.dynsbss)
 *(.sbss .sbss.* .gnu.linkonce.sb.*)
 .sbss          0x0000000000807d60        0xc ../cs303lab2_bsp/\libhal_bsp.a(alt_main.o)
                0x0000000000807d60                alt_argc
                0x0000000000807d64                alt_argv
                0x0000000000807d68                alt_envp
 .sbss          0x0000000000807d6c        0x4 ../cs303lab2_bsp/\libhal_bsp.a(alt_irq_vars.o)
                0x0000000000807d6c                alt_irq_active
 .sbss          0x0000000000807d70        0x8 ../cs303lab2_bsp/\libhal_bsp.a(alt_tick.o)
                0x0000000000807d70                _alt_tick_rate
                0x0000000000807d74                _alt_nticks
 .sbss          0x0000000000807d78        0x4 ../cs303lab2_bsp/\libhal_bsp.a(alt_instruction_exception_entry.o)
                0x0000000000807d78                alt_instruction_exception_handler
 .sbss          0x0000000000807d7c        0x4 c:/intelfpga/18.1/nios2eds/bin/gnu/h-x86_64-mingw32/bin/../lib/gcc/nios2-elf/5.3.0/../../../../../H-x86_64-mingw32/nios2-elf/lib\libc.a(lib_a-int_errno.o)
                0x0000000000807d7c                errno
 *(.sbss2 .sbss2.* .gnu.linkonce.sb2.*)
 *(.scommon)
                [!provide]                        PROVIDE (__sbss_end, ABSOLUTE (.))
                [!provide]                        PROVIDE (___sbss_end, ABSOLUTE (.))
 *(.dynbss)
 *(.bss .bss.* .gnu.linkonce.b.*)
 .bss           0x0000000000807d80        0x0 ../cs303lab2_bsp//obj/HAL/src/crt0.o
 .bss           0x0000000000807d80        0x0 obj/default/cs303lab2.o
 .bss           0x0000000000807d80        0x0 obj/default/hello_world.o
 .bss           0x0000000000807d80        0x0 ../cs303lab2_bsp/\libhal_bsp.a(alt_load.o)
 .bss           0x0000000000807d80        0x0 ../cs303lab2_bsp/\libhal_bsp.a(alt_main.o)
 .bss           0x0000000000807d80        0x0 ../cs303lab2_bsp/\libhal_bsp.a(alt_sys_init.o)
 .bss           0x0000000000807d80        0x0 ../cs303lab2_bsp/\libhal_bsp.a(altera_avalon_jtag_uart_fd.o)
 .bss           0x0000000000807d80        0x0 ../cs303lab2_bsp/\libhal_bsp.a(altera_avalon_jtag_uart_init.o)
 .bss           0x0000000000807d80        0x0 ../cs303lab2_bsp/\libhal_bsp.a(altera_avalon_jtag_uart_ioctl.o)
 .bss           0x0000000000807d80        0x0 ../cs303lab2_bsp/\libhal_bsp.a(altera_avalon_jtag_uart_read.o)
 .bss           0x0000000000807d80        0x0 ../cs303lab2_bsp/\libhal_bsp.a(altera_avalon_jtag_uart_write.o)
 .bss           0x0000000000807d80        0x0 ../cs303lab2_bsp/\libhal_bsp.a(altera_avalon_lcd_16207.o)
 .bss           0x0000000000807d80        0x0 ../cs303lab2_bsp/\libhal_bsp.a(altera_avalon_lcd_16207_fd.o)
 .bss           0x0000000000807d80        0x0 ../cs303lab2_bsp/\libhal_bsp.a(altera_avalon_timer_sc.o)
 .bss           0x0000000000807d80        0x0 ../cs303lab2_bsp/\libhal_bsp.a(altera_avalon_uart_fd.o)
 .bss           0x0000000000807d80        0x0 ../cs303lab2_bsp/\libhal_bsp.a(altera_avalon_uart_init.o)
 .bss           0x0000000000807d80        0x0 ../cs303lab2_bsp/\libhal_bsp.a(altera_avalon_uart_read.o)
 .bss           0x0000000000807d80        0x0 ../cs303lab2_bsp/\libhal_bsp.a(altera_avalon_uart_write.o)
 .bss           0x0000000000807d80        0x0 ../cs303lab2_bsp/\libhal_bsp.a(alt_alarm_start.o)
 .bss           0x0000000000807d80        0x0 ../cs303lab2_bsp/\libhal_bsp.a(alt_close.o)
 .bss           0x0000000000807d80        0x0 ../cs303lab2_bsp/\libhal_bsp.a(alt_dcache_flush_all.o)
 .bss           0x0000000000807d80        0x0 ../cs303lab2_bsp/\libhal_bsp.a(alt_dev.o)
 .bss           0x0000000000807d80        0x0 ../cs303lab2_bsp/\libhal_bsp.a(alt_dev_llist_insert.o)
 .bss           0x0000000000807d80        0x0 ../cs303lab2_bsp/\libhal_bsp.a(alt_do_ctors.o)
 .bss           0x0000000000807d80        0x0 ../cs303lab2_bsp/\libhal_bsp.a(alt_do_dtors.o)
 .bss           0x0000000000807d80        0x0 ../cs303lab2_bsp/\libhal_bsp.a(alt_errno.o)
 .bss           0x0000000000807d80        0x0 ../cs303lab2_bsp/\libhal_bsp.a(alt_icache_flush_all.o)
 .bss           0x0000000000807d80        0x0 ../cs303lab2_bsp/\libhal_bsp.a(alt_iic.o)
 .bss           0x0000000000807d80        0x0 ../cs303lab2_bsp/\libhal_bsp.a(alt_iic_isr_register.o)
 .bss           0x0000000000807d80        0x0 ../cs303lab2_bsp/\libhal_bsp.a(alt_io_redirect.o)
 .bss           0x0000000000807d80        0x0 ../cs303lab2_bsp/\libhal_bsp.a(alt_irq_entry.o)
 .bss           0x0000000000807d80        0x0 ../cs303lab2_bsp/\libhal_bsp.a(alt_irq_handler.o)
 .bss           0x0000000000807d80        0x0 ../cs303lab2_bsp/\libhal_bsp.a(alt_irq_vars.o)
 .bss           0x0000000000807d80        0x0 ../cs303lab2_bsp/\libhal_bsp.a(alt_open.o)
 .bss           0x0000000000807d80        0x0 ../cs303lab2_bsp/\libhal_bsp.a(alt_release_fd.o)
 .bss           0x0000000000807d80        0x0 ../cs303lab2_bsp/\libhal_bsp.a(alt_tick.o)
 .bss           0x0000000000807d80        0x0 ../cs303lab2_bsp/\libhal_bsp.a(alt_usleep.o)
 .bss           0x0000000000807d80        0x0 ../cs303lab2_bsp/\libhal_bsp.a(altera_nios2_gen2_irq.o)
 .bss           0x0000000000807d80        0x0 ../cs303lab2_bsp/\libhal_bsp.a(alt_busy_sleep.o)
 .bss           0x0000000000807d80        0x0 ../cs303lab2_bsp/\libhal_bsp.a(alt_exception_entry.o)
 .bss           0x0000000000807d80        0x0 ../cs303lab2_bsp/\libhal_bsp.a(alt_find_dev.o)
 .bss           0x0000000000807d80        0x0 ../cs303lab2_bsp/\libhal_bsp.a(alt_find_file.o)
 .bss           0x0000000000807d80        0x0 ../cs303lab2_bsp/\libhal_bsp.a(alt_get_fd.o)
 .bss           0x0000000000807d80        0x0 ../cs303lab2_bsp/\libhal_bsp.a(alt_icache_flush.o)
 .bss           0x0000000000807d80        0x0 ../cs303lab2_bsp/\libhal_bsp.a(alt_instruction_exception_entry.o)
 .bss           0x0000000000807d80        0x0 c:/intelfpga/18.1/nios2eds/bin/gnu/h-x86_64-mingw32/bin/../lib/gcc/nios2-elf/5.3.0/../../../../../H-x86_64-mingw32/nios2-elf/lib\libc.a(lib_a-atexit.o)
 .bss           0x0000000000807d80        0x0 c:/intelfpga/18.1/nios2eds/bin/gnu/h-x86_64-mingw32/bin/../lib/gcc/nios2-elf/5.3.0/../../../../../H-x86_64-mingw32/nios2-elf/lib\libc.a(lib_a-ctype_.o)
 .bss           0x0000000000807d80        0x0 c:/intelfpga/18.1/nios2eds/bin/gnu/h-x86_64-mingw32/bin/../lib/gcc/nios2-elf/5.3.0/../../../../../H-x86_64-mingw32/nios2-elf/lib\libc.a(lib_a-exit.o)
 .bss           0x0000000000807d80        0x0 c:/intelfpga/18.1/nios2eds/bin/gnu/h-x86_64-mingw32/bin/../lib/gcc/nios2-elf/5.3.0/../../../../../H-x86_64-mingw32/nios2-elf/lib\libc.a(lib_a-impure.o)
 .bss           0x0000000000807d80        0x0 c:/intelfpga/18.1/nios2eds/bin/gnu/h-x86_64-mingw32/bin/../lib/gcc/nios2-elf/5.3.0/../../../../../H-x86_64-mingw32/nios2-elf/lib\libc.a(lib_a-int_errno.o)
 .bss           0x0000000000807d80        0x0 c:/intelfpga/18.1/nios2eds/bin/gnu/h-x86_64-mingw32/bin/../lib/gcc/nios2-elf/5.3.0/../../../../../H-x86_64-mingw32/nios2-elf/lib\libc.a(lib_a-memcmp.o)
 .bss           0x0000000000807d80        0x0 c:/intelfpga/18.1/nios2eds/bin/gnu/h-x86_64-mingw32/bin/../lib/gcc/nios2-elf/5.3.0/../../../../../H-x86_64-mingw32/nios2-elf/lib\libc.a(lib_a-memcpy.o)
 .bss           0x0000000000807d80        0x0 c:/intelfpga/18.1/nios2eds/bin/gnu/h-x86_64-mingw32/bin/../lib/gcc/nios2-elf/5.3.0/../../../../../H-x86_64-mingw32/nios2-elf/lib\libc.a(lib_a-memset.o)
 .bss           0x0000000000807d80        0x0 c:/intelfpga/18.1/nios2eds/bin/gnu/h-x86_64-mingw32/bin/../lib/gcc/nios2-elf/5.3.0/../../../../../H-x86_64-mingw32/nios2-elf/lib\libc.a(lib_a-strlen.o)
 .bss           0x0000000000807d80        0x0 c:/intelfpga/18.1/nios2eds/bin/gnu/h-x86_64-mingw32/bin/../lib/gcc/nios2-elf/5.3.0/../../../../../H-x86_64-mingw32/nios2-elf/lib\libc.a(lib_a-__atexit.o)
 .bss           0x0000000000807d80        0x0 c:/intelfpga/18.1/nios2eds/bin/gnu/h-x86_64-mingw32/bin/../lib/gcc/nios2-elf/5.3.0/../../../../../H-x86_64-mingw32/nios2-elf/lib\libc.a(lib_a-__call_atexit.o)
 .bss           0x0000000000807d80        0x0 c:/intelfpga/18.1/nios2eds/bin/gnu/h-x86_64-mingw32/bin/../lib/gcc/nios2-elf/5.3.0\libgcc.a(lib2-divmod.o)
 .bss           0x0000000000807d80        0x0 ../cs303lab2_bsp/\libhal_bsp.a(alt_exit.o)
 *(COMMON)
 COMMON         0x0000000000807d80      0x100 ../cs303lab2_bsp/\libhal_bsp.a(alt_irq_handler.o)
                0x0000000000807d80                alt_irq
                0x0000000000807e80                . = ALIGN (0x4)
                0x0000000000807e80                __bss_end = ABSOLUTE (.)

.sdram          0x0000000000807e80        0x0
                [!provide]                        PROVIDE (_alt_partition_sdram_start, ABSOLUTE (.))
 *(.sdram .sdram. sdram.*)
                0x0000000000807e80                . = ALIGN (0x4)
                [!provide]                        PROVIDE (_alt_partition_sdram_end, ABSOLUTE (.))
                0x0000000000807e80                _end = ABSOLUTE (.)
                0x0000000000807e80                end = ABSOLUTE (.)
                0x0000000000807e80                __alt_stack_base = ABSOLUTE (.)
                [!provide]                        PROVIDE (_alt_partition_sdram_load_addr, LOADADDR (.sdram))

.onchip_mem     0x0000000001008000        0x0 load address 0x0000000000807e80
                [!provide]                        PROVIDE (_alt_partition_onchip_mem_start, ABSOLUTE (.))
 *(.onchip_mem .onchip_mem. onchip_mem.*)
                0x0000000001008000                . = ALIGN (0x4)
                [!provide]                        PROVIDE (_alt_partition_onchip_mem_end, ABSOLUTE (.))
                [!provide]                        PROVIDE (_alt_partition_onchip_mem_load_addr, LOADADDR (.onchip_mem))

.stab
 *(.stab)

.stabstr
 *(.stabstr)

.stab.excl
 *(.stab.excl)

.stab.exclstr
 *(.stab.exclstr)

.stab.index
 *(.stab.index)

.stab.indexstr
 *(.stab.indexstr)

.comment        0x0000000000000000       0x23
 *(.comment)
 .comment       0x0000000000000000       0x23 obj/default/cs303lab2.o
                                         0x24 (size before relaxing)
 .comment       0x0000000000000023       0x24 obj/default/hello_world.o
 .comment       0x0000000000000023       0x24 ../cs303lab2_bsp/\libhal_bsp.a(alt_load.o)
 .comment       0x0000000000000023       0x24 ../cs303lab2_bsp/\libhal_bsp.a(alt_main.o)
 .comment       0x0000000000000023       0x24 ../cs303lab2_bsp/\libhal_bsp.a(alt_sys_init.o)
 .comment       0x0000000000000023       0x24 ../cs303lab2_bsp/\libhal_bsp.a(altera_avalon_jtag_uart_fd.o)
 .comment       0x0000000000000023       0x24 ../cs303lab2_bsp/\libhal_bsp.a(altera_avalon_jtag_uart_init.o)
 .comment       0x0000000000000023       0x24 ../cs303lab2_bsp/\libhal_bsp.a(altera_avalon_jtag_uart_ioctl.o)
 .comment       0x0000000000000023       0x24 ../cs303lab2_bsp/\libhal_bsp.a(altera_avalon_jtag_uart_read.o)
 .comment       0x0000000000000023       0x24 ../cs303lab2_bsp/\libhal_bsp.a(altera_avalon_jtag_uart_write.o)
 .comment       0x0000000000000023       0x24 ../cs303lab2_bsp/\libhal_bsp.a(altera_avalon_lcd_16207.o)
 .comment       0x0000000000000023       0x24 ../cs303lab2_bsp/\libhal_bsp.a(altera_avalon_lcd_16207_fd.o)
 .comment       0x0000000000000023       0x24 ../cs303lab2_bsp/\libhal_bsp.a(altera_avalon_timer_sc.o)
 .comment       0x0000000000000023       0x24 ../cs303lab2_bsp/\libhal_bsp.a(altera_avalon_uart_fd.o)
 .comment       0x0000000000000023       0x24 ../cs303lab2_bsp/\libhal_bsp.a(altera_avalon_uart_init.o)
 .comment       0x0000000000000023       0x24 ../cs303lab2_bsp/\libhal_bsp.a(altera_avalon_uart_read.o)
 .comment       0x0000000000000023       0x24 ../cs303lab2_bsp/\libhal_bsp.a(altera_avalon_uart_write.o)
 .comment       0x0000000000000023       0x24 ../cs303lab2_bsp/\libhal_bsp.a(alt_alarm_start.o)
 .comment       0x0000000000000023       0x24 ../cs303lab2_bsp/\libhal_bsp.a(alt_close.o)
 .comment       0x0000000000000023       0x24 ../cs303lab2_bsp/\libhal_bsp.a(alt_dcache_flush_all.o)
 .comment       0x0000000000000023       0x24 ../cs303lab2_bsp/\libhal_bsp.a(alt_dev.o)
 .comment       0x0000000000000023       0x24 ../cs303lab2_bsp/\libhal_bsp.a(alt_dev_llist_insert.o)
 .comment       0x0000000000000023       0x24 ../cs303lab2_bsp/\libhal_bsp.a(alt_do_ctors.o)
 .comment       0x0000000000000023       0x24 ../cs303lab2_bsp/\libhal_bsp.a(alt_do_dtors.o)
 .comment       0x0000000000000023       0x24 ../cs303lab2_bsp/\libhal_bsp.a(alt_errno.o)
 .comment       0x0000000000000023       0x24 ../cs303lab2_bsp/\libhal_bsp.a(alt_icache_flush_all.o)
 .comment       0x0000000000000023       0x24 ../cs303lab2_bsp/\libhal_bsp.a(alt_iic.o)
 .comment       0x0000000000000023       0x24 ../cs303lab2_bsp/\libhal_bsp.a(alt_iic_isr_register.o)
 .comment       0x0000000000000023       0x24 ../cs303lab2_bsp/\libhal_bsp.a(alt_io_redirect.o)
 .comment       0x0000000000000023       0x24 ../cs303lab2_bsp/\libhal_bsp.a(alt_irq_handler.o)
 .comment       0x0000000000000023       0x24 ../cs303lab2_bsp/\libhal_bsp.a(alt_irq_vars.o)
 .comment       0x0000000000000023       0x24 ../cs303lab2_bsp/\libhal_bsp.a(alt_open.o)
 .comment       0x0000000000000023       0x24 ../cs303lab2_bsp/\libhal_bsp.a(alt_release_fd.o)
 .comment       0x0000000000000023       0x24 ../cs303lab2_bsp/\libhal_bsp.a(alt_tick.o)
 .comment       0x0000000000000023       0x24 ../cs303lab2_bsp/\libhal_bsp.a(alt_usleep.o)
 .comment       0x0000000000000023       0x24 ../cs303lab2_bsp/\libhal_bsp.a(altera_nios2_gen2_irq.o)
 .comment       0x0000000000000023       0x24 ../cs303lab2_bsp/\libhal_bsp.a(alt_busy_sleep.o)
 .comment       0x0000000000000023       0x24 ../cs303lab2_bsp/\libhal_bsp.a(alt_find_dev.o)
 .comment       0x0000000000000023       0x24 ../cs303lab2_bsp/\libhal_bsp.a(alt_find_file.o)
 .comment       0x0000000000000023       0x24 ../cs303lab2_bsp/\libhal_bsp.a(alt_get_fd.o)
 .comment       0x0000000000000023       0x24 ../cs303lab2_bsp/\libhal_bsp.a(alt_icache_flush.o)
 .comment       0x0000000000000023       0x24 ../cs303lab2_bsp/\libhal_bsp.a(alt_instruction_exception_entry.o)
 .comment       0x0000000000000023       0x24 c:/intelfpga/18.1/nios2eds/bin/gnu/h-x86_64-mingw32/bin/../lib/gcc/nios2-elf/5.3.0/../../../../../H-x86_64-mingw32/nios2-elf/lib\libc.a(lib_a-atexit.o)
 .comment       0x0000000000000023       0x24 c:/intelfpga/18.1/nios2eds/bin/gnu/h-x86_64-mingw32/bin/../lib/gcc/nios2-elf/5.3.0/../../../../../H-x86_64-mingw32/nios2-elf/lib\libc.a(lib_a-ctype_.o)
 .comment       0x0000000000000023       0x24 c:/intelfpga/18.1/nios2eds/bin/gnu/h-x86_64-mingw32/bin/../lib/gcc/nios2-elf/5.3.0/../../../../../H-x86_64-mingw32/nios2-elf/lib\libc.a(lib_a-exit.o)
 .comment       0x0000000000000023       0x24 c:/intelfpga/18.1/nios2eds/bin/gnu/h-x86_64-mingw32/bin/../lib/gcc/nios2-elf/5.3.0/../../../../../H-x86_64-mingw32/nios2-elf/lib\libc.a(lib_a-impure.o)
 .comment       0x0000000000000023       0x24 c:/intelfpga/18.1/nios2eds/bin/gnu/h-x86_64-mingw32/bin/../lib/gcc/nios2-elf/5.3.0/../../../../../H-x86_64-mingw32/nios2-elf/lib\libc.a(lib_a-int_errno.o)
 .comment       0x0000000000000023       0x24 c:/intelfpga/18.1/nios2eds/bin/gnu/h-x86_64-mingw32/bin/../lib/gcc/nios2-elf/5.3.0/../../../../../H-x86_64-mingw32/nios2-elf/lib\libc.a(lib_a-memcmp.o)
 .comment       0x0000000000000023       0x24 c:/intelfpga/18.1/nios2eds/bin/gnu/h-x86_64-mingw32/bin/../lib/gcc/nios2-elf/5.3.0/../../../../../H-x86_64-mingw32/nios2-elf/lib\libc.a(lib_a-memcpy.o)
 .comment       0x0000000000000023       0x24 c:/intelfpga/18.1/nios2eds/bin/gnu/h-x86_64-mingw32/bin/../lib/gcc/nios2-elf/5.3.0/../../../../../H-x86_64-mingw32/nios2-elf/lib\libc.a(lib_a-memset.o)
 .comment       0x0000000000000023       0x24 c:/intelfpga/18.1/nios2eds/bin/gnu/h-x86_64-mingw32/bin/../lib/gcc/nios2-elf/5.3.0/../../../../../H-x86_64-mingw32/nios2-elf/lib\libc.a(lib_a-strlen.o)
 .comment       0x0000000000000023       0x24 c:/intelfpga/18.1/nios2eds/bin/gnu/h-x86_64-mingw32/bin/../lib/gcc/nios2-elf/5.3.0/../../../../../H-x86_64-mingw32/nios2-elf/lib\libc.a(lib_a-__atexit.o)
 .comment       0x0000000000000023       0x24 c:/intelfpga/18.1/nios2eds/bin/gnu/h-x86_64-mingw32/bin/../lib/gcc/nios2-elf/5.3.0/../../../../../H-x86_64-mingw32/nios2-elf/lib\libc.a(lib_a-__call_atexit.o)
 .comment       0x0000000000000023       0x24 c:/intelfpga/18.1/nios2eds/bin/gnu/h-x86_64-mingw32/bin/../lib/gcc/nios2-elf/5.3.0\libgcc.a(lib2-divmod.o)
 .comment       0x0000000000000023       0x24 ../cs303lab2_bsp/\libhal_bsp.a(alt_exit.o)

.debug
 *(.debug)

.line
 *(.line)

.debug_srcinfo
 *(.debug_srcinfo)

.debug_sfnames
 *(.debug_sfnames)

.debug_aranges  0x0000000000000000      0x750
 *(.debug_aranges)
 .debug_aranges
                0x0000000000000000       0x28 ../cs303lab2_bsp//obj/HAL/src/crt0.o
 .debug_aranges
                0x0000000000000028       0x20 obj/default/cs303lab2.o
 .debug_aranges
                0x0000000000000048       0x20 obj/default/hello_world.o
 .debug_aranges
                0x0000000000000068       0x20 ../cs303lab2_bsp/\libhal_bsp.a(alt_load.o)
 .debug_aranges
                0x0000000000000088       0x20 ../cs303lab2_bsp/\libhal_bsp.a(alt_main.o)
 .debug_aranges
                0x00000000000000a8       0x20 ../cs303lab2_bsp/\libhal_bsp.a(alt_sys_init.o)
 .debug_aranges
                0x00000000000000c8       0x20 ../cs303lab2_bsp/\libhal_bsp.a(altera_avalon_jtag_uart_fd.o)
 .debug_aranges
                0x00000000000000e8       0x20 ../cs303lab2_bsp/\libhal_bsp.a(altera_avalon_jtag_uart_init.o)
 .debug_aranges
                0x0000000000000108       0x20 ../cs303lab2_bsp/\libhal_bsp.a(altera_avalon_jtag_uart_ioctl.o)
 .debug_aranges
                0x0000000000000128       0x20 ../cs303lab2_bsp/\libhal_bsp.a(altera_avalon_jtag_uart_read.o)
 .debug_aranges
                0x0000000000000148       0x20 ../cs303lab2_bsp/\libhal_bsp.a(altera_avalon_jtag_uart_write.o)
 .debug_aranges
                0x0000000000000168       0x20 ../cs303lab2_bsp/\libhal_bsp.a(altera_avalon_lcd_16207.o)
 .debug_aranges
                0x0000000000000188       0x20 ../cs303lab2_bsp/\libhal_bsp.a(altera_avalon_lcd_16207_fd.o)
 .debug_aranges
                0x00000000000001a8       0x20 ../cs303lab2_bsp/\libhal_bsp.a(altera_avalon_timer_sc.o)
 .debug_aranges
                0x00000000000001c8       0x20 ../cs303lab2_bsp/\libhal_bsp.a(altera_avalon_uart_fd.o)
 .debug_aranges
                0x00000000000001e8       0x20 ../cs303lab2_bsp/\libhal_bsp.a(altera_avalon_uart_init.o)
 .debug_aranges
                0x0000000000000208       0x20 ../cs303lab2_bsp/\libhal_bsp.a(altera_avalon_uart_read.o)
 .debug_aranges
                0x0000000000000228       0x20 ../cs303lab2_bsp/\libhal_bsp.a(altera_avalon_uart_write.o)
 .debug_aranges
                0x0000000000000248       0x20 ../cs303lab2_bsp/\libhal_bsp.a(alt_alarm_start.o)
 .debug_aranges
                0x0000000000000268       0x20 ../cs303lab2_bsp/\libhal_bsp.a(alt_close.o)
 .debug_aranges
                0x0000000000000288       0x20 ../cs303lab2_bsp/\libhal_bsp.a(alt_dcache_flush_all.o)
 .debug_aranges
                0x00000000000002a8       0x20 ../cs303lab2_bsp/\libhal_bsp.a(alt_dev.o)
 .debug_aranges
                0x00000000000002c8       0x20 ../cs303lab2_bsp/\libhal_bsp.a(alt_dev_llist_insert.o)
 .debug_aranges
                0x00000000000002e8       0x20 ../cs303lab2_bsp/\libhal_bsp.a(alt_do_ctors.o)
 .debug_aranges
                0x0000000000000308       0x20 ../cs303lab2_bsp/\libhal_bsp.a(alt_do_dtors.o)
 .debug_aranges
                0x0000000000000328       0x18 ../cs303lab2_bsp/\libhal_bsp.a(alt_errno.o)
 .debug_aranges
                0x0000000000000340       0x20 ../cs303lab2_bsp/\libhal_bsp.a(alt_icache_flush_all.o)
 .debug_aranges
                0x0000000000000360       0x20 ../cs303lab2_bsp/\libhal_bsp.a(alt_iic.o)
 .debug_aranges
                0x0000000000000380       0x20 ../cs303lab2_bsp/\libhal_bsp.a(alt_iic_isr_register.o)
 .debug_aranges
                0x00000000000003a0       0x20 ../cs303lab2_bsp/\libhal_bsp.a(alt_io_redirect.o)
 .debug_aranges
                0x00000000000003c0       0x30 ../cs303lab2_bsp/\libhal_bsp.a(alt_irq_entry.o)
 .debug_aranges
                0x00000000000003f0       0x20 ../cs303lab2_bsp/\libhal_bsp.a(alt_irq_handler.o)
 .debug_aranges
                0x0000000000000410       0x18 ../cs303lab2_bsp/\libhal_bsp.a(alt_irq_vars.o)
 .debug_aranges
                0x0000000000000428       0x20 ../cs303lab2_bsp/\libhal_bsp.a(alt_open.o)
 .debug_aranges
                0x0000000000000448       0x20 ../cs303lab2_bsp/\libhal_bsp.a(alt_release_fd.o)
 .debug_aranges
                0x0000000000000468       0x20 ../cs303lab2_bsp/\libhal_bsp.a(alt_tick.o)
 .debug_aranges
                0x0000000000000488       0x20 ../cs303lab2_bsp/\libhal_bsp.a(alt_usleep.o)
 .debug_aranges
                0x00000000000004a8       0x20 ../cs303lab2_bsp/\libhal_bsp.a(altera_nios2_gen2_irq.o)
 .debug_aranges
                0x00000000000004c8       0x20 ../cs303lab2_bsp/\libhal_bsp.a(alt_busy_sleep.o)
 .debug_aranges
                0x00000000000004e8       0x38 ../cs303lab2_bsp/\libhal_bsp.a(alt_exception_entry.o)
 .debug_aranges
                0x0000000000000520       0x20 ../cs303lab2_bsp/\libhal_bsp.a(alt_find_dev.o)
 .debug_aranges
                0x0000000000000540       0x20 ../cs303lab2_bsp/\libhal_bsp.a(alt_find_file.o)
 .debug_aranges
                0x0000000000000560       0x20 ../cs303lab2_bsp/\libhal_bsp.a(alt_get_fd.o)
 .debug_aranges
                0x0000000000000580       0x20 ../cs303lab2_bsp/\libhal_bsp.a(alt_icache_flush.o)
 .debug_aranges
                0x00000000000005a0       0x28 ../cs303lab2_bsp/\libhal_bsp.a(alt_instruction_exception_entry.o)
 .debug_aranges
                0x00000000000005c8       0x20 c:/intelfpga/18.1/nios2eds/bin/gnu/h-x86_64-mingw32/bin/../lib/gcc/nios2-elf/5.3.0/../../../../../H-x86_64-mingw32/nios2-elf/lib\libc.a(lib_a-atexit.o)
 .debug_aranges
                0x00000000000005e8       0x18 c:/intelfpga/18.1/nios2eds/bin/gnu/h-x86_64-mingw32/bin/../lib/gcc/nios2-elf/5.3.0/../../../../../H-x86_64-mingw32/nios2-elf/lib\libc.a(lib_a-ctype_.o)
 .debug_aranges
                0x0000000000000600       0x20 c:/intelfpga/18.1/nios2eds/bin/gnu/h-x86_64-mingw32/bin/../lib/gcc/nios2-elf/5.3.0/../../../../../H-x86_64-mingw32/nios2-elf/lib\libc.a(lib_a-exit.o)
 .debug_aranges
                0x0000000000000620       0x18 c:/intelfpga/18.1/nios2eds/bin/gnu/h-x86_64-mingw32/bin/../lib/gcc/nios2-elf/5.3.0/../../../../../H-x86_64-mingw32/nios2-elf/lib\libc.a(lib_a-impure.o)
 .debug_aranges
                0x0000000000000638       0x18 c:/intelfpga/18.1/nios2eds/bin/gnu/h-x86_64-mingw32/bin/../lib/gcc/nios2-elf/5.3.0/../../../../../H-x86_64-mingw32/nios2-elf/lib\libc.a(lib_a-int_errno.o)
 .debug_aranges
                0x0000000000000650       0x20 c:/intelfpga/18.1/nios2eds/bin/gnu/h-x86_64-mingw32/bin/../lib/gcc/nios2-elf/5.3.0/../../../../../H-x86_64-mingw32/nios2-elf/lib\libc.a(lib_a-memcmp.o)
 .debug_aranges
                0x0000000000000670       0x20 c:/intelfpga/18.1/nios2eds/bin/gnu/h-x86_64-mingw32/bin/../lib/gcc/nios2-elf/5.3.0/../../../../../H-x86_64-mingw32/nios2-elf/lib\libc.a(lib_a-memcpy.o)
 .debug_aranges
                0x0000000000000690       0x20 c:/intelfpga/18.1/nios2eds/bin/gnu/h-x86_64-mingw32/bin/../lib/gcc/nios2-elf/5.3.0/../../../../../H-x86_64-mingw32/nios2-elf/lib\libc.a(lib_a-memset.o)
 .debug_aranges
                0x00000000000006b0       0x20 c:/intelfpga/18.1/nios2eds/bin/gnu/h-x86_64-mingw32/bin/../lib/gcc/nios2-elf/5.3.0/../../../../../H-x86_64-mingw32/nios2-elf/lib\libc.a(lib_a-strlen.o)
 .debug_aranges
                0x00000000000006d0       0x20 c:/intelfpga/18.1/nios2eds/bin/gnu/h-x86_64-mingw32/bin/../lib/gcc/nios2-elf/5.3.0/../../../../../H-x86_64-mingw32/nios2-elf/lib\libc.a(lib_a-__atexit.o)
 .debug_aranges
                0x00000000000006f0       0x20 c:/intelfpga/18.1/nios2eds/bin/gnu/h-x86_64-mingw32/bin/../lib/gcc/nios2-elf/5.3.0/../../../../../H-x86_64-mingw32/nios2-elf/lib\libc.a(lib_a-__call_atexit.o)
 .debug_aranges
                0x0000000000000710       0x20 c:/intelfpga/18.1/nios2eds/bin/gnu/h-x86_64-mingw32/bin/../lib/gcc/nios2-elf/5.3.0\libgcc.a(lib2-divmod.o)
 .debug_aranges
                0x0000000000000730       0x20 ../cs303lab2_bsp/\libhal_bsp.a(alt_exit.o)

.debug_pubnames
 *(.debug_pubnames)

.debug_info     0x0000000000000000     0x9ccc
 *(.debug_info .gnu.linkonce.wi.*)
 .debug_info    0x0000000000000000       0x6e ../cs303lab2_bsp//obj/HAL/src/crt0.o
 .debug_info    0x000000000000006e      0x209 obj/default/cs303lab2.o
 .debug_info    0x0000000000000277      0x26b obj/default/hello_world.o
 .debug_info    0x00000000000004e2      0x145 ../cs303lab2_bsp/\libhal_bsp.a(alt_load.o)
 .debug_info    0x0000000000000627      0x131 ../cs303lab2_bsp/\libhal_bsp.a(alt_main.o)
 .debug_info    0x0000000000000758      0x723 ../cs303lab2_bsp/\libhal_bsp.a(alt_sys_init.o)
 .debug_info    0x0000000000000e7b      0x52e ../cs303lab2_bsp/\libhal_bsp.a(altera_avalon_jtag_uart_fd.o)
 .debug_info    0x00000000000013a9      0x3a0 ../cs303lab2_bsp/\libhal_bsp.a(altera_avalon_jtag_uart_init.o)
 .debug_info    0x0000000000001749      0x280 ../cs303lab2_bsp/\libhal_bsp.a(altera_avalon_jtag_uart_ioctl.o)
 .debug_info    0x00000000000019c9      0x345 ../cs303lab2_bsp/\libhal_bsp.a(altera_avalon_jtag_uart_read.o)
 .debug_info    0x0000000000001d0e      0x340 ../cs303lab2_bsp/\libhal_bsp.a(altera_avalon_jtag_uart_write.o)
 .debug_info    0x000000000000204e      0x6d1 ../cs303lab2_bsp/\libhal_bsp.a(altera_avalon_lcd_16207.o)
 .debug_info    0x000000000000271f      0x4cc ../cs303lab2_bsp/\libhal_bsp.a(altera_avalon_lcd_16207_fd.o)
 .debug_info    0x0000000000002beb      0x226 ../cs303lab2_bsp/\libhal_bsp.a(altera_avalon_timer_sc.o)
 .debug_info    0x0000000000002e11      0x447 ../cs303lab2_bsp/\libhal_bsp.a(altera_avalon_uart_fd.o)
 .debug_info    0x0000000000003258      0x333 ../cs303lab2_bsp/\libhal_bsp.a(altera_avalon_uart_init.o)
 .debug_info    0x000000000000358b      0x319 ../cs303lab2_bsp/\libhal_bsp.a(altera_avalon_uart_read.o)
 .debug_info    0x00000000000038a4      0x31e ../cs303lab2_bsp/\libhal_bsp.a(altera_avalon_uart_write.o)
 .debug_info    0x0000000000003bc2      0x2cc ../cs303lab2_bsp/\libhal_bsp.a(alt_alarm_start.o)
 .debug_info    0x0000000000003e8e      0x321 ../cs303lab2_bsp/\libhal_bsp.a(alt_close.o)
 .debug_info    0x00000000000041af       0xa5 ../cs303lab2_bsp/\libhal_bsp.a(alt_dcache_flush_all.o)
 .debug_info    0x0000000000004254      0x49c ../cs303lab2_bsp/\libhal_bsp.a(alt_dev.o)
 .debug_info    0x00000000000046f0      0x1a9 ../cs303lab2_bsp/\libhal_bsp.a(alt_dev_llist_insert.o)
 .debug_info    0x0000000000004899       0x83 ../cs303lab2_bsp/\libhal_bsp.a(alt_do_ctors.o)
 .debug_info    0x000000000000491c       0x83 ../cs303lab2_bsp/\libhal_bsp.a(alt_do_dtors.o)
 .debug_info    0x000000000000499f       0xa6 ../cs303lab2_bsp/\libhal_bsp.a(alt_errno.o)
 .debug_info    0x0000000000004a45       0x92 ../cs303lab2_bsp/\libhal_bsp.a(alt_icache_flush_all.o)
 .debug_info    0x0000000000004ad7      0x350 ../cs303lab2_bsp/\libhal_bsp.a(alt_iic.o)
 .debug_info    0x0000000000004e27      0x1ef ../cs303lab2_bsp/\libhal_bsp.a(alt_iic_isr_register.o)
 .debug_info    0x0000000000005016      0x4a5 ../cs303lab2_bsp/\libhal_bsp.a(alt_io_redirect.o)
 .debug_info    0x00000000000054bb       0x77 ../cs303lab2_bsp/\libhal_bsp.a(alt_irq_entry.o)
 .debug_info    0x0000000000005532      0x187 ../cs303lab2_bsp/\libhal_bsp.a(alt_irq_handler.o)
 .debug_info    0x00000000000056b9       0x88 ../cs303lab2_bsp/\libhal_bsp.a(alt_irq_vars.o)
 .debug_info    0x0000000000005741      0x3bb ../cs303lab2_bsp/\libhal_bsp.a(alt_open.o)
 .debug_info    0x0000000000005afc      0x2b0 ../cs303lab2_bsp/\libhal_bsp.a(alt_release_fd.o)
 .debug_info    0x0000000000005dac      0x299 ../cs303lab2_bsp/\libhal_bsp.a(alt_tick.o)
 .debug_info    0x0000000000006045       0xb0 ../cs303lab2_bsp/\libhal_bsp.a(alt_usleep.o)
 .debug_info    0x00000000000060f5       0x92 ../cs303lab2_bsp/\libhal_bsp.a(altera_nios2_gen2_irq.o)
 .debug_info    0x0000000000006187       0xd7 ../cs303lab2_bsp/\libhal_bsp.a(alt_busy_sleep.o)
 .debug_info    0x000000000000625e       0x7d ../cs303lab2_bsp/\libhal_bsp.a(alt_exception_entry.o)
 .debug_info    0x00000000000062db      0x2e9 ../cs303lab2_bsp/\libhal_bsp.a(alt_find_dev.o)
 .debug_info    0x00000000000065c4      0x2e6 ../cs303lab2_bsp/\libhal_bsp.a(alt_find_file.o)
 .debug_info    0x00000000000068aa      0x310 ../cs303lab2_bsp/\libhal_bsp.a(alt_get_fd.o)
 .debug_info    0x0000000000006bba       0xdc ../cs303lab2_bsp/\libhal_bsp.a(alt_icache_flush.o)
 .debug_info    0x0000000000006c96      0x1e7 ../cs303lab2_bsp/\libhal_bsp.a(alt_instruction_exception_entry.o)
 .debug_info    0x0000000000006e7d       0xfe c:/intelfpga/18.1/nios2eds/bin/gnu/h-x86_64-mingw32/bin/../lib/gcc/nios2-elf/5.3.0/../../../../../H-x86_64-mingw32/nios2-elf/lib\libc.a(lib_a-atexit.o)
 .debug_info    0x0000000000006f7b       0x96 c:/intelfpga/18.1/nios2eds/bin/gnu/h-x86_64-mingw32/bin/../lib/gcc/nios2-elf/5.3.0/../../../../../H-x86_64-mingw32/nios2-elf/lib\libc.a(lib_a-ctype_.o)
 .debug_info    0x0000000000007011      0x8e4 c:/intelfpga/18.1/nios2eds/bin/gnu/h-x86_64-mingw32/bin/../lib/gcc/nios2-elf/5.3.0/../../../../../H-x86_64-mingw32/nios2-elf/lib\libc.a(lib_a-exit.o)
 .debug_info    0x00000000000078f5      0x8a1 c:/intelfpga/18.1/nios2eds/bin/gnu/h-x86_64-mingw32/bin/../lib/gcc/nios2-elf/5.3.0/../../../../../H-x86_64-mingw32/nios2-elf/lib\libc.a(lib_a-impure.o)
 .debug_info    0x0000000000008196       0x8a c:/intelfpga/18.1/nios2eds/bin/gnu/h-x86_64-mingw32/bin/../lib/gcc/nios2-elf/5.3.0/../../../../../H-x86_64-mingw32/nios2-elf/lib\libc.a(lib_a-int_errno.o)
 .debug_info    0x0000000000008220      0x11a c:/intelfpga/18.1/nios2eds/bin/gnu/h-x86_64-mingw32/bin/../lib/gcc/nios2-elf/5.3.0/../../../../../H-x86_64-mingw32/nios2-elf/lib\libc.a(lib_a-memcmp.o)
 .debug_info    0x000000000000833a      0x144 c:/intelfpga/18.1/nios2eds/bin/gnu/h-x86_64-mingw32/bin/../lib/gcc/nios2-elf/5.3.0/../../../../../H-x86_64-mingw32/nios2-elf/lib\libc.a(lib_a-memcpy.o)
 .debug_info    0x000000000000847e      0x121 c:/intelfpga/18.1/nios2eds/bin/gnu/h-x86_64-mingw32/bin/../lib/gcc/nios2-elf/5.3.0/../../../../../H-x86_64-mingw32/nios2-elf/lib\libc.a(lib_a-memset.o)
 .debug_info    0x000000000000859f       0xe2 c:/intelfpga/18.1/nios2eds/bin/gnu/h-x86_64-mingw32/bin/../lib/gcc/nios2-elf/5.3.0/../../../../../H-x86_64-mingw32/nios2-elf/lib\libc.a(lib_a-strlen.o)
 .debug_info    0x0000000000008681      0x934 c:/intelfpga/18.1/nios2eds/bin/gnu/h-x86_64-mingw32/bin/../lib/gcc/nios2-elf/5.3.0/../../../../../H-x86_64-mingw32/nios2-elf/lib\libc.a(lib_a-__atexit.o)
 .debug_info    0x0000000000008fb5      0x965 c:/intelfpga/18.1/nios2eds/bin/gnu/h-x86_64-mingw32/bin/../lib/gcc/nios2-elf/5.3.0/../../../../../H-x86_64-mingw32/nios2-elf/lib\libc.a(lib_a-__call_atexit.o)
 .debug_info    0x000000000000991a      0x2c6 c:/intelfpga/18.1/nios2eds/bin/gnu/h-x86_64-mingw32/bin/../lib/gcc/nios2-elf/5.3.0\libgcc.a(lib2-divmod.o)
 .debug_info    0x0000000000009be0       0xec ../cs303lab2_bsp/\libhal_bsp.a(alt_exit.o)

.debug_abbrev   0x0000000000000000     0x3753
 *(.debug_abbrev)
 .debug_abbrev  0x0000000000000000       0x12 ../cs303lab2_bsp//obj/HAL/src/crt0.o
 .debug_abbrev  0x0000000000000012       0xa1 obj/default/cs303lab2.o
 .debug_abbrev  0x00000000000000b3       0xa3 obj/default/hello_world.o
 .debug_abbrev  0x0000000000000156       0x9f ../cs303lab2_bsp/\libhal_bsp.a(alt_load.o)
 .debug_abbrev  0x00000000000001f5       0xba ../cs303lab2_bsp/\libhal_bsp.a(alt_main.o)
 .debug_abbrev  0x00000000000002af      0x19f ../cs303lab2_bsp/\libhal_bsp.a(alt_sys_init.o)
 .debug_abbrev  0x000000000000044e      0x127 ../cs303lab2_bsp/\libhal_bsp.a(altera_avalon_jtag_uart_fd.o)
 .debug_abbrev  0x0000000000000575      0x19e ../cs303lab2_bsp/\libhal_bsp.a(altera_avalon_jtag_uart_init.o)
 .debug_abbrev  0x0000000000000713      0x111 ../cs303lab2_bsp/\libhal_bsp.a(altera_avalon_jtag_uart_ioctl.o)
 .debug_abbrev  0x0000000000000824      0x1aa ../cs303lab2_bsp/\libhal_bsp.a(altera_avalon_jtag_uart_read.o)
 .debug_abbrev  0x00000000000009ce      0x1a8 ../cs303lab2_bsp/\libhal_bsp.a(altera_avalon_jtag_uart_write.o)
 .debug_abbrev  0x0000000000000b76      0x20f ../cs303lab2_bsp/\libhal_bsp.a(altera_avalon_lcd_16207.o)
 .debug_abbrev  0x0000000000000d85      0x125 ../cs303lab2_bsp/\libhal_bsp.a(altera_avalon_lcd_16207_fd.o)
 .debug_abbrev  0x0000000000000eaa      0x155 ../cs303lab2_bsp/\libhal_bsp.a(altera_avalon_timer_sc.o)
 .debug_abbrev  0x0000000000000fff      0x109 ../cs303lab2_bsp/\libhal_bsp.a(altera_avalon_uart_fd.o)
 .debug_abbrev  0x0000000000001108      0x178 ../cs303lab2_bsp/\libhal_bsp.a(altera_avalon_uart_init.o)
 .debug_abbrev  0x0000000000001280      0x183 ../cs303lab2_bsp/\libhal_bsp.a(altera_avalon_uart_read.o)
 .debug_abbrev  0x0000000000001403      0x18a ../cs303lab2_bsp/\libhal_bsp.a(altera_avalon_uart_write.o)
 .debug_abbrev  0x000000000000158d      0x162 ../cs303lab2_bsp/\libhal_bsp.a(alt_alarm_start.o)
 .debug_abbrev  0x00000000000016ef      0x11f ../cs303lab2_bsp/\libhal_bsp.a(alt_close.o)
 .debug_abbrev  0x000000000000180e       0x5a ../cs303lab2_bsp/\libhal_bsp.a(alt_dcache_flush_all.o)
 .debug_abbrev  0x0000000000001868       0xd9 ../cs303lab2_bsp/\libhal_bsp.a(alt_dev.o)
 .debug_abbrev  0x0000000000001941      0x114 ../cs303lab2_bsp/\libhal_bsp.a(alt_dev_llist_insert.o)
 .debug_abbrev  0x0000000000001a55       0x79 ../cs303lab2_bsp/\libhal_bsp.a(alt_do_ctors.o)
 .debug_abbrev  0x0000000000001ace       0x79 ../cs303lab2_bsp/\libhal_bsp.a(alt_do_dtors.o)
 .debug_abbrev  0x0000000000001b47       0x5a ../cs303lab2_bsp/\libhal_bsp.a(alt_errno.o)
 .debug_abbrev  0x0000000000001ba1       0x42 ../cs303lab2_bsp/\libhal_bsp.a(alt_icache_flush_all.o)
 .debug_abbrev  0x0000000000001be3      0x163 ../cs303lab2_bsp/\libhal_bsp.a(alt_iic.o)
 .debug_abbrev  0x0000000000001d46      0x169 ../cs303lab2_bsp/\libhal_bsp.a(alt_iic_isr_register.o)
 .debug_abbrev  0x0000000000001eaf      0x114 ../cs303lab2_bsp/\libhal_bsp.a(alt_io_redirect.o)
 .debug_abbrev  0x0000000000001fc3       0x12 ../cs303lab2_bsp/\libhal_bsp.a(alt_irq_entry.o)
 .debug_abbrev  0x0000000000001fd5      0x122 ../cs303lab2_bsp/\libhal_bsp.a(alt_irq_handler.o)
 .debug_abbrev  0x00000000000020f7       0x40 ../cs303lab2_bsp/\libhal_bsp.a(alt_irq_vars.o)
 .debug_abbrev  0x0000000000002137      0x148 ../cs303lab2_bsp/\libhal_bsp.a(alt_open.o)
 .debug_abbrev  0x000000000000227f       0xde ../cs303lab2_bsp/\libhal_bsp.a(alt_release_fd.o)
 .debug_abbrev  0x000000000000235d      0x15a ../cs303lab2_bsp/\libhal_bsp.a(alt_tick.o)
 .debug_abbrev  0x00000000000024b7       0x60 ../cs303lab2_bsp/\libhal_bsp.a(alt_usleep.o)
 .debug_abbrev  0x0000000000002517       0x42 ../cs303lab2_bsp/\libhal_bsp.a(altera_nios2_gen2_irq.o)
 .debug_abbrev  0x0000000000002559       0x7e ../cs303lab2_bsp/\libhal_bsp.a(alt_busy_sleep.o)
 .debug_abbrev  0x00000000000025d7       0x12 ../cs303lab2_bsp/\libhal_bsp.a(alt_exception_entry.o)
 .debug_abbrev  0x00000000000025e9       0xf0 ../cs303lab2_bsp/\libhal_bsp.a(alt_find_dev.o)
 .debug_abbrev  0x00000000000026d9       0xf0 ../cs303lab2_bsp/\libhal_bsp.a(alt_find_file.o)
 .debug_abbrev  0x00000000000027c9      0x10d ../cs303lab2_bsp/\libhal_bsp.a(alt_get_fd.o)
 .debug_abbrev  0x00000000000028d6       0x8c ../cs303lab2_bsp/\libhal_bsp.a(alt_icache_flush.o)
 .debug_abbrev  0x0000000000002962       0xdc ../cs303lab2_bsp/\libhal_bsp.a(alt_instruction_exception_entry.o)
 .debug_abbrev  0x0000000000002a3e       0xaa c:/intelfpga/18.1/nios2eds/bin/gnu/h-x86_64-mingw32/bin/../lib/gcc/nios2-elf/5.3.0/../../../../../H-x86_64-mingw32/nios2-elf/lib\libc.a(lib_a-atexit.o)
 .debug_abbrev  0x0000000000002ae8       0x5d c:/intelfpga/18.1/nios2eds/bin/gnu/h-x86_64-mingw32/bin/../lib/gcc/nios2-elf/5.3.0/../../../../../H-x86_64-mingw32/nios2-elf/lib\libc.a(lib_a-ctype_.o)
 .debug_abbrev  0x0000000000002b45      0x1e5 c:/intelfpga/18.1/nios2eds/bin/gnu/h-x86_64-mingw32/bin/../lib/gcc/nios2-elf/5.3.0/../../../../../H-x86_64-mingw32/nios2-elf/lib\libc.a(lib_a-exit.o)
 .debug_abbrev  0x0000000000002d2a      0x18f c:/intelfpga/18.1/nios2eds/bin/gnu/h-x86_64-mingw32/bin/../lib/gcc/nios2-elf/5.3.0/../../../../../H-x86_64-mingw32/nios2-elf/lib\libc.a(lib_a-impure.o)
 .debug_abbrev  0x0000000000002eb9       0x37 c:/intelfpga/18.1/nios2eds/bin/gnu/h-x86_64-mingw32/bin/../lib/gcc/nios2-elf/5.3.0/../../../../../H-x86_64-mingw32/nios2-elf/lib\libc.a(lib_a-int_errno.o)
 .debug_abbrev  0x0000000000002ef0       0x7f c:/intelfpga/18.1/nios2eds/bin/gnu/h-x86_64-mingw32/bin/../lib/gcc/nios2-elf/5.3.0/../../../../../H-x86_64-mingw32/nios2-elf/lib\libc.a(lib_a-memcmp.o)
 .debug_abbrev  0x0000000000002f6f       0xa3 c:/intelfpga/18.1/nios2eds/bin/gnu/h-x86_64-mingw32/bin/../lib/gcc/nios2-elf/5.3.0/../../../../../H-x86_64-mingw32/nios2-elf/lib\libc.a(lib_a-memcpy.o)
 .debug_abbrev  0x0000000000003012       0xae c:/intelfpga/18.1/nios2eds/bin/gnu/h-x86_64-mingw32/bin/../lib/gcc/nios2-elf/5.3.0/../../../../../H-x86_64-mingw32/nios2-elf/lib\libc.a(lib_a-memset.o)
 .debug_abbrev  0x00000000000030c0       0x90 c:/intelfpga/18.1/nios2eds/bin/gnu/h-x86_64-mingw32/bin/../lib/gcc/nios2-elf/5.3.0/../../../../../H-x86_64-mingw32/nios2-elf/lib\libc.a(lib_a-strlen.o)
 .debug_abbrev  0x0000000000003150      0x21e c:/intelfpga/18.1/nios2eds/bin/gnu/h-x86_64-mingw32/bin/../lib/gcc/nios2-elf/5.3.0/../../../../../H-x86_64-mingw32/nios2-elf/lib\libc.a(lib_a-__atexit.o)
 .debug_abbrev  0x000000000000336e      0x22e c:/intelfpga/18.1/nios2eds/bin/gnu/h-x86_64-mingw32/bin/../lib/gcc/nios2-elf/5.3.0/../../../../../H-x86_64-mingw32/nios2-elf/lib\libc.a(lib_a-__call_atexit.o)
 .debug_abbrev  0x000000000000359c      0x10e c:/intelfpga/18.1/nios2eds/bin/gnu/h-x86_64-mingw32/bin/../lib/gcc/nios2-elf/5.3.0\libgcc.a(lib2-divmod.o)
 .debug_abbrev  0x00000000000036aa       0xa9 ../cs303lab2_bsp/\libhal_bsp.a(alt_exit.o)

.debug_line     0x0000000000000000     0x3bf7
 *(.debug_line)
 .debug_line    0x0000000000000000       0x72 ../cs303lab2_bsp//obj/HAL/src/crt0.o
 .debug_line    0x0000000000000072      0x275 obj/default/cs303lab2.o
 .debug_line    0x00000000000002e7       0xa7 obj/default/hello_world.o
 .debug_line    0x000000000000038e       0x8e ../cs303lab2_bsp/\libhal_bsp.a(alt_load.o)
 .debug_line    0x000000000000041c       0xa4 ../cs303lab2_bsp/\libhal_bsp.a(alt_main.o)
 .debug_line    0x00000000000004c0      0x1c5 ../cs303lab2_bsp/\libhal_bsp.a(alt_sys_init.o)
 .debug_line    0x0000000000000685      0x12f ../cs303lab2_bsp/\libhal_bsp.a(altera_avalon_jtag_uart_fd.o)
 .debug_line    0x00000000000007b4      0x18b ../cs303lab2_bsp/\libhal_bsp.a(altera_avalon_jtag_uart_init.o)
 .debug_line    0x000000000000093f      0x131 ../cs303lab2_bsp/\libhal_bsp.a(altera_avalon_jtag_uart_ioctl.o)
 .debug_line    0x0000000000000a70      0x171 ../cs303lab2_bsp/\libhal_bsp.a(altera_avalon_jtag_uart_read.o)
 .debug_line    0x0000000000000be1      0x170 ../cs303lab2_bsp/\libhal_bsp.a(altera_avalon_jtag_uart_write.o)
 .debug_line    0x0000000000000d51      0x33e ../cs303lab2_bsp/\libhal_bsp.a(altera_avalon_lcd_16207.o)
 .debug_line    0x000000000000108f      0x119 ../cs303lab2_bsp/\libhal_bsp.a(altera_avalon_lcd_16207_fd.o)
 .debug_line    0x00000000000011a8       0xfd ../cs303lab2_bsp/\libhal_bsp.a(altera_avalon_timer_sc.o)
 .debug_line    0x00000000000012a5       0xee ../cs303lab2_bsp/\libhal_bsp.a(altera_avalon_uart_fd.o)
 .debug_line    0x0000000000001393      0x18f ../cs303lab2_bsp/\libhal_bsp.a(altera_avalon_uart_init.o)
 .debug_line    0x0000000000001522      0x17e ../cs303lab2_bsp/\libhal_bsp.a(altera_avalon_uart_read.o)
 .debug_line    0x00000000000016a0      0x165 ../cs303lab2_bsp/\libhal_bsp.a(altera_avalon_uart_write.o)
 .debug_line    0x0000000000001805       0xf9 ../cs303lab2_bsp/\libhal_bsp.a(alt_alarm_start.o)
 .debug_line    0x00000000000018fe      0x160 ../cs303lab2_bsp/\libhal_bsp.a(alt_close.o)
 .debug_line    0x0000000000001a5e       0x61 ../cs303lab2_bsp/\libhal_bsp.a(alt_dcache_flush_all.o)
 .debug_line    0x0000000000001abf       0xf3 ../cs303lab2_bsp/\libhal_bsp.a(alt_dev.o)
 .debug_line    0x0000000000001bb2       0xcf ../cs303lab2_bsp/\libhal_bsp.a(alt_dev_llist_insert.o)
 .debug_line    0x0000000000001c81       0x59 ../cs303lab2_bsp/\libhal_bsp.a(alt_do_ctors.o)
 .debug_line    0x0000000000001cda       0x59 ../cs303lab2_bsp/\libhal_bsp.a(alt_do_dtors.o)
 .debug_line    0x0000000000001d33       0x51 ../cs303lab2_bsp/\libhal_bsp.a(alt_errno.o)
 .debug_line    0x0000000000001d84       0x50 ../cs303lab2_bsp/\libhal_bsp.a(alt_icache_flush_all.o)
 .debug_line    0x0000000000001dd4       0xeb ../cs303lab2_bsp/\libhal_bsp.a(alt_iic.o)
 .debug_line    0x0000000000001ebf       0xdb ../cs303lab2_bsp/\libhal_bsp.a(alt_iic_isr_register.o)
 .debug_line    0x0000000000001f9a      0x12e ../cs303lab2_bsp/\libhal_bsp.a(alt_io_redirect.o)
 .debug_line    0x00000000000020c8       0x6b ../cs303lab2_bsp/\libhal_bsp.a(alt_irq_entry.o)
 .debug_line    0x0000000000002133       0xaa ../cs303lab2_bsp/\libhal_bsp.a(alt_irq_handler.o)
 .debug_line    0x00000000000021dd       0x50 ../cs303lab2_bsp/\libhal_bsp.a(alt_irq_vars.o)
 .debug_line    0x000000000000222d      0x128 ../cs303lab2_bsp/\libhal_bsp.a(alt_open.o)
 .debug_line    0x0000000000002355       0xae ../cs303lab2_bsp/\libhal_bsp.a(alt_release_fd.o)
 .debug_line    0x0000000000002403       0xff ../cs303lab2_bsp/\libhal_bsp.a(alt_tick.o)
 .debug_line    0x0000000000002502       0xa8 ../cs303lab2_bsp/\libhal_bsp.a(alt_usleep.o)
 .debug_line    0x00000000000025aa       0x51 ../cs303lab2_bsp/\libhal_bsp.a(altera_nios2_gen2_irq.o)
 .debug_line    0x00000000000025fb       0xa0 ../cs303lab2_bsp/\libhal_bsp.a(alt_busy_sleep.o)
 .debug_line    0x000000000000269b       0xb3 ../cs303lab2_bsp/\libhal_bsp.a(alt_exception_entry.o)
 .debug_line    0x000000000000274e       0xb5 ../cs303lab2_bsp/\libhal_bsp.a(alt_find_dev.o)
 .debug_line    0x0000000000002803       0xd1 ../cs303lab2_bsp/\libhal_bsp.a(alt_find_file.o)
 .debug_line    0x00000000000028d4       0xd4 ../cs303lab2_bsp/\libhal_bsp.a(alt_get_fd.o)
 .debug_line    0x00000000000029a8       0x81 ../cs303lab2_bsp/\libhal_bsp.a(alt_icache_flush.o)
 .debug_line    0x0000000000002a29       0xba ../cs303lab2_bsp/\libhal_bsp.a(alt_instruction_exception_entry.o)
 .debug_line    0x0000000000002ae3       0xe4 c:/intelfpga/18.1/nios2eds/bin/gnu/h-x86_64-mingw32/bin/../lib/gcc/nios2-elf/5.3.0/../../../../../H-x86_64-mingw32/nios2-elf/lib\libc.a(lib_a-atexit.o)
 .debug_line    0x0000000000002bc7       0xc4 c:/intelfpga/18.1/nios2eds/bin/gnu/h-x86_64-mingw32/bin/../lib/gcc/nios2-elf/5.3.0/../../../../../H-x86_64-mingw32/nios2-elf/lib\libc.a(lib_a-ctype_.o)
 .debug_line    0x0000000000002c8b      0x1f9 c:/intelfpga/18.1/nios2eds/bin/gnu/h-x86_64-mingw32/bin/../lib/gcc/nios2-elf/5.3.0/../../../../../H-x86_64-mingw32/nios2-elf/lib\libc.a(lib_a-exit.o)
 .debug_line    0x0000000000002e84      0x15d c:/intelfpga/18.1/nios2eds/bin/gnu/h-x86_64-mingw32/bin/../lib/gcc/nios2-elf/5.3.0/../../../../../H-x86_64-mingw32/nios2-elf/lib\libc.a(lib_a-impure.o)
 .debug_line    0x0000000000002fe1       0x5c c:/intelfpga/18.1/nios2eds/bin/gnu/h-x86_64-mingw32/bin/../lib/gcc/nios2-elf/5.3.0/../../../../../H-x86_64-mingw32/nios2-elf/lib\libc.a(lib_a-int_errno.o)
 .debug_line    0x000000000000303d      0x173 c:/intelfpga/18.1/nios2eds/bin/gnu/h-x86_64-mingw32/bin/../lib/gcc/nios2-elf/5.3.0/../../../../../H-x86_64-mingw32/nios2-elf/lib\libc.a(lib_a-memcmp.o)
 .debug_line    0x00000000000031b0      0x189 c:/intelfpga/18.1/nios2eds/bin/gnu/h-x86_64-mingw32/bin/../lib/gcc/nios2-elf/5.3.0/../../../../../H-x86_64-mingw32/nios2-elf/lib\libc.a(lib_a-memcpy.o)
 .debug_line    0x0000000000003339      0x18c c:/intelfpga/18.1/nios2eds/bin/gnu/h-x86_64-mingw32/bin/../lib/gcc/nios2-elf/5.3.0/../../../../../H-x86_64-mingw32/nios2-elf/lib\libc.a(lib_a-memset.o)
 .debug_line    0x00000000000034c5      0x16c c:/intelfpga/18.1/nios2eds/bin/gnu/h-x86_64-mingw32/bin/../lib/gcc/nios2-elf/5.3.0/../../../../../H-x86_64-mingw32/nios2-elf/lib\libc.a(lib_a-strlen.o)
 .debug_line    0x0000000000003631      0x21c c:/intelfpga/18.1/nios2eds/bin/gnu/h-x86_64-mingw32/bin/../lib/gcc/nios2-elf/5.3.0/../../../../../H-x86_64-mingw32/nios2-elf/lib\libc.a(lib_a-__atexit.o)
 .debug_line    0x000000000000384d      0x237 c:/intelfpga/18.1/nios2eds/bin/gnu/h-x86_64-mingw32/bin/../lib/gcc/nios2-elf/5.3.0/../../../../../H-x86_64-mingw32/nios2-elf/lib\libc.a(lib_a-__call_atexit.o)
 .debug_line    0x0000000000003a84      0x102 c:/intelfpga/18.1/nios2eds/bin/gnu/h-x86_64-mingw32/bin/../lib/gcc/nios2-elf/5.3.0\libgcc.a(lib2-divmod.o)
 .debug_line    0x0000000000003b86       0x71 ../cs303lab2_bsp/\libhal_bsp.a(alt_exit.o)

.debug_frame    0x0000000000000000     0x1024
 *(.debug_frame)
 .debug_frame   0x0000000000000000       0x80 obj/default/cs303lab2.o
 .debug_frame   0x0000000000000080       0x2c obj/default/hello_world.o
 .debug_frame   0x00000000000000ac       0x5c ../cs303lab2_bsp/\libhal_bsp.a(alt_load.o)
 .debug_frame   0x0000000000000108       0x2c ../cs303lab2_bsp/\libhal_bsp.a(alt_main.o)
 .debug_frame   0x0000000000000134       0x88 ../cs303lab2_bsp/\libhal_bsp.a(alt_sys_init.o)
 .debug_frame   0x00000000000001bc       0xb0 ../cs303lab2_bsp/\libhal_bsp.a(altera_avalon_jtag_uart_fd.o)
 .debug_frame   0x000000000000026c       0xa4 ../cs303lab2_bsp/\libhal_bsp.a(altera_avalon_jtag_uart_init.o)
 .debug_frame   0x0000000000000310       0x34 ../cs303lab2_bsp/\libhal_bsp.a(altera_avalon_jtag_uart_ioctl.o)
 .debug_frame   0x0000000000000344       0x38 ../cs303lab2_bsp/\libhal_bsp.a(altera_avalon_jtag_uart_read.o)
 .debug_frame   0x000000000000037c       0x38 ../cs303lab2_bsp/\libhal_bsp.a(altera_avalon_jtag_uart_write.o)
 .debug_frame   0x00000000000003b4      0x178 ../cs303lab2_bsp/\libhal_bsp.a(altera_avalon_lcd_16207.o)
 .debug_frame   0x000000000000052c       0x38 ../cs303lab2_bsp/\libhal_bsp.a(altera_avalon_lcd_16207_fd.o)
 .debug_frame   0x0000000000000564       0x60 ../cs303lab2_bsp/\libhal_bsp.a(altera_avalon_timer_sc.o)
 .debug_frame   0x00000000000005c4       0x88 ../cs303lab2_bsp/\libhal_bsp.a(altera_avalon_uart_fd.o)
 .debug_frame   0x000000000000064c       0xcc ../cs303lab2_bsp/\libhal_bsp.a(altera_avalon_uart_init.o)
 .debug_frame   0x0000000000000718       0x60 ../cs303lab2_bsp/\libhal_bsp.a(altera_avalon_uart_read.o)
 .debug_frame   0x0000000000000778       0x60 ../cs303lab2_bsp/\libhal_bsp.a(altera_avalon_uart_write.o)
 .debug_frame   0x00000000000007d8       0x34 ../cs303lab2_bsp/\libhal_bsp.a(alt_alarm_start.o)
 .debug_frame   0x000000000000080c       0x60 ../cs303lab2_bsp/\libhal_bsp.a(alt_close.o)
 .debug_frame   0x000000000000086c       0x34 ../cs303lab2_bsp/\libhal_bsp.a(alt_dcache_flush_all.o)
 .debug_frame   0x00000000000008a0       0x34 ../cs303lab2_bsp/\libhal_bsp.a(alt_dev.o)
 .debug_frame   0x00000000000008d4       0x60 ../cs303lab2_bsp/\libhal_bsp.a(alt_dev_llist_insert.o)
 .debug_frame   0x0000000000000934       0x38 ../cs303lab2_bsp/\libhal_bsp.a(alt_do_ctors.o)
 .debug_frame   0x000000000000096c       0x38 ../cs303lab2_bsp/\libhal_bsp.a(alt_do_dtors.o)
 .debug_frame   0x00000000000009a4       0x38 ../cs303lab2_bsp/\libhal_bsp.a(alt_icache_flush_all.o)
 .debug_frame   0x00000000000009dc       0xa4 ../cs303lab2_bsp/\libhal_bsp.a(alt_iic.o)
 .debug_frame   0x0000000000000a80       0x38 ../cs303lab2_bsp/\libhal_bsp.a(alt_iic_isr_register.o)
 .debug_frame   0x0000000000000ab8       0x60 ../cs303lab2_bsp/\libhal_bsp.a(alt_io_redirect.o)
 .debug_frame   0x0000000000000b18       0x38 ../cs303lab2_bsp/\libhal_bsp.a(alt_irq_handler.o)
 .debug_frame   0x0000000000000b50       0x84 ../cs303lab2_bsp/\libhal_bsp.a(alt_open.o)
 .debug_frame   0x0000000000000bd4       0x34 ../cs303lab2_bsp/\libhal_bsp.a(alt_release_fd.o)
 .debug_frame   0x0000000000000c08       0x5c ../cs303lab2_bsp/\libhal_bsp.a(alt_tick.o)
 .debug_frame   0x0000000000000c64       0x38 ../cs303lab2_bsp/\libhal_bsp.a(alt_usleep.o)
 .debug_frame   0x0000000000000c9c       0x34 ../cs303lab2_bsp/\libhal_bsp.a(altera_nios2_gen2_irq.o)
 .debug_frame   0x0000000000000cd0       0x38 ../cs303lab2_bsp/\libhal_bsp.a(alt_busy_sleep.o)
 .debug_frame   0x0000000000000d08       0x38 ../cs303lab2_bsp/\libhal_bsp.a(alt_find_dev.o)
 .debug_frame   0x0000000000000d40       0x38 ../cs303lab2_bsp/\libhal_bsp.a(alt_find_file.o)
 .debug_frame   0x0000000000000d78       0x34 ../cs303lab2_bsp/\libhal_bsp.a(alt_get_fd.o)
 .debug_frame   0x0000000000000dac       0x34 ../cs303lab2_bsp/\libhal_bsp.a(alt_icache_flush.o)
 .debug_frame   0x0000000000000de0       0x5c ../cs303lab2_bsp/\libhal_bsp.a(alt_instruction_exception_entry.o)
 .debug_frame   0x0000000000000e3c       0x20 c:/intelfpga/18.1/nios2eds/bin/gnu/h-x86_64-mingw32/bin/../lib/gcc/nios2-elf/5.3.0/../../../../../H-x86_64-mingw32/nios2-elf/lib\libc.a(lib_a-atexit.o)
 .debug_frame   0x0000000000000e5c       0x28 c:/intelfpga/18.1/nios2eds/bin/gnu/h-x86_64-mingw32/bin/../lib/gcc/nios2-elf/5.3.0/../../../../../H-x86_64-mingw32/nios2-elf/lib\libc.a(lib_a-exit.o)
 .debug_frame   0x0000000000000e84       0x20 c:/intelfpga/18.1/nios2eds/bin/gnu/h-x86_64-mingw32/bin/../lib/gcc/nios2-elf/5.3.0/../../../../../H-x86_64-mingw32/nios2-elf/lib\libc.a(lib_a-memcmp.o)
 .debug_frame   0x0000000000000ea4       0x38 c:/intelfpga/18.1/nios2eds/bin/gnu/h-x86_64-mingw32/bin/../lib/gcc/nios2-elf/5.3.0/../../../../../H-x86_64-mingw32/nios2-elf/lib\libc.a(lib_a-memcpy.o)
 .debug_frame   0x0000000000000edc       0x20 c:/intelfpga/18.1/nios2eds/bin/gnu/h-x86_64-mingw32/bin/../lib/gcc/nios2-elf/5.3.0/../../../../../H-x86_64-mingw32/nios2-elf/lib\libc.a(lib_a-memset.o)
 .debug_frame   0x0000000000000efc       0x20 c:/intelfpga/18.1/nios2eds/bin/gnu/h-x86_64-mingw32/bin/../lib/gcc/nios2-elf/5.3.0/../../../../../H-x86_64-mingw32/nios2-elf/lib\libc.a(lib_a-strlen.o)
 .debug_frame   0x0000000000000f1c       0x38 c:/intelfpga/18.1/nios2eds/bin/gnu/h-x86_64-mingw32/bin/../lib/gcc/nios2-elf/5.3.0/../../../../../H-x86_64-mingw32/nios2-elf/lib\libc.a(lib_a-__atexit.o)
 .debug_frame   0x0000000000000f54       0x54 c:/intelfpga/18.1/nios2eds/bin/gnu/h-x86_64-mingw32/bin/../lib/gcc/nios2-elf/5.3.0/../../../../../H-x86_64-mingw32/nios2-elf/lib\libc.a(lib_a-__call_atexit.o)
 .debug_frame   0x0000000000000fa8       0x50 c:/intelfpga/18.1/nios2eds/bin/gnu/h-x86_64-mingw32/bin/../lib/gcc/nios2-elf/5.3.0\libgcc.a(lib2-divmod.o)
 .debug_frame   0x0000000000000ff8       0x2c ../cs303lab2_bsp/\libhal_bsp.a(alt_exit.o)

.debug_str      0x0000000000000000     0x235e
 *(.debug_str)
 .debug_str     0x0000000000000000      0x121 obj/default/cs303lab2.o
                                        0x12b (size before relaxing)
 .debug_str     0x0000000000000121       0x8d obj/default/hello_world.o
                                        0x1d9 (size before relaxing)
 .debug_str     0x00000000000001ae      0x12b ../cs303lab2_bsp/\libhal_bsp.a(alt_load.o)
                                        0x20f (size before relaxing)
 .debug_str     0x00000000000002d9       0x70 ../cs303lab2_bsp/\libhal_bsp.a(alt_main.o)
                                        0x19a (size before relaxing)
 .debug_str     0x0000000000000349      0x314 ../cs303lab2_bsp/\libhal_bsp.a(alt_sys_init.o)
                                        0x4f6 (size before relaxing)
 .debug_str     0x000000000000065d       0xb9 ../cs303lab2_bsp/\libhal_bsp.a(altera_avalon_jtag_uart_fd.o)
                                        0x3a1 (size before relaxing)
 .debug_str     0x0000000000000716       0xd1 ../cs303lab2_bsp/\libhal_bsp.a(altera_avalon_jtag_uart_init.o)
                                        0x335 (size before relaxing)
 .debug_str     0x00000000000007e7       0x4a ../cs303lab2_bsp/\libhal_bsp.a(altera_avalon_jtag_uart_ioctl.o)
                                        0x290 (size before relaxing)
 .debug_str     0x0000000000000831       0x7f ../cs303lab2_bsp/\libhal_bsp.a(altera_avalon_jtag_uart_read.o)
                                        0x2e5 (size before relaxing)
 .debug_str     0x00000000000008b0       0x4a ../cs303lab2_bsp/\libhal_bsp.a(altera_avalon_jtag_uart_write.o)
                                        0x2e6 (size before relaxing)
 .debug_str     0x00000000000008fa      0x1f9 ../cs303lab2_bsp/\libhal_bsp.a(altera_avalon_lcd_16207.o)
                                        0x48c (size before relaxing)
 .debug_str     0x0000000000000af3       0x4a ../cs303lab2_bsp/\libhal_bsp.a(altera_avalon_lcd_16207_fd.o)
                                        0x355 (size before relaxing)
 .debug_str     0x0000000000000b3d       0x6d ../cs303lab2_bsp/\libhal_bsp.a(altera_avalon_timer_sc.o)
                                        0x248 (size before relaxing)
 .debug_str     0x0000000000000baa       0x77 ../cs303lab2_bsp/\libhal_bsp.a(altera_avalon_uart_fd.o)
                                        0x2f2 (size before relaxing)
 .debug_str     0x0000000000000c21       0xb1 ../cs303lab2_bsp/\libhal_bsp.a(altera_avalon_uart_init.o)
                                        0x2b4 (size before relaxing)
 .debug_str     0x0000000000000cd2       0x5d ../cs303lab2_bsp/\libhal_bsp.a(altera_avalon_uart_read.o)
                                        0x295 (size before relaxing)
 .debug_str     0x0000000000000d2f       0x49 ../cs303lab2_bsp/\libhal_bsp.a(altera_avalon_uart_write.o)
                                        0x289 (size before relaxing)
 .debug_str     0x0000000000000d78       0x59 ../cs303lab2_bsp/\libhal_bsp.a(alt_alarm_start.o)
                                        0x27b (size before relaxing)
 .debug_str     0x0000000000000dd1       0x2c ../cs303lab2_bsp/\libhal_bsp.a(alt_close.o)
                                        0x208 (size before relaxing)
 .debug_str     0x0000000000000dfd       0x34 ../cs303lab2_bsp/\libhal_bsp.a(alt_dcache_flush_all.o)
                                        0x152 (size before relaxing)
 .debug_str     0x0000000000000e31      0x120 ../cs303lab2_bsp/\libhal_bsp.a(alt_dev.o)
                                        0x302 (size before relaxing)
 .debug_str     0x0000000000000f51       0x34 ../cs303lab2_bsp/\libhal_bsp.a(alt_dev_llist_insert.o)
                                        0x1c9 (size before relaxing)
 .debug_str     0x0000000000000f85       0x48 ../cs303lab2_bsp/\libhal_bsp.a(alt_do_ctors.o)
                                         0xcd (size before relaxing)
 .debug_str     0x0000000000000fcd       0x4c ../cs303lab2_bsp/\libhal_bsp.a(alt_do_dtors.o)
                                         0xcc (size before relaxing)
 .debug_str     0x0000000000001019       0x14 ../cs303lab2_bsp/\libhal_bsp.a(alt_errno.o)
                                        0x142 (size before relaxing)
 .debug_str     0x000000000000102d       0x34 ../cs303lab2_bsp/\libhal_bsp.a(alt_icache_flush_all.o)
                                        0x152 (size before relaxing)
 .debug_str     0x0000000000001061       0xbd ../cs303lab2_bsp/\libhal_bsp.a(alt_iic.o)
                                        0x23b (size before relaxing)
 .debug_str     0x000000000000111e       0x4c ../cs303lab2_bsp/\libhal_bsp.a(alt_iic_isr_register.o)
                                        0x1e5 (size before relaxing)
 .debug_str     0x000000000000116a       0x56 ../cs303lab2_bsp/\libhal_bsp.a(alt_io_redirect.o)
                                        0x313 (size before relaxing)
 .debug_str     0x00000000000011c0       0x3a ../cs303lab2_bsp/\libhal_bsp.a(alt_irq_handler.o)
                                        0x194 (size before relaxing)
 .debug_str     0x00000000000011fa       0x17 ../cs303lab2_bsp/\libhal_bsp.a(alt_irq_vars.o)
                                        0x137 (size before relaxing)
 .debug_str     0x0000000000001211       0x2f ../cs303lab2_bsp/\libhal_bsp.a(alt_open.o)
                                        0x248 (size before relaxing)
 .debug_str     0x0000000000001240       0x28 ../cs303lab2_bsp/\libhal_bsp.a(alt_release_fd.o)
                                        0x1d0 (size before relaxing)
 .debug_str     0x0000000000001268       0x4a ../cs303lab2_bsp/\libhal_bsp.a(alt_tick.o)
                                        0x24f (size before relaxing)
 .debug_str     0x00000000000012b2       0x27 ../cs303lab2_bsp/\libhal_bsp.a(alt_usleep.o)
                                        0x145 (size before relaxing)
 .debug_str     0x00000000000012d9       0x3b ../cs303lab2_bsp/\libhal_bsp.a(altera_nios2_gen2_irq.o)
                                        0x159 (size before relaxing)
 .debug_str     0x0000000000001314       0x42 ../cs303lab2_bsp/\libhal_bsp.a(alt_busy_sleep.o)
                                        0x168 (size before relaxing)
 .debug_str     0x0000000000001356       0x24 ../cs303lab2_bsp/\libhal_bsp.a(alt_find_dev.o)
                                        0x1e9 (size before relaxing)
 .debug_str     0x000000000000137a       0x26 ../cs303lab2_bsp/\libhal_bsp.a(alt_find_file.o)
                                        0x1f7 (size before relaxing)
 .debug_str     0x00000000000013a0       0x30 ../cs303lab2_bsp/\libhal_bsp.a(alt_get_fd.o)
                                        0x219 (size before relaxing)
 .debug_str     0x00000000000013d0       0x2c ../cs303lab2_bsp/\libhal_bsp.a(alt_icache_flush.o)
                                        0x158 (size before relaxing)
 .debug_str     0x00000000000013fc      0x48b ../cs303lab2_bsp/\libhal_bsp.a(alt_instruction_exception_entry.o)
                                        0x59d (size before relaxing)
 .debug_str     0x0000000000001887      0x162 c:/intelfpga/18.1/nios2eds/bin/gnu/h-x86_64-mingw32/bin/../lib/gcc/nios2-elf/5.3.0/../../../../../H-x86_64-mingw32/nios2-elf/lib\libc.a(lib_a-atexit.o)
                                        0x207 (size before relaxing)
 .debug_str     0x00000000000019e9       0xcd c:/intelfpga/18.1/nios2eds/bin/gnu/h-x86_64-mingw32/bin/../lib/gcc/nios2-elf/5.3.0/../../../../../H-x86_64-mingw32/nios2-elf/lib\libc.a(lib_a-ctype_.o)
                                        0x149 (size before relaxing)
 .debug_str     0x0000000000001ab6      0x3ac c:/intelfpga/18.1/nios2eds/bin/gnu/h-x86_64-mingw32/bin/../lib/gcc/nios2-elf/5.3.0/../../../../../H-x86_64-mingw32/nios2-elf/lib\libc.a(lib_a-exit.o)
                                        0x5a4 (size before relaxing)
 .debug_str     0x0000000000001e62       0xc8 c:/intelfpga/18.1/nios2eds/bin/gnu/h-x86_64-mingw32/bin/../lib/gcc/nios2-elf/5.3.0/../../../../../H-x86_64-mingw32/nios2-elf/lib\libc.a(lib_a-impure.o)
                                        0x59b (size before relaxing)
 .debug_str     0x0000000000001f2a       0x3c c:/intelfpga/18.1/nios2eds/bin/gnu/h-x86_64-mingw32/bin/../lib/gcc/nios2-elf/5.3.0/../../../../../H-x86_64-mingw32/nios2-elf/lib\libc.a(lib_a-int_errno.o)
                                        0x1c3 (size before relaxing)
 .debug_str     0x0000000000001f66       0xcc c:/intelfpga/18.1/nios2eds/bin/gnu/h-x86_64-mingw32/bin/../lib/gcc/nios2-elf/5.3.0/../../../../../H-x86_64-mingw32/nios2-elf/lib\libc.a(lib_a-memcmp.o)
                                        0x1ca (size before relaxing)
 .debug_str     0x0000000000002032       0x68 c:/intelfpga/18.1/nios2eds/bin/gnu/h-x86_64-mingw32/bin/../lib/gcc/nios2-elf/5.3.0/../../../../../H-x86_64-mingw32/nios2-elf/lib\libc.a(lib_a-memcpy.o)
                                        0x1f1 (size before relaxing)
 .debug_str     0x000000000000209a       0x4e c:/intelfpga/18.1/nios2eds/bin/gnu/h-x86_64-mingw32/bin/../lib/gcc/nios2-elf/5.3.0/../../../../../H-x86_64-mingw32/nios2-elf/lib\libc.a(lib_a-memset.o)
                                        0x1de (size before relaxing)
 .debug_str     0x00000000000020e8       0x41 c:/intelfpga/18.1/nios2eds/bin/gnu/h-x86_64-mingw32/bin/../lib/gcc/nios2-elf/5.3.0/../../../../../H-x86_64-mingw32/nios2-elf/lib\libc.a(lib_a-strlen.o)
                                        0x1dd (size before relaxing)
 .debug_str     0x0000000000002129       0x3c c:/intelfpga/18.1/nios2eds/bin/gnu/h-x86_64-mingw32/bin/../lib/gcc/nios2-elf/5.3.0/../../../../../H-x86_64-mingw32/nios2-elf/lib\libc.a(lib_a-__atexit.o)
                                        0x5dc (size before relaxing)
 .debug_str     0x0000000000002165       0x62 c:/intelfpga/18.1/nios2eds/bin/gnu/h-x86_64-mingw32/bin/../lib/gcc/nios2-elf/5.3.0/../../../../../H-x86_64-mingw32/nios2-elf/lib\libc.a(lib_a-__call_atexit.o)
                                        0x5c8 (size before relaxing)
 .debug_str     0x00000000000021c7      0x16d c:/intelfpga/18.1/nios2eds/bin/gnu/h-x86_64-mingw32/bin/../lib/gcc/nios2-elf/5.3.0\libgcc.a(lib2-divmod.o)
                                        0x1b8 (size before relaxing)
 .debug_str     0x0000000000002334       0x2a ../cs303lab2_bsp/\libhal_bsp.a(alt_exit.o)
                                        0x14e (size before relaxing)

.debug_loc      0x0000000000000000      0xde4
 *(.debug_loc)
 .debug_loc     0x0000000000000000       0x2c c:/intelfpga/18.1/nios2eds/bin/gnu/h-x86_64-mingw32/bin/../lib/gcc/nios2-elf/5.3.0/../../../../../H-x86_64-mingw32/nios2-elf/lib\libc.a(lib_a-atexit.o)
 .debug_loc     0x000000000000002c       0x1e c:/intelfpga/18.1/nios2eds/bin/gnu/h-x86_64-mingw32/bin/../lib/gcc/nios2-elf/5.3.0/../../../../../H-x86_64-mingw32/nios2-elf/lib\libc.a(lib_a-exit.o)
 .debug_loc     0x000000000000004a      0x126 c:/intelfpga/18.1/nios2eds/bin/gnu/h-x86_64-mingw32/bin/../lib/gcc/nios2-elf/5.3.0/../../../../../H-x86_64-mingw32/nios2-elf/lib\libc.a(lib_a-memcmp.o)
 .debug_loc     0x0000000000000170      0x266 c:/intelfpga/18.1/nios2eds/bin/gnu/h-x86_64-mingw32/bin/../lib/gcc/nios2-elf/5.3.0/../../../../../H-x86_64-mingw32/nios2-elf/lib\libc.a(lib_a-memcpy.o)
 .debug_loc     0x00000000000003d6      0x1a6 c:/intelfpga/18.1/nios2eds/bin/gnu/h-x86_64-mingw32/bin/../lib/gcc/nios2-elf/5.3.0/../../../../../H-x86_64-mingw32/nios2-elf/lib\libc.a(lib_a-memset.o)
 .debug_loc     0x000000000000057c       0x47 c:/intelfpga/18.1/nios2eds/bin/gnu/h-x86_64-mingw32/bin/../lib/gcc/nios2-elf/5.3.0/../../../../../H-x86_64-mingw32/nios2-elf/lib\libc.a(lib_a-strlen.o)
 .debug_loc     0x00000000000005c3      0x185 c:/intelfpga/18.1/nios2eds/bin/gnu/h-x86_64-mingw32/bin/../lib/gcc/nios2-elf/5.3.0/../../../../../H-x86_64-mingw32/nios2-elf/lib\libc.a(lib_a-__atexit.o)