Archive member included to satisfy reference by file (symbol)

c:/intelfpga/18.1/nios2eds/bin/gnu/h-x86_64-mingw32/bin/../lib/gcc/nios2-elf/5.3.0\libgcc.a(lib2-divmod.o)
                              obj/default/src/main.o (__udivsi3)
c:/intelfpga/18.1/nios2eds/bin/gnu/h-x86_64-mingw32/bin/../lib/gcc/nios2-elf/5.3.0\libgcc.a(adddf3.o)
                              obj/default/src/Pacemaker.o (__adddf3)
c:/intelfpga/18.1/nios2eds/bin/gnu/h-x86_64-mingw32/bin/../lib/gcc/nios2-elf/5.3.0\libgcc.a(gedf2.o)
                              obj/default/src/Pacemaker.o (__gedf2)
c:/intelfpga/18.1/nios2eds/bin/gnu/h-x86_64-mingw32/bin/../lib/gcc/nios2-elf/5.3.0\libgcc.a(ledf2.o)
                              obj/default/src/Pacemaker.o (__ltdf2)
c:/intelfpga/18.1/nios2eds/bin/gnu/h-x86_64-mingw32/bin/../lib/gcc/nios2-elf/5.3.0\libgcc.a(subdf3.o)
                              obj/default/src/Pacemaker.o (__subdf3)
c:/intelfpga/18.1/nios2eds/bin/gnu/h-x86_64-mingw32/bin/../lib/gcc/nios2-elf/5.3.0\libgcc.a(floatsidf.o)
                              obj/default/src/Pacemaker.o (__floatsidf)
c:/intelfpga/18.1/nios2eds/bin/gnu/h-x86_64-mingw32/bin/../lib/gcc/nios2-elf/5.3.0\libgcc.a(_clzsi2.o)
                              c:/intelfpga/18.1/nios2eds/bin/gnu/h-x86_64-mingw32/bin/../lib/gcc/nios2-elf/5.3.0\libgcc.a(adddf3.o) (__clzsi2)
c:/intelfpga/18.1/nios2eds/bin/gnu/h-x86_64-mingw32/bin/../lib/gcc/nios2-elf/5.3.0\libgcc.a(_clz.o)
                              c:/intelfpga/18.1/nios2eds/bin/gnu/h-x86_64-mingw32/bin/../lib/gcc/nios2-elf/5.3.0\libgcc.a(_clzsi2.o) (__clz_tab)
../Pacemaker_FPGA_bsp/\libhal_bsp.a(alt_iic.o)
                              obj/default/src/main.o (alt_ic_isr_register)
../Pacemaker_FPGA_bsp/\libhal_bsp.a(alt_iic_isr_register.o)
                              ../Pacemaker_FPGA_bsp/\libhal_bsp.a(alt_iic.o) (alt_iic_isr_register)
../Pacemaker_FPGA_bsp/\libhal_bsp.a(alt_irq_entry.o)
                              ../Pacemaker_FPGA_bsp/\libhal_bsp.a(alt_iic_isr_register.o) (alt_irq_entry)
../Pacemaker_FPGA_bsp/\libhal_bsp.a(alt_irq_handler.o)
                              ../Pacemaker_FPGA_bsp/\libhal_bsp.a(alt_iic_isr_register.o) (alt_irq)
../Pacemaker_FPGA_bsp/\libhal_bsp.a(alt_irq_vars.o)
                              ../Pacemaker_FPGA_bsp/\libhal_bsp.a(alt_iic.o) (alt_irq_active)
../Pacemaker_FPGA_bsp/\libhal_bsp.a(alt_load.o)
                              ../Pacemaker_FPGA_bsp//obj/HAL/src/crt0.o (alt_load)
../Pacemaker_FPGA_bsp/\libhal_bsp.a(alt_main.o)
                              ../Pacemaker_FPGA_bsp//obj/HAL/src/crt0.o (alt_main)
../Pacemaker_FPGA_bsp/\libhal_bsp.a(alt_sys_init.o)
                              ../Pacemaker_FPGA_bsp/\libhal_bsp.a(alt_main.o) (alt_irq_init)
../Pacemaker_FPGA_bsp/\libhal_bsp.a(altera_avalon_jtag_uart_fd.o)
                              ../Pacemaker_FPGA_bsp/\libhal_bsp.a(alt_sys_init.o) (altera_avalon_jtag_uart_read_fd)
../Pacemaker_FPGA_bsp/\libhal_bsp.a(altera_avalon_jtag_uart_init.o)
                              ../Pacemaker_FPGA_bsp/\libhal_bsp.a(alt_sys_init.o) (altera_avalon_jtag_uart_init)
../Pacemaker_FPGA_bsp/\libhal_bsp.a(altera_avalon_jtag_uart_ioctl.o)
                              ../Pacemaker_FPGA_bsp/\libhal_bsp.a(altera_avalon_jtag_uart_fd.o) (altera_avalon_jtag_uart_ioctl)
../Pacemaker_FPGA_bsp/\libhal_bsp.a(altera_avalon_jtag_uart_read.o)
                              ../Pacemaker_FPGA_bsp/\libhal_bsp.a(altera_avalon_jtag_uart_fd.o) (altera_avalon_jtag_uart_read)
../Pacemaker_FPGA_bsp/\libhal_bsp.a(altera_avalon_jtag_uart_write.o)
                              ../Pacemaker_FPGA_bsp/\libhal_bsp.a(altera_avalon_jtag_uart_fd.o) (altera_avalon_jtag_uart_write)
../Pacemaker_FPGA_bsp/\libhal_bsp.a(altera_avalon_lcd_16207.o)
                              ../Pacemaker_FPGA_bsp/\libhal_bsp.a(alt_sys_init.o) (altera_avalon_lcd_16207_init)
../Pacemaker_FPGA_bsp/\libhal_bsp.a(altera_avalon_lcd_16207_fd.o)
                              ../Pacemaker_FPGA_bsp/\libhal_bsp.a(alt_sys_init.o) (altera_avalon_lcd_16207_write_fd)
../Pacemaker_FPGA_bsp/\libhal_bsp.a(altera_avalon_timer_sc.o)
                              ../Pacemaker_FPGA_bsp/\libhal_bsp.a(alt_sys_init.o) (alt_avalon_timer_sc_init)
../Pacemaker_FPGA_bsp/\libhal_bsp.a(altera_avalon_uart_fd.o)
                              ../Pacemaker_FPGA_bsp/\libhal_bsp.a(alt_sys_init.o) (altera_avalon_uart_read_fd)
../Pacemaker_FPGA_bsp/\libhal_bsp.a(altera_avalon_uart_init.o)
                              ../Pacemaker_FPGA_bsp/\libhal_bsp.a(alt_sys_init.o) (altera_avalon_uart_init)
../Pacemaker_FPGA_bsp/\libhal_bsp.a(altera_avalon_uart_read.o)
                              ../Pacemaker_FPGA_bsp/\libhal_bsp.a(altera_avalon_uart_fd.o) (altera_avalon_uart_read)
../Pacemaker_FPGA_bsp/\libhal_bsp.a(altera_avalon_uart_write.o)
                              ../Pacemaker_FPGA_bsp/\libhal_bsp.a(altera_avalon_uart_fd.o) (altera_avalon_uart_write)
../Pacemaker_FPGA_bsp/\libhal_bsp.a(alt_alarm_start.o)
[...]
Memory Configuration

Name             Origin             Length             Attributes
reset            0x0000000000800000 0x0000000000000020
sdram            0x0000000000800020 0x00000000007fffe0
onchip_mem       0x0000000001008000 0x0000000000007800
*default*        0x0000000000000000 0xffffffffffffffff

Linker script and memory map

LOAD ../Pacemaker_FPGA_bsp//obj/HAL/src/crt0.o
LOAD obj/default/src/Pacemaker.o
LOAD obj/default/src/main.o
LOAD c:/intelfpga/18.1/nios2eds/bin/gnu/h-x86_64-mingw32/bin/../lib/gcc/nios2-elf/5.3.0/../../../../../H-x86_64-mingw32/nios2-elf/lib\libstdc++.a
LOAD c:/intelfpga/18.1/nios2eds/bin/gnu/h-x86_64-mingw32/bin/../lib/gcc/nios2-elf/5.3.0/../../../../../H-x86_64-mingw32/nios2-elf/lib\libm.a
LOAD c:/intelfpga/18.1/nios2eds/bin/gnu/h-x86_64-mingw32/bin/../lib/gcc/nios2-elf/5.3.0\libgcc.a
START GROUP
LOAD c:/intelfpga/18.1/nios2eds/bin/gnu/h-x86_64-mingw32/bin/../lib/gcc/nios2-elf/5.3.0/../../../../../H-x86_64-mingw32/nios2-elf/lib\libc.a
LOAD c:/intelfpga/18.1/nios2eds/bin/gnu/h-x86_64-mingw32/bin/../lib/gcc/nios2-elf/5.3.0\libgcc.a
LOAD ../Pacemaker_FPGA_bsp/\libhal_bsp.a
LOAD c:/intelfpga/18.1/nios2eds/bin/gnu/h-x86_64-mingw32/bin/../lib/gcc/nios2-elf/5.3.0/../../../../../H-x86_64-mingw32/nios2-elf/lib\libm.a
END GROUP
LOAD c:/intelfpga/18.1/nios2eds/bin/gnu/h-x86_64-mingw32/bin/../lib/gcc/nios2-elf/5.3.0\libgcc.a
                0x0000000000800000                __alt_mem_sdram = 0x800000
                0x0000000001008000                __alt_mem_onchip_mem = 0x1008000

.entry          0x0000000000800000       0x20
 *(.entry)
 .entry         0x0000000000800000       0x20 ../Pacemaker_FPGA_bsp//obj/HAL/src/crt0.o
                0x0000000000800000                __reset

.exceptions     0x0000000000800020      0x224
                0x0000000000800020                PROVIDE (__ram_exceptions_start, ABSOLUTE (.))
                0x0000000000800020                . = ALIGN (0x20)
 *(.irq)
 *(.exceptions.entry.label)
 .exceptions.entry.label
                0x0000000000800020        0x0 ../Pacemaker_FPGA_bsp/\libhal_bsp.a(alt_irq_entry.o)
                0x0000000000800020                alt_irq_entry
 .exceptions.entry.label
                0x0000000000800020        0x0 ../Pacemaker_FPGA_bsp/\libhal_bsp.a(alt_exception_entry.o)
                0x0000000000800020                alt_exception
 *(.exceptions.entry.user)
 *(.exceptions.entry.ecc_fatal)
 *(.exceptions.entry)
 .exceptions.entry
                0x0000000000800020       0x54 ../Pacemaker_FPGA_bsp/\libhal_bsp.a(alt_exception_entry.o)
 *(.exceptions.irqtest.user)
 *(.exceptions.irqtest)
 .exceptions.irqtest
                0x0000000000800074       0x10 ../Pacemaker_FPGA_bsp/\libhal_bsp.a(alt_irq_entry.o)
 *(.exceptions.irqhandler.user)
 *(.exceptions.irqhandler)
 .exceptions.irqhandler
                0x0000000000800084        0x4 ../Pacemaker_FPGA_bsp/\libhal_bsp.a(alt_irq_entry.o)
 *(.exceptions.irqreturn.user)
 *(.exceptions.irqreturn)
 .exceptions.irqreturn
                0x0000000000800088        0x4 ../Pacemaker_FPGA_bsp/\libhal_bsp.a(alt_irq_entry.o)
 *(.exceptions.notirq.label)
 .exceptions.notirq.label
                0x000000000080008c        0x0 ../Pacemaker_FPGA_bsp/\libhal_bsp.a(alt_irq_entry.o)
 *(.exceptions.notirq.user)
 *(.exceptions.notirq)
 .exceptions.notirq
                0x000000000080008c        0x8 ../Pacemaker_FPGA_bsp/\libhal_bsp.a(alt_exception_entry.o)
 *(.exceptions.soft.user)
 *(.exceptions.soft)
 *(.exceptions.unknown.user)
 *(.exceptions.unknown)
 .exceptions.unknown
                0x0000000000800094       0x14 ../Pacemaker_FPGA_bsp/\libhal_bsp.a(alt_exception_entry.o)
 *(.exceptions.exit.label)
 .exceptions.exit.label
                0x00000000008000a8        0x0 ../Pacemaker_FPGA_bsp/\libhal_bsp.a(alt_irq_entry.o)
 .exceptions.exit.label
                0x00000000008000a8        0x0 ../Pacemaker_FPGA_bsp/\libhal_bsp.a(alt_exception_entry.o)
 *(.exceptions.exit.user)
 *(.exceptions.exit)
 .exceptions.exit
                0x00000000008000a8       0x54 ../Pacemaker_FPGA_bsp/\libhal_bsp.a(alt_exception_entry.o)
 *(.exceptions)
 .exceptions    0x00000000008000fc       0xd4 ../Pacemaker_FPGA_bsp/\libhal_bsp.a(alt_irq_handler.o)
                0x00000000008000fc                alt_irq_handler
 .exceptions    0x00000000008001d0       0x74 ../Pacemaker_FPGA_bsp/\libhal_bsp.a(alt_instruction_exception_entry.o)
                0x00000000008001d0                alt_instruction_exception_entry
                0x0000000000800244                PROVIDE (__ram_exceptions_end, ABSOLUTE (.))
                0x0000000000800020                PROVIDE (__flash_exceptions_start, LOADADDR (.exceptions))

.text           0x0000000000800244     0xacb8
                [!provide]                        PROVIDE (stext, ABSOLUTE (.))
 *(.interp)
 *(.hash)
 *(.dynsym)
 *(.dynstr)
 *(.gnu.version)
 *(.gnu.version_d)
 *(.gnu.version_r)
 *(.rel.init)
 *(.rela.init)
 *(.rel.text .rel.text.* .rel.gnu.linkonce.t.*)
 *(.rela.text .rela.text.* .rela.gnu.linkonce.t.*)
 *(.rel.fini)
 *(.rela.fini)
 *(.rel.rodata .rel.rodata.* .rel.gnu.linkonce.r.*)
 *(.rela.rodata .rela.rodata.* .rela.gnu.linkonce.r.*)
 *(.rel.data .rel.data.* .rel.gnu.linkonce.d.*)
 *(.rela.data .rela.data.* .rela.gnu.linkonce.d.*)
 *(.rel.tdata .rel.tdata.* .rel.gnu.linkonce.td.*)
 *(.rela.tdata .rela.tdata.* .rela.gnu.linkonce.td.*)
 *(.rel.tbss .rel.tbss.* .rel.gnu.linkonce.tb.*)
 *(.rela.tbss .rela.tbss.* .rela.gnu.linkonce.tb.*)
 *(.rel.ctors)
 *(.rela.ctors)
 *(.rel.dtors)
 *(.rela.dtors)
 *(.rel.got)
 *(.rela.got)
 *(.rel.sdata .rel.sdata.* .rel.gnu.linkonce.s.*)
 *(.rela.sdata .rela.sdata.* .rela.gnu.linkonce.s.*)
 *(.rel.sbss .rel.sbss.* .rel.gnu.linkonce.sb.*)
 *(.rela.sbss .rela.sbss.* .rela.gnu.linkonce.sb.*)
 *(.rel.sdata2 .rel.sdata2.* .rel.gnu.linkonce.s2.*)
 *(.rela.sdata2 .rela.sdata2.* .rela.gnu.linkonce.s2.*)
 *(.rel.sbss2 .rel.sbss2.* .rel.gnu.linkonce.sb2.*)
 *(.rela.sbss2 .rela.sbss2.* .rela.gnu.linkonce.sb2.*)
 *(.rel.bss .rel.bss.* .rel.gnu.linkonce.b.*)
 *(.rela.bss .rela.bss.* .rela.gnu.linkonce.b.*)
 *(.rel.plt)
 *(.rela.plt)
 *(.rel.dyn)
 *(.init)
 *(.plt)
 *(.text .stub .text.* .gnu.linkonce.t.*)
 .text          0x0000000000800244       0x4c ../Pacemaker_FPGA_bsp//obj/HAL/src/crt0.o
                0x0000000000800244                _start
 .text          0x0000000000800290     0x56f8 obj/default/src/Pacemaker.o
                0x0000000000800290                logic
                0x000000000080545c                reset
                0x000000000080572c                tick
 .text          0x0000000000805988      0x120 obj/default/src/main.o
                0x00000000008059c4                main
 .text          0x0000000000805aa8      0x1b4 c:/intelfpga/18.1/nios2eds/bin/gnu/h-x86_64-mingw32/bin/../lib/gcc/nios2-elf/5.3.0\libgcc.a(lib2-divmod.o)
                0x0000000000805aa8                __divsi3
                0x0000000000805b2c                __modsi3
                0x0000000000805ba0                __udivsi3
                0x0000000000805c04                __umodsi3
 .text          0x0000000000805c5c      0x8ac c:/intelfpga/18.1/nios2eds/bin/gnu/h-x86_64-mingw32/bin/../lib/gcc/nios2-elf/5.3.0\libgcc.a(adddf3.o)
                0x0000000000805c5c                __adddf3
 .text          0x0000000000806508       0xdc c:/intelfpga/18.1/nios2eds/bin/gnu/h-x86_64-mingw32/bin/../lib/gcc/nios2-elf/5.3.0\libgcc.a(gedf2.o)
                0x0000000000806508                __gedf2
                0x0000000000806508                __gtdf2
 .text          0x00000000008065e4       0xf4 c:/intelfpga/18.1/nios2eds/bin/gnu/h-x86_64-mingw32/bin/../lib/gcc/nios2-elf/5.3.0\libgcc.a(ledf2.o)
                0x00000000008065e4                __ledf2
                0x00000000008065e4                __ltdf2
 .text          0x00000000008066d8      0x8fc c:/intelfpga/18.1/nios2eds/bin/gnu/h-x86_64-mingw32/bin/../lib/gcc/nios2-elf/5.3.0\libgcc.a(subdf3.o)
                0x00000000008066d8                __subdf3
 .text          0x0000000000806fd4       0xdc c:/intelfpga/18.1/nios2eds/bin/gnu/h-x86_64-mingw32/bin/../lib/gcc/nios2-elf/5.3.0\libgcc.a(floatsidf.o)
                0x0000000000806fd4                __floatsidf
 .text          0x00000000008070b0       0x64 c:/intelfpga/18.1/nios2eds/bin/gnu/h-x86_64-mingw32/bin/../lib/gcc/nios2-elf/5.3.0\libgcc.a(_clzsi2.o)
                0x00000000008070b0                __clzsi2
 .text          0x0000000000807114        0x0 c:/intelfpga/18.1/nios2eds/bin/gnu/h-x86_64-mingw32/bin/../lib/gcc/nios2-elf/5.3.0\libgcc.a(_clz.o)
 .text          0x0000000000807114      0x1b0 ../Pacemaker_FPGA_bsp/\libhal_bsp.a(alt_iic.o)
                0x0000000000807114                alt_ic_isr_register
                0x0000000000807164                alt_ic_irq_enable
                0x00000000008071ec                alt_ic_irq_disable
                0x0000000000807278                alt_ic_irq_enabled
 .text          0x00000000008072c4       0xf0 ../Pacemaker_FPGA_bsp/\libhal_bsp.a(alt_iic_isr_register.o)
                0x00000000008072c4                alt_iic_isr_register
 .text          0x00000000008073b4        0x0 ../Pacemaker_FPGA_bsp/\libhal_bsp.a(alt_irq_entry.o)
 .text          0x00000000008073b4        0x0 ../Pacemaker_FPGA_bsp/\libhal_bsp.a(alt_irq_handler.o)
 .text          0x00000000008073b4        0x0 ../Pacemaker_FPGA_bsp/\libhal_bsp.a(alt_irq_vars.o)
 .text          0x00000000008073b4       0xec ../Pacemaker_FPGA_bsp/\libhal_bsp.a(alt_load.o)
                0x000000000080741c                alt_load
 .text          0x00000000008074a0       0x7c ../Pacemaker_FPGA_bsp/\libhal_bsp.a(alt_main.o)
                0x00000000008074a0                alt_main
 .text          0x000000000080751c      0x104 ../Pacemaker_FPGA_bsp/\libhal_bsp.a(alt_sys_init.o)
                0x0000000000807550                alt_irq_init
                0x0000000000807588                alt_sys_init
 .text          0x0000000000807620      0x164 ../Pacemaker_FPGA_bsp/\libhal_bsp.a(altera_avalon_jtag_uart_fd.o)
                0x0000000000807620                altera_avalon_jtag_uart_read_fd
                0x0000000000807680                altera_avalon_jtag_uart_write_fd
                0x00000000008076e0                altera_avalon_jtag_uart_close_fd
                0x0000000000807730                altera_avalon_jtag_uart_ioctl_fd
 .text          0x0000000000807784      0x3d4 ../Pacemaker_FPGA_bsp/\libhal_bsp.a(altera_avalon_jtag_uart_init.o)
                0x0000000000807784                altera_avalon_jtag_uart_init
                0x0000000000807af0                altera_avalon_jtag_uart_close
 .text          0x0000000000807b58       0xf0 ../Pacemaker_FPGA_bsp/\libhal_bsp.a(altera_avalon_jtag_uart_ioctl.o)
                0x0000000000807b58                altera_avalon_jtag_uart_ioctl
 .text          0x0000000000807c48      0x21c ../Pacemaker_FPGA_bsp/\libhal_bsp.a(altera_avalon_jtag_uart_read.o)
                0x0000000000807c48                altera_avalon_jtag_uart_read
 .text          0x0000000000807e64      0x224 ../Pacemaker_FPGA_bsp/\libhal_bsp.a(altera_avalon_jtag_uart_write.o)
                0x0000000000807e64                altera_avalon_jtag_uart_write
 .text          0x0000000000808088      0xe7c ../Pacemaker_FPGA_bsp/\libhal_bsp.a(altera_avalon_lcd_16207.o)
                0x000000000080884c                altera_avalon_lcd_16207_write
                0x0000000000808dd0                altera_avalon_lcd_16207_init
 .text          0x0000000000808f04       0x60 ../Pacemaker_FPGA_bsp/\libhal_bsp.a(altera_avalon_lcd_16207_fd.o)
                0x0000000000808f04                altera_avalon_lcd_16207_write_fd
 .text          0x0000000000808f64       0xf4 ../Pacemaker_FPGA_bsp/\libhal_bsp.a(altera_avalon_timer_sc.o)
                0x0000000000808fdc                alt_avalon_timer_sc_init
 .text          0x0000000000809058      0x110 ../Pacemaker_FPGA_bsp/\libhal_bsp.a(altera_avalon_uart_fd.o)
                0x0000000000809058                altera_avalon_uart_read_fd
                0x00000000008090b8                altera_avalon_uart_write_fd
                0x0000000000809118                altera_avalon_uart_close_fd
 .text          0x0000000000809168      0x3c8 ../Pacemaker_FPGA_bsp/\libhal_bsp.a(altera_avalon_uart_init.o)
                0x0000000000809168                altera_avalon_uart_init
                0x00000000008094dc                altera_avalon_uart_close
 .text          0x0000000000809530      0x218 ../Pacemaker_FPGA_bsp/\libhal_bsp.a(altera_avalon_uart_read.o)
                0x000000000080956c                altera_avalon_uart_read
 .text          0x0000000000809748      0x1e8 ../Pacemaker_FPGA_bsp/\libhal_bsp.a(altera_avalon_uart_write.o)
                0x0000000000809784                altera_avalon_uart_write
 .text          0x0000000000809930      0x12c ../Pacemaker_FPGA_bsp/\libhal_bsp.a(alt_alarm_start.o)
                0x0000000000809930                alt_alarm_start
 .text          0x0000000000809a5c      0x10c ../Pacemaker_FPGA_bsp/\libhal_bsp.a(alt_close.o)
                0x0000000000809a98                close
 .text          0x0000000000809b68       0x48 ../Pacemaker_FPGA_bsp/\libhal_bsp.a(alt_dcache_flush_all.o)
                0x0000000000809b68                alt_dcache_flush_all
 .text          0x0000000000809bb0       0x2c ../Pacemaker_FPGA_bsp/\libhal_bsp.a(alt_dev.o)
 .text          0x0000000000809bdc       0xe0 ../Pacemaker_FPGA_bsp/\libhal_bsp.a(alt_dev_llist_insert.o)
                0x0000000000809c18                alt_dev_llist_insert
 .text          0x0000000000809cbc       0x60 ../Pacemaker_FPGA_bsp/\libhal_bsp.a(alt_do_ctors.o)
                0x0000000000809cbc                _do_ctors
 .text          0x0000000000809d1c       0x60 ../Pacemaker_FPGA_bsp/\libhal_bsp.a(alt_do_dtors.o)
                0x0000000000809d1c                _do_dtors
 .text          0x0000000000809d7c        0x0 ../Pacemaker_FPGA_bsp/\libhal_bsp.a(alt_errno.o)
 .text          0x0000000000809d7c        0x0 ../Pacemaker_FPGA_bsp/\libhal_bsp.a(alt_exception_entry.o)
 .text          0x0000000000809d7c       0x34 ../Pacemaker_FPGA_bsp/\libhal_bsp.a(alt_icache_flush_all.o)
                0x0000000000809d7c                alt_icache_flush_all
 .text          0x0000000000809db0       0x9c ../Pacemaker_FPGA_bsp/\libhal_bsp.a(alt_instruction_exception_entry.o)
                0x0000000000809db0                alt_exception_cause_generated_bad_addr
 .text          0x0000000000809e4c      0x140 ../Pacemaker_FPGA_bsp/\libhal_bsp.a(alt_io_redirect.o)
                0x0000000000809f10                alt_io_redirect
 .text          0x0000000000809f8c      0x254 ../Pacemaker_FPGA_bsp/\libhal_bsp.a(alt_open.o)
                0x000000000080a08c                open
 .text          0x000000000080a1e0       0x64 ../Pacemaker_FPGA_bsp/\libhal_bsp.a(alt_release_fd.o)
                0x000000000080a1e0                alt_release_fd
 .text          0x000000000080a244      0x1a4 ../Pacemaker_FPGA_bsp/\libhal_bsp.a(alt_tick.o)
                0x000000000080a244                alt_alarm_stop
                0x000000000080a2e0                alt_tick
 .text          0x000000000080a3e8       0x30 ../Pacemaker_FPGA_bsp/\libhal_bsp.a(alt_usleep.o)
                0x000000000080a3e8                usleep
 .text          0x000000000080a418       0x24 ../Pacemaker_FPGA_bsp/\libhal_bsp.a(altera_nios2_gen2_irq.o)
                0x000000000080a418                altera_nios2_gen2_irq_init
 .text          0x000000000080a43c      0x158 ../Pacemaker_FPGA_bsp/\libhal_bsp.a(alt_busy_sleep.o)
                0x000000000080a43c                alt_busy_sleep
 .text          0x000000000080a594       0x90 ../Pacemaker_FPGA_bsp/\libhal_bsp.a(alt_find_dev.o)
                0x000000000080a594                alt_find_dev
 .text          0x000000000080a624      0x108 ../Pacemaker_FPGA_bsp/\libhal_bsp.a(alt_find_file.o)
                0x000000000080a624                alt_find_file
 .text          0x000000000080a72c       0xa4 ../Pacemaker_FPGA_bsp/\libhal_bsp.a(alt_get_fd.o)
                0x000000000080a72c                alt_get_fd
 .text          0x000000000080a7d0       0x90 ../Pacemaker_FPGA_bsp/\libhal_bsp.a(alt_icache_flush.o)
                0x000000000080a7d0                alt_icache_flush
 .text          0x000000000080a860        0x0 c:/intelfpga/18.1/nios2eds/bin/gnu/h-x86_64-mingw32/bin/../lib/gcc/nios2-elf/5.3.0/../../../../../H-x86_64-mingw32/nios2-elf/lib\libc.a(lib_a-atexit.o)
 .text.atexit   0x000000000080a860       0x14 c:/intelfpga/18.1/nios2eds/bin/gnu/h-x86_64-mingw32/bin/../lib/gcc/nios2-elf/5.3.0/../../../../../H-x86_64-mingw32/nios2-elf/lib\libc.a(lib_a-atexit.o)
                0x000000000080a860                atexit
 .text          0x000000000080a874        0x0 c:/intelfpga/18.1/nios2eds/bin/gnu/h-x86_64-mingw32/bin/../lib/gcc/nios2-elf/5.3.0/../../../../../H-x86_64-mingw32/nios2-elf/lib\libc.a(lib_a-ctype_.o)
 .text          0x000000000080a874        0x0 c:/intelfpga/18.1/nios2eds/bin/gnu/h-x86_64-mingw32/bin/../lib/gcc/nios2-elf/5.3.0/../../../../../H-x86_64-mingw32/nios2-elf/lib\libc.a(lib_a-exit.o)
 .text.exit     0x000000000080a874       0x38 c:/intelfpga/18.1/nios2eds/bin/gnu/h-x86_64-mingw32/bin/../lib/gcc/nios2-elf/5.3.0/../../../../../H-x86_64-mingw32/nios2-elf/lib\libc.a(lib_a-exit.o)
                0x000000000080a874                exit
 .text          0x000000000080a8ac        0x0 c:/intelfpga/18.1/nios2eds/bin/gnu/h-x86_64-mingw32/bin/../lib/gcc/nios2-elf/5.3.0/../../../../../H-x86_64-mingw32/nios2-elf/lib\libc.a(lib_a-impure.o)
 .text          0x000000000080a8ac        0x0 c:/intelfpga/18.1/nios2eds/bin/gnu/h-x86_64-mingw32/bin/../lib/gcc/nios2-elf/5.3.0/../../../../../H-x86_64-mingw32/nios2-elf/lib\libc.a(lib_a-int_errno.o)
 .text          0x000000000080a8ac        0x0 c:/intelfpga/18.1/nios2eds/bin/gnu/h-x86_64-mingw32/bin/../lib/gcc/nios2-elf/5.3.0/../../../../../H-x86_64-mingw32/nios2-elf/lib\libc.a(lib_a-memcmp.o)
 .text.memcmp   0x000000000080a8ac       0x7c c:/intelfpga/18.1/nios2eds/bin/gnu/h-x86_64-mingw32/bin/../lib/gcc/nios2-elf/5.3.0/../../../../../H-x86_64-mingw32/nios2-elf/lib\libc.a(lib_a-memcmp.o)
                0x000000000080a8ac                memcmp
 .text          0x000000000080a928        0x0 c:/intelfpga/18.1/nios2eds/bin/gnu/h-x86_64-mingw32/bin/../lib/gcc/nios2-elf/5.3.0/../../../../../H-x86_64-mingw32/nios2-elf/lib\libc.a(lib_a-memcpy.o)
 .text.memcpy   0x000000000080a928      0x148 c:/intelfpga/18.1/nios2eds/bin/gnu/h-x86_64-mingw32/bin/../lib/gcc/nios2-elf/5.3.0/../../../../../H-x86_64-mingw32/nios2-elf/lib\libc.a(lib_a-memcpy.o)
                0x000000000080a928                memcpy
 .text          0x000000000080aa70        0x0 c:/intelfpga/18.1/nios2eds/bin/gnu/h-x86_64-mingw32/bin/../lib/gcc/nios2-elf/5.3.0/../../../../../H-x86_64-mingw32/nios2-elf/lib\libc.a(lib_a-memset.o)
 .text.memset   0x000000000080aa70      0x128 c:/intelfpga/18.1/nios2eds/bin/gnu/h-x86_64-mingw32/bin/../lib/gcc/nios2-elf/5.3.0/../../../../../H-x86_64-mingw32/nios2-elf/lib\libc.a(lib_a-memset.o)
                0x000000000080aa70                memset
 .text          0x000000000080ab98        0x0 c:/intelfpga/18.1/nios2eds/bin/gnu/h-x86_64-mingw32/bin/../lib/gcc/nios2-elf/5.3.0/../../../../../H-x86_64-mingw32/nios2-elf/lib\libc.a(lib_a-strlen.o)
 .text.strlen   0x000000000080ab98       0x98 c:/intelfpga/18.1/nios2eds/bin/gnu/h-x86_64-mingw32/bin/../lib/gcc/nios2-elf/5.3.0/../../../../../H-x86_64-mingw32/nios2-elf/lib\libc.a(lib_a-strlen.o)
                0x000000000080ab98                strlen
 .text          0x000000000080ac30        0x0 c:/intelfpga/18.1/nios2eds/bin/gnu/h-x86_64-mingw32/bin/../lib/gcc/nios2-elf/5.3.0/../../../../../H-x86_64-mingw32/nios2-elf/lib\libc.a(lib_a-__atexit.o)
 .text.__register_exitproc
                0x000000000080ac30      0x118 c:/intelfpga/18.1/nios2eds/bin/gnu/h-x86_64-mingw32/bin/../lib/gcc/nios2-elf/5.3.0/../../../../../H-x86_64-mingw32/nios2-elf/lib\libc.a(lib_a-__atexit.o)
                0x000000000080ac30                __register_exitproc
 .text          0x000000000080ad48        0x0 c:/intelfpga/18.1/nios2eds/bin/gnu/h-x86_64-mingw32/bin/../lib/gcc/nios2-elf/5.3.0/../../../../../H-x86_64-mingw32/nios2-elf/lib\libc.a(lib_a-__call_atexit.o)
 .text.__call_exitprocs
                0x000000000080ad48      0x180 c:/intelfpga/18.1/nios2eds/bin/gnu/h-x86_64-mingw32/bin/../lib/gcc/nios2-elf/5.3.0/../../../../../H-x86_64-mingw32/nios2-elf/lib\libc.a(lib_a-__call_atexit.o)
                0x000000000080ad48                __call_exitprocs
 .text          0x000000000080aec8       0x34 ../Pacemaker_FPGA_bsp/\libhal_bsp.a(alt_exit.o)
                0x000000000080aec8                _exit
 *(.gnu.warning.*)
 *(.fini)
                [!provide]                        PROVIDE (__etext, ABSOLUTE (.))
                [!provide]                        PROVIDE (_etext, ABSOLUTE (.))
                [!provide]                        PROVIDE (etext, ABSOLUTE (.))
 *(.eh_frame_hdr)
                0x000000000080aefc                . = ALIGN (0x4)
                [!provide]                        PROVIDE (__preinit_array_start, ABSOLUTE (.))
 *(.preinit_array)
                [!provide]                        PROVIDE (__preinit_array_end, ABSOLUTE (.))
                [!provide]                        PROVIDE (__init_array_start, ABSOLUTE (.))
 *(.init_array)
                [!provide]                        PROVIDE (__init_array_end, ABSOLUTE (.))
                [!provide]                        PROVIDE (__fini_array_start, ABSOLUTE (.))
 *(.fini_array)
                [!provide]                        PROVIDE (__fini_array_end, ABSOLUTE (.))
 *(.eh_frame)
 *(.gcc_except_table .gcc_except_table.*)
 *(.dynamic)
                0x000000000080aefc                PROVIDE (__CTOR_LIST__, ABSOLUTE (.))
 *(.ctors)
 *(SORT(.ctors.*))
                0x000000000080aefc                PROVIDE (__CTOR_END__, ABSOLUTE (.))
                0x000000000080aefc                PROVIDE (__DTOR_LIST__, ABSOLUTE (.))
 *(.dtors)
 *(SORT(.dtors.*))
                0x000000000080aefc                PROVIDE (__DTOR_END__, ABSOLUTE (.))
 *(.jcr)
                0x000000000080aefc                . = ALIGN (0x4)

.rodata         0x000000000080aefc      0x3c8
                0x000000000080aefc                PROVIDE (__ram_rodata_start, ABSOLUTE (.))
                0x000000000080aefc                . = ALIGN (0x4)
 *(.rodata .rodata.* .gnu.linkonce.r.*)
 .rodata        0x000000000080aefc      0x100 c:/intelfpga/18.1/nios2eds/bin/gnu/h-x86_64-mingw32/bin/../lib/gcc/nios2-elf/5.3.0\libgcc.a(_clz.o)
                0x000000000080aefc                __clz_tab
 .rodata        0x000000000080affc        0xf ../Pacemaker_FPGA_bsp/\libhal_bsp.a(alt_main.o)
 *fill*         0x000000000080b00b        0x1 
 .rodata        0x000000000080b00c       0x26 ../Pacemaker_FPGA_bsp/\libhal_bsp.a(alt_sys_init.o)
 *fill*         0x000000000080b032        0x2 
 .rodata        0x000000000080b034        0xa ../Pacemaker_FPGA_bsp/\libhal_bsp.a(alt_dev.o)
 .rodata._ctype_
                0x000000000080b03e      0x101 c:/intelfpga/18.1/nios2eds/bin/gnu/h-x86_64-mingw32/bin/../lib/gcc/nios2-elf/5.3.0/../../../../../H-x86_64-mingw32/nios2-elf/lib\libc.a(lib_a-ctype_.o)
                0x000000000080b03e                _ctype_
 .rodata._ctype_b
                0x000000000080b13f      0x180 c:/intelfpga/18.1/nios2eds/bin/gnu/h-x86_64-mingw32/bin/../lib/gcc/nios2-elf/5.3.0/../../../../../H-x86_64-mingw32/nios2-elf/lib\libc.a(lib_a-ctype_.o)
 *fill*         0x000000000080b2bf        0x1 
 .rodata.str1.4
                0x000000000080b2c0        0x4 c:/intelfpga/18.1/nios2eds/bin/gnu/h-x86_64-mingw32/bin/../lib/gcc/nios2-elf/5.3.0/../../../../../H-x86_64-mingw32/nios2-elf/lib\libc.a(lib_a-impure.o)
                                          0x2 (size before relaxing)
 *(.rodata1)
                0x000000000080b2c4                . = ALIGN (0x4)
                0x000000000080b2c4                PROVIDE (__ram_rodata_end, ABSOLUTE (.))
                0x000000000080aefc                PROVIDE (__flash_rodata_start, LOADADDR (.rodata))

.rwdata         0x000000000080b2c4     0x1844 load address 0x000000000080cb08
                0x000000000080b2c4                PROVIDE (__ram_rwdata_start, ABSOLUTE (.))
                0x000000000080b2c4                . = ALIGN (0x4)
 *(.got.plt)
 *(.got)
 *(.data1)
 *(.data .data.* .gnu.linkonce.d.*)
 .data          0x000000000080b2c4        0x0 ../Pacemaker_FPGA_bsp//obj/HAL/src/crt0.o
 .data          0x000000000080b2c4        0x0 obj/default/src/Pacemaker.o
 .data          0x000000000080b2c4        0x0 obj/default/src/main.o
 .data          0x000000000080b2c4        0x0 c:/intelfpga/18.1/nios2eds/bin/gnu/h-x86_64-mingw32/bin/../lib/gcc/nios2-elf/5.3.0\libgcc.a(lib2-divmod.o)
 .data          0x000000000080b2c4        0x0 c:/intelfpga/18.1/nios2eds/bin/gnu/h-x86_64-mingw32/bin/../lib/gcc/nios2-elf/5.3.0\libgcc.a(adddf3.o)
 .data          0x000000000080b2c4        0x0 c:/intelfpga/18.1/nios2eds/bin/gnu/h-x86_64-mingw32/bin/../lib/gcc/nios2-elf/5.3.0\libgcc.a(gedf2.o)
 .data          0x000000000080b2c4        0x0 c:/intelfpga/18.1/nios2eds/bin/gnu/h-x86_64-mingw32/bin/../lib/gcc/nios2-elf/5.3.0\libgcc.a(ledf2.o)
 .data          0x000000000080b2c4        0x0 c:/intelfpga/18.1/nios2eds/bin/gnu/h-x86_64-mingw32/bin/../lib/gcc/nios2-elf/5.3.0\libgcc.a(subdf3.o)
 .data          0x000000000080b2c4        0x0 c:/intelfpga/18.1/nios2eds/bin/gnu/h-x86_64-mingw32/bin/../lib/gcc/nios2-elf/5.3.0\libgcc.a(floatsidf.o)
 .data          0x000000000080b2c4        0x0 c:/intelfpga/18.1/nios2eds/bin/gnu/h-x86_64-mingw32/bin/../lib/gcc/nios2-elf/5.3.0\libgcc.a(_clzsi2.o)
 .data          0x000000000080b2c4        0x0 c:/intelfpga/18.1/nios2eds/bin/gnu/h-x86_64-mingw32/bin/../lib/gcc/nios2-elf/5.3.0\libgcc.a(_clz.o)
 .data          0x000000000080b2c4        0x0 ../Pacemaker_FPGA_bsp/\libhal_bsp.a(alt_iic.o)
 .data          0x000000000080b2c4        0x0 ../Pacemaker_FPGA_bsp/\libhal_bsp.a(alt_iic_isr_register.o)
 .data          0x000000000080b2c4        0x0 ../Pacemaker_FPGA_bsp/\libhal_bsp.a(alt_irq_entry.o)
 .data          0x000000000080b2c4        0x0 ../Pacemaker_FPGA_bsp/\libhal_bsp.a(alt_irq_handler.o)
 .data          0x000000000080b2c4        0x0 ../Pacemaker_FPGA_bsp/\libhal_bsp.a(alt_irq_vars.o)
 .data          0x000000000080b2c4        0x0 ../Pacemaker_FPGA_bsp/\libhal_bsp.a(alt_load.o)
 .data          0x000000000080b2c4        0x0 ../Pacemaker_FPGA_bsp/\libhal_bsp.a(alt_main.o)
 .data          0x000000000080b2c4     0x1244 ../Pacemaker_FPGA_bsp/\libhal_bsp.a(alt_sys_init.o)
 .data          0x000000000080c508        0x0 ../Pacemaker_FPGA_bsp/\libhal_bsp.a(altera_avalon_jtag_uart_fd.o)
 .data          0x000000000080c508        0x0 ../Pacemaker_FPGA_bsp/\libhal_bsp.a(altera_avalon_jtag_uart_init.o)
 .data          0x000000000080c508        0x0 ../Pacemaker_FPGA_bsp/\libhal_bsp.a(altera_avalon_jtag_uart_ioctl.o)
 .data          0x000000000080c508        0x0 ../Pacemaker_FPGA_bsp/\libhal_bsp.a(altera_avalon_jtag_uart_read.o)
 .data          0x000000000080c508        0x0 ../Pacemaker_FPGA_bsp/\libhal_bsp.a(altera_avalon_jtag_uart_write.o)
 .data          0x000000000080c508        0x0 ../Pacemaker_FPGA_bsp/\libhal_bsp.a(altera_avalon_lcd_16207.o)
 .data          0x000000000080c508        0x0 ../Pacemaker_FPGA_bsp/\libhal_bsp.a(altera_avalon_lcd_16207_fd.o)
 .data          0x000000000080c508        0x0 ../Pacemaker_FPGA_bsp/\libhal_bsp.a(altera_avalon_timer_sc.o)
 .data          0x000000000080c508        0x0 ../Pacemaker_FPGA_bsp/\libhal_bsp.a(altera_avalon_uart_fd.o)
 .data          0x000000000080c508        0x0 ../Pacemaker_FPGA_bsp/\libhal_bsp.a(altera_avalon_uart_init.o)
 .data          0x000000000080c508        0x0 ../Pacemaker_FPGA_bsp/\libhal_bsp.a(altera_avalon_uart_read.o)
 .data          0x000000000080c508        0x0 ../Pacemaker_FPGA_bsp/\libhal_bsp.a(altera_avalon_uart_write.o)
 .data          0x000000000080c508        0x0 ../Pacemaker_FPGA_bsp/\libhal_bsp.a(alt_alarm_start.o)
 .data          0x000000000080c508        0x0 ../Pacemaker_FPGA_bsp/\libhal_bsp.a(alt_close.o)
 .data          0x000000000080c508        0x0 ../Pacemaker_FPGA_bsp/\libhal_bsp.a(alt_dcache_flush_all.o)
 .data          0x000000000080c508      0x1a8 ../Pacemaker_FPGA_bsp/\libhal_bsp.a(alt_dev.o)
                0x000000000080c508                alt_dev_null
                0x000000000080c530                alt_fd_list
 .data          0x000000000080c6b0        0x0 ../Pacemaker_FPGA_bsp/\libhal_bsp.a(alt_dev_llist_insert.o)
 .data          0x000000000080c6b0        0x0 ../Pacemaker_FPGA_bsp/\libhal_bsp.a(alt_do_ctors.o)
 .data          0x000000000080c6b0        0x0 ../Pacemaker_FPGA_bsp/\libhal_bsp.a(alt_do_dtors.o)
 .data          0x000000000080c6b0        0x0 ../Pacemaker_FPGA_bsp/\libhal_bsp.a(alt_errno.o)
 .data          0x000000000080c6b0        0x0 ../Pacemaker_FPGA_bsp/\libhal_bsp.a(alt_exception_entry.o)
 .data          0x000000000080c6b0        0x0 ../Pacemaker_FPGA_bsp/\libhal_bsp.a(alt_icache_flush_all.o)
 .data          0x000000000080c6b0        0x0 ../Pacemaker_FPGA_bsp/\libhal_bsp.a(alt_instruction_exception_entry.o)
 .data          0x000000000080c6b0        0x0 ../Pacemaker_FPGA_bsp/\libhal_bsp.a(alt_io_redirect.o)
 .data          0x000000000080c6b0        0x0 ../Pacemaker_FPGA_bsp/\libhal_bsp.a(alt_open.o)
 .data          0x000000000080c6b0        0x0 ../Pacemaker_FPGA_bsp/\libhal_bsp.a(alt_release_fd.o)
 .data          0x000000000080c6b0        0x0 ../Pacemaker_FPGA_bsp/\libhal_bsp.a(alt_tick.o)
 .data          0x000000000080c6b0        0x0 ../Pacemaker_FPGA_bsp/\libhal_bsp.a(alt_usleep.o)
 .data          0x000000000080c6b0        0x0 ../Pacemaker_FPGA_bsp/\libhal_bsp.a(altera_nios2_gen2_irq.o)
 .data          0x000000000080c6b0        0x0 ../Pacemaker_FPGA_bsp/\libhal_bsp.a(alt_busy_sleep.o)
 .data          0x000000000080c6b0        0x0 ../Pacemaker_FPGA_bsp/\libhal_bsp.a(alt_find_dev.o)
 .data          0x000000000080c6b0        0x0 ../Pacemaker_FPGA_bsp/\libhal_bsp.a(alt_find_file.o)
 .data          0x000000000080c6b0        0x0 ../Pacemaker_FPGA_bsp/\libhal_bsp.a(alt_get_fd.o)
 .data          0x000000000080c6b0        0x0 ../Pacemaker_FPGA_bsp/\libhal_bsp.a(alt_icache_flush.o)
 .data          0x000000000080c6b0        0x0 c:/intelfpga/18.1/nios2eds/bin/gnu/h-x86_64-mingw32/bin/../lib/gcc/nios2-elf/5.3.0/../../../../../H-x86_64-mingw32/nios2-elf/lib\libc.a(lib_a-atexit.o)
 .data          0x000000000080c6b0        0x0 c:/intelfpga/18.1/nios2eds/bin/gnu/h-x86_64-mingw32/bin/../lib/gcc/nios2-elf/5.3.0/../../../../../H-x86_64-mingw32/nios2-elf/lib\libc.a(lib_a-ctype_.o)
 .data          0x000000000080c6b0        0x0 c:/intelfpga/18.1/nios2eds/bin/gnu/h-x86_64-mingw32/bin/../lib/gcc/nios2-elf/5.3.0/../../../../../H-x86_64-mingw32/nios2-elf/lib\libc.a(lib_a-exit.o)
 .data          0x000000000080c6b0        0x0 c:/intelfpga/18.1/nios2eds/bin/gnu/h-x86_64-mingw32/bin/../lib/gcc/nios2-elf/5.3.0/../../../../../H-x86_64-mingw32/nios2-elf/lib\libc.a(lib_a-impure.o)
 .data.impure_data
                0x000000000080c6b0      0x424 c:/intelfpga/18.1/nios2eds/bin/gnu/h-x86_64-mingw32/bin/../lib/gcc/nios2-elf/5.3.0/../../../../../H-x86_64-mingw32/nios2-elf/lib\libc.a(lib_a-impure.o)
 .data          0x000000000080cad4        0x0 c:/intelfpga/18.1/nios2eds/bin/gnu/h-x86_64-mingw32/bin/../lib/gcc/nios2-elf/5.3.0/../../../../../H-x86_64-mingw32/nios2-elf/lib\libc.a(lib_a-int_errno.o)
 .data          0x000000000080cad4        0x0 c:/intelfpga/18.1/nios2eds/bin/gnu/h-x86_64-mingw32/bin/../lib/gcc/nios2-elf/5.3.0/../../../../../H-x86_64-mingw32/nios2-elf/lib\libc.a(lib_a-memcmp.o)
 .data          0x000000000080cad4        0x0 c:/intelfpga/18.1/nios2eds/bin/gnu/h-x86_64-mingw32/bin/../lib/gcc/nios2-elf/5.3.0/../../../../../H-x86_64-mingw32/nios2-elf/lib\libc.a(lib_a-memcpy.o)
 .data          0x000000000080cad4        0x0 c:/intelfpga/18.1/nios2eds/bin/gnu/h-x86_64-mingw32/bin/../lib/gcc/nios2-elf/5.3.0/../../../../../H-x86_64-mingw32/nios2-elf/lib\libc.a(lib_a-memset.o)
 .data          0x000000000080cad4        0x0 c:/intelfpga/18.1/nios2eds/bin/gnu/h-x86_64-mingw32/bin/../lib/gcc/nios2-elf/5.3.0/../../../../../H-x86_64-mingw32/nios2-elf/lib\libc.a(lib_a-strlen.o)
 .data          0x000000000080cad4        0x0 c:/intelfpga/18.1/nios2eds/bin/gnu/h-x86_64-mingw32/bin/../lib/gcc/nios2-elf/5.3.0/../../../../../H-x86_64-mingw32/nios2-elf/lib\libc.a(lib_a-__atexit.o)
 .data          0x000000000080cad4        0x0 c:/intelfpga/18.1/nios2eds/bin/gnu/h-x86_64-mingw32/bin/../lib/gcc/nios2-elf/5.3.0/../../../../../H-x86_64-mingw32/nios2-elf/lib\libc.a(lib_a-__call_atexit.o)
 .data          0x000000000080cad4        0x0 ../Pacemaker_FPGA_bsp/\libhal_bsp.a(alt_exit.o)
                0x0000000000814ad4                _gp = ABSOLUTE ((. + 0x8000))
                [!provide]                        PROVIDE (gp, _gp)
 *(.rwdata .rwdata.*)
 *(.sdata .sdata.* .gnu.linkonce.s.*)
 .sdata         0x000000000080cad4        0x4 ../Pacemaker_FPGA_bsp/\libhal_bsp.a(alt_irq_vars.o)
                0x000000000080cad4                alt_priority_mask
 .sdata         0x000000000080cad8        0x4 ../Pacemaker_FPGA_bsp/\libhal_bsp.a(altera_avalon_lcd_16207.o)
 .sdata         0x000000000080cadc       0x14 ../Pacemaker_FPGA_bsp/\libhal_bsp.a(alt_dev.o)
                0x000000000080cadc                alt_fs_list
                0x000000000080cae4                alt_dev_list
                0x000000000080caec                alt_max_fd
 .sdata         0x000000000080caf0        0x4 ../Pacemaker_FPGA_bsp/\libhal_bsp.a(alt_errno.o)
                0x000000000080caf0                alt_errno
 .sdata         0x000000000080caf4        0x8 ../Pacemaker_FPGA_bsp/\libhal_bsp.a(alt_tick.o)
                0x000000000080caf4                alt_alarm_list
 .sdata.__ctype_ptr__
                0x000000000080cafc        0x4 c:/intelfpga/18.1/nios2eds/bin/gnu/h-x86_64-mingw32/bin/../lib/gcc/nios2-elf/5.3.0/../../../../../H-x86_64-mingw32/nios2-elf/lib\libc.a(lib_a-ctype_.o)
                0x000000000080cafc                __ctype_ptr__
 .sdata._global_impure_ptr
                0x000000000080cb00        0x4 c:/intelfpga/18.1/nios2eds/bin/gnu/h-x86_64-mingw32/bin/../lib/gcc/nios2-elf/5.3.0/../../../../../H-x86_64-mingw32/nios2-elf/lib\libc.a(lib_a-impure.o)
                0x000000000080cb00                _global_impure_ptr
 .sdata._impure_ptr
                0x000000000080cb04        0x4 c:/intelfpga/18.1/nios2eds/bin/gnu/h-x86_64-mingw32/bin/../lib/gcc/nios2-elf/5.3.0/../../../../../H-x86_64-mingw32/nios2-elf/lib\libc.a(lib_a-impure.o)
                0x000000000080cb04                _impure_ptr
 *(.sdata2 .sdata2.* .gnu.linkonce.s2.*)
                0x000000000080cb08                . = ALIGN (0x4)
                0x000000000080cb08                _edata = ABSOLUTE (.)
                [!provide]                        PROVIDE (edata, ABSOLUTE (.))
                0x000000000080cb08                PROVIDE (__ram_rwdata_end, ABSOLUTE (.))
                0x000000000080cb08                PROVIDE (__flash_rwdata_start, LOADADDR (.rwdata))

.bss            0x000000000080e34c      0x124
                0x000000000080e34c                __bss_start = ABSOLUTE (.)
                [!provide]                        PROVIDE (__sbss_start, ABSOLUTE (.))
                [!provide]                        PROVIDE (___sbss_start, ABSOLUTE (.))
 *(.dynsbss)
 *(.sbss .sbss.* .gnu.linkonce.sb.*)
 .sbss          0x000000000080e34c        0x4 obj/default/src/main.o
 .sbss          0x000000000080e350        0x4 ../Pacemaker_FPGA_bsp/\libhal_bsp.a(alt_irq_vars.o)
                0x000000000080e350                alt_irq_active
 .sbss          0x000000000080e354        0xc ../Pacemaker_FPGA_bsp/\libhal_bsp.a(alt_main.o)
                0x000000000080e354                alt_argc
                0x000000000080e358                alt_argv
                0x000000000080e35c                alt_envp
 .sbss          0x000000000080e360        0x4 ../Pacemaker_FPGA_bsp/\libhal_bsp.a(alt_instruction_exception_entry.o)
                0x000000000080e360                alt_instruction_exception_handler
 .sbss          0x000000000080e364        0x8 ../Pacemaker_FPGA_bsp/\libhal_bsp.a(alt_tick.o)
                0x000000000080e364                _alt_tick_rate
                0x000000000080e368                _alt_nticks
 .sbss          0x000000000080e36c        0x4 c:/intelfpga/18.1/nios2eds/bin/gnu/h-x86_64-mingw32/bin/../lib/gcc/nios2-elf/5.3.0/../../../../../H-x86_64-mingw32/nios2-elf/lib\libc.a(lib_a-int_errno.o)
                0x000000000080e36c                errno
 *(.sbss2 .sbss2.* .gnu.linkonce.sb2.*)
 *(.scommon)
                [!provide]                        PROVIDE (__sbss_end, ABSOLUTE (.))
                [!provide]                        PROVIDE (___sbss_end, ABSOLUTE (.))
 *(.dynbss)
 *(.bss .bss.* .gnu.linkonce.b.*)
 .bss           0x000000000080e370        0x0 ../Pacemaker_FPGA_bsp//obj/HAL/src/crt0.o
 .bss           0x000000000080e370        0x0 obj/default/src/Pacemaker.o
 .bss           0x000000000080e370        0x0 obj/default/src/main.o
 .bss           0x000000000080e370        0x0 c:/intelfpga/18.1/nios2eds/bin/gnu/h-x86_64-mingw32/bin/../lib/gcc/nios2-elf/5.3.0\libgcc.a(lib2-divmod.o)
 .bss           0x000000000080e370        0x0 c:/intelfpga/18.1/nios2eds/bin/gnu/h-x86_64-mingw32/bin/../lib/gcc/nios2-elf/5.3.0\libgcc.a(adddf3.o)
 .bss           0x000000000080e370        0x0 c:/intelfpga/18.1/nios2eds/bin/gnu/h-x86_64-mingw32/bin/../lib/gcc/nios2-elf/5.3.0\libgcc.a(gedf2.o)
 .bss           0x000000000080e370        0x0 c:/intelfpga/18.1/nios2eds/bin/gnu/h-x86_64-mingw32/bin/../lib/gcc/nios2-elf/5.3.0\libgcc.a(ledf2.o)
 .bss           0x000000000080e370        0x0 c:/intelfpga/18.1/nios2eds/bin/gnu/h-x86_64-mingw32/bin/../lib/gcc/nios2-elf/5.3.0\libgcc.a(subdf3.o)
 .bss           0x000000000080e370        0x0 c:/intelfpga/18.1/nios2eds/bin/gnu/h-x86_64-mingw32/bin/../lib/gcc/nios2-elf/5.3.0\libgcc.a(floatsidf.o)
 .bss           0x000000000080e370        0x0 c:/intelfpga/18.1/nios2eds/bin/gnu/h-x86_64-mingw32/bin/../lib/gcc/nios2-elf/5.3.0\libgcc.a(_clzsi2.o)
 .bss           0x000000000080e370        0x0 c:/intelfpga/18.1/nios2eds/bin/gnu/h-x86_64-mingw32/bin/../lib/gcc/nios2-elf/5.3.0\libgcc.a(_clz.o)
 .bss           0x000000000080e370        0x0 ../Pacemaker_FPGA_bsp/\libhal_bsp.a(alt_iic.o)
 .bss           0x000000000080e370        0x0 ../Pacemaker_FPGA_bsp/\libhal_bsp.a(alt_iic_isr_register.o)
 .bss           0x000000000080e370        0x0 ../Pacemaker_FPGA_bsp/\libhal_bsp.a(alt_irq_entry.o)
 .bss           0x000000000080e370        0x0 ../Pacemaker_FPGA_bsp/\libhal_bsp.a(alt_irq_handler.o)
 .bss           0x000000000080e370        0x0 ../Pacemaker_FPGA_bsp/\libhal_bsp.a(alt_irq_vars.o)
 .bss           0x000000000080e370        0x0 ../Pacemaker_FPGA_bsp/\libhal_bsp.a(alt_load.o)
 .bss           0x000000000080e370        0x0 ../Pacemaker_FPGA_bsp/\libhal_bsp.a(alt_main.o)
 .bss           0x000000000080e370        0x0 ../Pacemaker_FPGA_bsp/\libhal_bsp.a(alt_sys_init.o)
 .bss           0x000000000080e370        0x0 ../Pacemaker_FPGA_bsp/\libhal_bsp.a(altera_avalon_jtag_uart_fd.o)
 .bss           0x000000000080e370        0x0 ../Pacemaker_FPGA_bsp/\libhal_bsp.a(altera_avalon_jtag_uart_init.o)
 .bss           0x000000000080e370        0x0 ../Pacemaker_FPGA_bsp/\libhal_bsp.a(altera_avalon_jtag_uart_ioctl.o)
 .bss           0x000000000080e370        0x0 ../Pacemaker_FPGA_bsp/\libhal_bsp.a(altera_avalon_jtag_uart_read.o)
 .bss           0x000000000080e370        0x0 ../Pacemaker_FPGA_bsp/\libhal_bsp.a(altera_avalon_jtag_uart_write.o)
 .bss           0x000000000080e370        0x0 ../Pacemaker_FPGA_bsp/\libhal_bsp.a(altera_avalon_lcd_16207.o)
 .bss           0x000000000080e370        0x0 ../Pacemaker_FPGA_bsp/\libhal_bsp.a(altera_avalon_lcd_16207_fd.o)
 .bss           0x000000000080e370        0x0 ../Pacemaker_FPGA_bsp/\libhal_bsp.a(altera_avalon_timer_sc.o)
 .bss           0x000000000080e370        0x0 ../Pacemaker_FPGA_bsp/\libhal_bsp.a(altera_avalon_uart_fd.o)
 .bss           0x000000000080e370        0x0 ../Pacemaker_FPGA_bsp/\libhal_bsp.a(altera_avalon_uart_init.o)
 .bss           0x000000000080e370        0x0 ../Pacemaker_FPGA_bsp/\libhal_bsp.a(altera_avalon_uart_read.o)
 .bss           0x000000000080e370        0x0 ../Pacemaker_FPGA_bsp/\libhal_bsp.a(altera_avalon_uart_write.o)
 .bss           0x000000000080e370        0x0 ../Pacemaker_FPGA_bsp/\libhal_bsp.a(alt_alarm_start.o)
 .bss           0x000000000080e370        0x0 ../Pacemaker_FPGA_bsp/\libhal_bsp.a(alt_close.o)
 .bss           0x000000000080e370        0x0 ../Pacemaker_FPGA_bsp/\libhal_bsp.a(alt_dcache_flush_all.o)
 .bss           0x000000000080e370        0x0 ../Pacemaker_FPGA_bsp/\libhal_bsp.a(alt_dev.o)
 .bss           0x000000000080e370        0x0 ../Pacemaker_FPGA_bsp/\libhal_bsp.a(alt_dev_llist_insert.o)
 .bss           0x000000000080e370        0x0 ../Pacemaker_FPGA_bsp/\libhal_bsp.a(alt_do_ctors.o)
 .bss           0x000000000080e370        0x0 ../Pacemaker_FPGA_bsp/\libhal_bsp.a(alt_do_dtors.o)
 .bss           0x000000000080e370        0x0 ../Pacemaker_FPGA_bsp/\libhal_bsp.a(alt_errno.o)
 .bss           0x000000000080e370        0x0 ../Pacemaker_FPGA_bsp/\libhal_bsp.a(alt_exception_entry.o)
 .bss           0x000000000080e370        0x0 ../Pacemaker_FPGA_bsp/\libhal_bsp.a(alt_icache_flush_all.o)
 .bss           0x000000000080e370        0x0 ../Pacemaker_FPGA_bsp/\libhal_bsp.a(alt_instruction_exception_entry.o)
 .bss           0x000000000080e370        0x0 ../Pacemaker_FPGA_bsp/\libhal_bsp.a(alt_io_redirect.o)
 .bss           0x000000000080e370        0x0 ../Pacemaker_FPGA_bsp/\libhal_bsp.a(alt_open.o)
 .bss           0x000000000080e370        0x0 ../Pacemaker_FPGA_bsp/\libhal_bsp.a(alt_release_fd.o)
 .bss           0x000000000080e370        0x0 ../Pacemaker_FPGA_bsp/\libhal_bsp.a(alt_tick.o)
 .bss           0x000000000080e370        0x0 ../Pacemaker_FPGA_bsp/\libhal_bsp.a(alt_usleep.o)
 .bss           0x000000000080e370        0x0 ../Pacemaker_FPGA_bsp/\libhal_bsp.a(altera_nios2_gen2_irq.o)
 .bss           0x000000000080e370        0x0 ../Pacemaker_FPGA_bsp/\libhal_bsp.a(alt_busy_sleep.o)
 .bss           0x000000000080e370        0x0 ../Pacemaker_FPGA_bsp/\libhal_bsp.a(alt_find_dev.o)
 .bss           0x000000000080e370        0x0 ../Pacemaker_FPGA_bsp/\libhal_bsp.a(alt_find_file.o)
 .bss           0x000000000080e370        0x0 ../Pacemaker_FPGA_bsp/\libhal_bsp.a(alt_get_fd.o)
 .bss           0x000000000080e370        0x0 ../Pacemaker_FPGA_bsp/\libhal_bsp.a(alt_icache_flush.o)
 .bss           0x000000000080e370        0x0 c:/intelfpga/18.1/nios2eds/bin/gnu/h-x86_64-mingw32/bin/../lib/gcc/nios2-elf/5.3.0/../../../../../H-x86_64-mingw32/nios2-elf/lib\libc.a(lib_a-atexit.o)
 .bss           0x000000000080e370        0x0 c:/intelfpga/18.1/nios2eds/bin/gnu/h-x86_64-mingw32/bin/../lib/gcc/nios2-elf/5.3.0/../../../../../H-x86_64-mingw32/nios2-elf/lib\libc.a(lib_a-ctype_.o)
 .bss           0x000000000080e370        0x0 c:/intelfpga/18.1/nios2eds/bin/gnu/h-x86_64-mingw32/bin/../lib/gcc/nios2-elf/5.3.0/../../../../../H-x86_64-mingw32/nios2-elf/lib\libc.a(lib_a-exit.o)
 .bss           0x000000000080e370        0x0 c:/intelfpga/18.1/nios2eds/bin/gnu/h-x86_64-mingw32/bin/../lib/gcc/nios2-elf/5.3.0/../../../../../H-x86_64-mingw32/nios2-elf/lib\libc.a(lib_a-impure.o)
 .bss           0x000000000080e370        0x0 c:/intelfpga/18.1/nios2eds/bin/gnu/h-x86_64-mingw32/bin/../lib/gcc/nios2-elf/5.3.0/../../../../../H-x86_64-mingw32/nios2-elf/lib\libc.a(lib_a-int_errno.o)
 .bss           0x000000000080e370        0x0 c:/intelfpga/18.1/nios2eds/bin/gnu/h-x86_64-mingw32/bin/../lib/gcc/nios2-elf/5.3.0/../../../../../H-x86_64-mingw32/nios2-elf/lib\libc.a(lib_a-memcmp.o)
 .bss           0x000000000080e370        0x0 c:/intelfpga/18.1/nios2eds/bin/gnu/h-x86_64-mingw32/bin/../lib/gcc/nios2-elf/5.3.0/../../../../../H-x86_64-mingw32/nios2-elf/lib\libc.a(lib_a-memcpy.o)
 .bss           0x000000000080e370        0x0 c:/intelfpga/18.1/nios2eds/bin/gnu/h-x86_64-mingw32/bin/../lib/gcc/nios2-elf/5.3.0/../../../../../H-x86_64-mingw32/nios2-elf/lib\libc.a(lib_a-memset.o)
 .bss           0x000000000080e370        0x0 c:/intelfpga/18.1/nios2eds/bin/gnu/h-x86_64-mingw32/bin/../lib/gcc/nios2-elf/5.3.0/../../../../../H-x86_64-mingw32/nios2-elf/lib\libc.a(lib_a-strlen.o)
 .bss           0x000000000080e370        0x0 c:/intelfpga/18.1/nios2eds/bin/gnu/h-x86_64-mingw32/bin/../lib/gcc/nios2-elf/5.3.0/../../../../../H-x86_64-mingw32/nios2-elf/lib\libc.a(lib_a-__atexit.o)
 .bss           0x000000000080e370        0x0 c:/intelfpga/18.1/nios2eds/bin/gnu/h-x86_64-mingw32/bin/../lib/gcc/nios2-elf/5.3.0/../../../../../H-x86_64-mingw32/nios2-elf/lib\libc.a(lib_a-__call_atexit.o)
 .bss           0x000000000080e370        0x0 ../Pacemaker_FPGA_bsp/\libhal_bsp.a(alt_exit.o)
 *(COMMON)
 COMMON         0x000000000080e370      0x100 ../Pacemaker_FPGA_bsp/\libhal_bsp.a(alt_irq_handler.o)
                0x000000000080e370                alt_irq
                0x000000000080e470                . = ALIGN (0x4)
                0x000000000080e470                __bss_end = ABSOLUTE (.)

.sdram          0x000000000080e470        0x0
                [!provide]                        PROVIDE (_alt_partition_sdram_start, ABSOLUTE (.))
 *(.sdram .sdram. sdram.*)
                0x000000000080e470                . = ALIGN (0x4)
                [!provide]                        PROVIDE (_alt_partition_sdram_end, ABSOLUTE (.))
                0x000000000080e470                _end = ABSOLUTE (.)
                0x000000000080e470                end = ABSOLUTE (.)
                0x000000000080e470                __alt_stack_base = ABSOLUTE (.)
                [!provide]                        PROVIDE (_alt_partition_sdram_load_addr, LOADADDR (.sdram))

.onchip_mem     0x0000000001008000        0x0 load address 0x000000000080e470
                [!provide]                        PROVIDE (_alt_partition_onchip_mem_start, ABSOLUTE (.))
 *(.onchip_mem .onchip_mem. onchip_mem.*)
                0x0000000001008000                . = ALIGN (0x4)
                [!provide]                        PROVIDE (_alt_partition_onchip_mem_end, ABSOLUTE (.))
                [!provide]                        PROVIDE (_alt_partition_onchip_mem_load_addr, LOADADDR (.onchip_mem))

.stab
 *(.stab)

.stabstr
 *(.stabstr)

.stab.excl
 *(.stab.excl)

.stab.exclstr
 *(.stab.exclstr)

.stab.index
 *(.stab.index)

.stab.indexstr
 *(.stab.indexstr)

.comment        0x0000000000000000       0x23
 *(.comment)
 .comment       0x0000000000000000       0x23 obj/default/src/Pacemaker.o
                                         0x24 (size before relaxing)
 .comment       0x0000000000000023       0x24 obj/default/src/main.o
 .comment       0x0000000000000023       0x24 c:/intelfpga/18.1/nios2eds/bin/gnu/h-x86_64-mingw32/bin/../lib/gcc/nios2-elf/5.3.0\libgcc.a(lib2-divmod.o)
 .comment       0x0000000000000023       0x24 c:/intelfpga/18.1/nios2eds/bin/gnu/h-x86_64-mingw32/bin/../lib/gcc/nios2-elf/5.3.0\libgcc.a(adddf3.o)
 .comment       0x0000000000000023       0x24 c:/intelfpga/18.1/nios2eds/bin/gnu/h-x86_64-mingw32/bin/../lib/gcc/nios2-elf/5.3.0\libgcc.a(gedf2.o)
 .comment       0x0000000000000023       0x24 c:/intelfpga/18.1/nios2eds/bin/gnu/h-x86_64-mingw32/bin/../lib/gcc/nios2-elf/5.3.0\libgcc.a(ledf2.o)
 .comment       0x0000000000000023       0x24 c:/intelfpga/18.1/nios2eds/bin/gnu/h-x86_64-mingw32/bin/../lib/gcc/nios2-elf/5.3.0\libgcc.a(subdf3.o)
 .comment       0x0000000000000023       0x24 c:/intelfpga/18.1/nios2eds/bin/gnu/h-x86_64-mingw32/bin/../lib/gcc/nios2-elf/5.3.0\libgcc.a(floatsidf.o)
 .comment       0x0000000000000023       0x24 c:/intelfpga/18.1/nios2eds/bin/gnu/h-x86_64-mingw32/bin/../lib/gcc/nios2-elf/5.3.0\libgcc.a(_clzsi2.o)
 .comment       0x0000000000000023       0x24 c:/intelfpga/18.1/nios2eds/bin/gnu/h-x86_64-mingw32/bin/../lib/gcc/nios2-elf/5.3.0\libgcc.a(_clz.o)
 .comment       0x0000000000000023       0x24 ../Pacemaker_FPGA_bsp/\libhal_bsp.a(alt_iic.o)
 .comment       0x0000000000000023       0x24 ../Pacemaker_FPGA_bsp/\libhal_bsp.a(alt_iic_isr_register.o)
 .comment       0x0000000000000023       0x24 ../Pacemaker_FPGA_bsp/\libhal_bsp.a(alt_irq_handler.o)
 .comment       0x0000000000000023       0x24 ../Pacemaker_FPGA_bsp/\libhal_bsp.a(alt_irq_vars.o)
 .comment       0x0000000000000023       0x24 ../Pacemaker_FPGA_bsp/\libhal_bsp.a(alt_load.o)
 .comment       0x0000000000000023       0x24 ../Pacemaker_FPGA_bsp/\libhal_bsp.a(alt_main.o)
 .comment       0x0000000000000023       0x24 ../Pacemaker_FPGA_bsp/\libhal_bsp.a(alt_sys_init.o)
 .comment       0x0000000000000023       0x24 ../Pacemaker_FPGA_bsp/\libhal_bsp.a(altera_avalon_jtag_uart_fd.o)
 .comment       0x0000000000000023       0x24 ../Pacemaker_FPGA_bsp/\libhal_bsp.a(altera_avalon_jtag_uart_init.o)
 .comment       0x0000000000000023       0x24 ../Pacemaker_FPGA_bsp/\libhal_bsp.a(altera_avalon_jtag_uart_ioctl.o)
 .comment       0x0000000000000023       0x24 ../Pacemaker_FPGA_bsp/\libhal_bsp.a(altera_avalon_jtag_uart_read.o)
 .comment       0x0000000000000023       0x24 ../Pacemaker_FPGA_bsp/\libhal_bsp.a(altera_avalon_jtag_uart_write.o)
 .comment       0x0000000000000023       0x24 ../Pacemaker_FPGA_bsp/\libhal_bsp.a(altera_avalon_lcd_16207.o)
 .comment       0x0000000000000023       0x24 ../Pacemaker_FPGA_bsp/\libhal_bsp.a(altera_avalon_lcd_16207_fd.o)
 .comment       0x0000000000000023       0x24 ../Pacemaker_FPGA_bsp/\libhal_bsp.a(altera_avalon_timer_sc.o)
 .comment       0x0000000000000023       0x24 ../Pacemaker_FPGA_bsp/\libhal_bsp.a(altera_avalon_uart_fd.o)
 .comment       0x0000000000000023       0x24 ../Pacemaker_FPGA_bsp/\libhal_bsp.a(altera_avalon_uart_init.o)
 .comment       0x0000000000000023       0x24 ../Pacemaker_FPGA_bsp/\libhal_bsp.a(altera_avalon_uart_read.o)
 .comment       0x0000000000000023       0x24 ../Pacemaker_FPGA_bsp/\libhal_bsp.a(altera_avalon_uart_write.o)
 .comment       0x0000000000000023       0x24 ../Pacemaker_FPGA_bsp/\libhal_bsp.a(alt_alarm_start.o)
 .comment       0x0000000000000023       0x24 ../Pacemaker_FPGA_bsp/\libhal_bsp.a(alt_close.o)
 .comment       0x0000000000000023       0x24 ../Pacemaker_FPGA_bsp/\libhal_bsp.a(alt_dcache_flush_all.o)
 .comment       0x0000000000000023       0x24 ../Pacemaker_FPGA_bsp/\libhal_bsp.a(alt_dev.o)
 .comment       0x0000000000000023       0x24 ../Pacemaker_FPGA_bsp/\libhal_bsp.a(alt_dev_llist_insert.o)
 .comment       0x0000000000000023       0x24 ../Pacemaker_FPGA_bsp/\libhal_bsp.a(alt_do_ctors.o)
 .comment       0x0000000000000023       0x24 ../Pacemaker_FPGA_bsp/\libhal_bsp.a(alt_do_dtors.o)
 .comment       0x0000000000000023       0x24 ../Pacemaker_FPGA_bsp/\libhal_bsp.a(alt_errno.o)
 .comment       0x0000000000000023       0x24 ../Pacemaker_FPGA_bsp/\libhal_bsp.a(alt_icache_flush_all.o)
 .comment       0x0000000000000023       0x24 ../Pacemaker_FPGA_bsp/\libhal_bsp.a(alt_instruction_exception_entry.o)
 .comment       0x0000000000000023       0x24 ../Pacemaker_FPGA_bsp/\libhal_bsp.a(alt_io_redirect.o)
 .comment       0x0000000000000023       0x24 ../Pacemaker_FPGA_bsp/\libhal_bsp.a(alt_open.o)
 .comment       0x0000000000000023       0x24 ../Pacemaker_FPGA_bsp/\libhal_bsp.a(alt_release_fd.o)
 .comment       0x0000000000000023       0x24 ../Pacemaker_FPGA_bsp/\libhal_bsp.a(alt_tick.o)
 .comment       0x0000000000000023       0x24 ../Pacemaker_FPGA_bsp/\libhal_bsp.a(alt_usleep.o)
 .comment       0x0000000000000023       0x24 ../Pacemaker_FPGA_bsp/\libhal_bsp.a(altera_nios2_gen2_irq.o)
 .comment       0x0000000000000023       0x24 ../Pacemaker_FPGA_bsp/\libhal_bsp.a(alt_busy_sleep.o)
 .comment       0x0000000000000023       0x24 ../Pacemaker_FPGA_bsp/\libhal_bsp.a(alt_find_dev.o)
 .comment       0x0000000000000023       0x24 ../Pacemaker_FPGA_bsp/\libhal_bsp.a(alt_find_file.o)
 .comment       0x0000000000000023       0x24 ../Pacemaker_FPGA_bsp/\libhal_bsp.a(alt_get_fd.o)
 .comment       0x0000000000000023       0x24 ../Pacemaker_FPGA_bsp/\libhal_bsp.a(alt_icache_flush.o)
 .comment       0x0000000000000023       0x24 c:/intelfpga/18.1/nios2eds/bin/gnu/h-x86_64-mingw32/bin/../lib/gcc/nios2-elf/5.3.0/../../../../../H-x86_64-mingw32/nios2-elf/lib\libc.a(lib_a-atexit.o)
 .comment       0x0000000000000023       0x24 c:/intelfpga/18.1/nios2eds/bin/gnu/h-x86_64-mingw32/bin/../lib/gcc/nios2-elf/5.3.0/../../../../../H-x86_64-mingw32/nios2-elf/lib\libc.a(lib_a-ctype_.o)
 .comment       0x0000000000000023       0x24 c:/intelfpga/18.1/nios2eds/bin/gnu/h-x86_64-mingw32/bin/../lib/gcc/nios2-elf/5.3.0/../../../../../H-x86_64-mingw32/nios2-elf/lib\libc.a(lib_a-exit.o)
 .comment       0x0000000000000023       0x24 c:/intelfpga/18.1/nios2eds/bin/gnu/h-x86_64-mingw32/bin/../lib/gcc/nios2-elf/5.3.0/../../../../../H-x86_64-mingw32/nios2-elf/lib\libc.a(lib_a-impure.o)
 .comment       0x0000000000000023       0x24 c:/intelfpga/18.1/nios2eds/bin/gnu/h-x86_64-mingw32/bin/../lib/gcc/nios2-elf/5.3.0/../../../../../H-x86_64-mingw32/nios2-elf/lib\libc.a(lib_a-int_errno.o)
 .comment       0x0000000000000023       0x24 c:/intelfpga/18.1/nios2eds/bin/gnu/h-x86_64-mingw32/bin/../lib/gcc/nios2-elf/5.3.0/../../../../../H-x86_64-mingw32/nios2-elf/lib\libc.a(lib_a-memcmp.o)
 .comment       0x0000000000000023       0x24 c:/intelfpga/18.1/nios2eds/bin/gnu/h-x86_64-mingw32/bin/../lib/gcc/nios2-elf/5.3.0/../../../../../H-x86_64-mingw32/nios2-elf/lib\libc.a(lib_a-memcpy.o)
 .comment       0x0000000000000023       0x24 c:/intelfpga/18.1/nios2eds/bin/gnu/h-x86_64-mingw32/bin/../lib/gcc/nios2-elf/5.3.0/../../../../../H-x86_64-mingw32/nios2-elf/lib\libc.a(lib_a-memset.o)
 .comment       0x0000000000000023       0x24 c:/intelfpga/18.1/nios2eds/bin/gnu/h-x86_64-mingw32/bin/../lib/gcc/nios2-elf/5.3.0/../../../../../H-x86_64-mingw32/nios2-elf/lib\libc.a(lib_a-strlen.o)
 .comment       0x0000000000000023       0x24 c:/intelfpga/18.1/nios2eds/bin/gnu/h-x86_64-mingw32/bin/../lib/gcc/nios2-elf/5.3.0/../../../../../H-x86_64-mingw32/nios2-elf/lib\libc.a(lib_a-__atexit.o)
 .comment       0x0000000000000023       0x24 c:/intelfpga/18.1/nios2eds/bin/gnu/h-x86_64-mingw32/bin/../lib/gcc/nios2-elf/5.3.0/../../../../../H-x86_64-mingw32/nios2-elf/lib\libc.a(lib_a-__call_atexit.o)
 .comment       0x0000000000000023       0x24 ../Pacemaker_FPGA_bsp/\libhal_bsp.a(alt_exit.o)

.debug
 *(.debug)

.line
 *(.line)

.debug_srcinfo
 *(.debug_srcinfo)

.debug_sfnames
 *(.debug_sfnames)

.debug_aranges  0x0000000000000000      0x828
 *(.debug_aranges)
 .debug_aranges
                0x0000000000000000       0x28 ../Pacemaker_FPGA_bsp//obj/HAL/src/crt0.o
 .debug_aranges
                0x0000000000000028       0x20 obj/default/src/Pacemaker.o
 .debug_aranges
                0x0000000000000048       0x20 obj/default/src/main.o
 .debug_aranges
                0x0000000000000068       0x20 c:/intelfpga/18.1/nios2eds/bin/gnu/h-x86_64-mingw32/bin/../lib/gcc/nios2-elf/5.3.0\libgcc.a(lib2-divmod.o)
 .debug_aranges
                0x0000000000000088       0x20 c:/intelfpga/18.1/nios2eds/bin/gnu/h-x86_64-mingw32/bin/../lib/gcc/nios2-elf/5.3.0\libgcc.a(adddf3.o)
 .debug_aranges
                0x00000000000000a8       0x20 c:/intelfpga/18.1/nios2eds/bin/gnu/h-x86_64-mingw32/bin/../lib/gcc/nios2-elf/5.3.0\libgcc.a(gedf2.o)
 .debug_aranges
                0x00000000000000c8       0x20 c:/intelfpga/18.1/nios2eds/bin/gnu/h-x86_64-mingw32/bin/../lib/gcc/nios2-elf/5.3.0\libgcc.a(ledf2.o)
 .debug_aranges
                0x00000000000000e8       0x20 c:/intelfpga/18.1/nios2eds/bin/gnu/h-x86_64-mingw32/bin/../lib/gcc/nios2-elf/5.3.0\libgcc.a(subdf3.o)
 .debug_aranges
                0x0000000000000108       0x20 c:/intelfpga/18.1/nios2eds/bin/gnu/h-x86_64-mingw32/bin/../lib/gcc/nios2-elf/5.3.0\libgcc.a(floatsidf.o)
 .debug_aranges
                0x0000000000000128       0x20 c:/intelfpga/18.1/nios2eds/bin/gnu/h-x86_64-mingw32/bin/../lib/gcc/nios2-elf/5.3.0\libgcc.a(_clzsi2.o)
 .debug_aranges
                0x0000000000000148       0x18 c:/intelfpga/18.1/nios2eds/bin/gnu/h-x86_64-mingw32/bin/../lib/gcc/nios2-elf/5.3.0\libgcc.a(_clz.o)
 .debug_aranges
                0x0000000000000160       0x20 ../Pacemaker_FPGA_bsp/\libhal_bsp.a(alt_iic.o)
 .debug_aranges
                0x0000000000000180       0x20 ../Pacemaker_FPGA_bsp/\libhal_bsp.a(alt_iic_isr_register.o)
 .debug_aranges
                0x00000000000001a0       0x30 ../Pacemaker_FPGA_bsp/\libhal_bsp.a(alt_irq_entry.o)
 .debug_aranges
                0x00000000000001d0       0x20 ../Pacemaker_FPGA_bsp/\libhal_bsp.a(alt_irq_handler.o)
 .debug_aranges
                0x00000000000001f0       0x18 ../Pacemaker_FPGA_bsp/\libhal_bsp.a(alt_irq_vars.o)
 .debug_aranges
                0x0000000000000208       0x20 ../Pacemaker_FPGA_bsp/\libhal_bsp.a(alt_load.o)
 .debug_aranges
                0x0000000000000228       0x20 ../Pacemaker_FPGA_bsp/\libhal_bsp.a(alt_main.o)
 .debug_aranges
                0x0000000000000248       0x20 ../Pacemaker_FPGA_bsp/\libhal_bsp.a(alt_sys_init.o)
 .debug_aranges
                0x0000000000000268       0x20 ../Pacemaker_FPGA_bsp/\libhal_bsp.a(altera_avalon_jtag_uart_fd.o)
 .debug_aranges
                0x0000000000000288       0x20 ../Pacemaker_FPGA_bsp/\libhal_bsp.a(altera_avalon_jtag_uart_init.o)
 .debug_aranges
                0x00000000000002a8       0x20 ../Pacemaker_FPGA_bsp/\libhal_bsp.a(altera_avalon_jtag_uart_ioctl.o)
 .debug_aranges
                0x00000000000002c8       0x20 ../Pacemaker_FPGA_bsp/\libhal_bsp.a(altera_avalon_jtag_uart_read.o)
 .debug_aranges
                0x00000000000002e8       0x20 ../Pacemaker_FPGA_bsp/\libhal_bsp.a(altera_avalon_jtag_uart_write.o)
 .debug_aranges
                0x0000000000000308       0x20 ../Pacemaker_FPGA_bsp/\libhal_bsp.a(altera_avalon_lcd_16207.o)
 .debug_aranges
                0x0000000000000328       0x20 ../Pacemaker_FPGA_bsp/\libhal_bsp.a(altera_avalon_lcd_16207_fd.o)
 .debug_aranges
                0x0000000000000348       0x20 ../Pacemaker_FPGA_bsp/\libhal_bsp.a(altera_avalon_timer_sc.o)
 .debug_aranges
                0x0000000000000368       0x20 ../Pacemaker_FPGA_bsp/\libhal_bsp.a(altera_avalon_uart_fd.o)
 .debug_aranges
                0x0000000000000388       0x20 ../Pacemaker_FPGA_bsp/\libhal_bsp.a(altera_avalon_uart_init.o)
 .debug_aranges
                0x00000000000003a8       0x20 ../Pacemaker_FPGA_bsp/\libhal_bsp.a(altera_avalon_uart_read.o)
 .debug_aranges
                0x00000000000003c8       0x20 ../Pacemaker_FPGA_bsp/\libhal_bsp.a(altera_avalon_uart_write.o)
 .debug_aranges
                0x00000000000003e8       0x20 ../Pacemaker_FPGA_bsp/\libhal_bsp.a(alt_alarm_start.o)
 .debug_aranges
                0x0000000000000408       0x20 ../Pacemaker_FPGA_bsp/\libhal_bsp.a(alt_close.o)
 .debug_aranges
                0x0000000000000428       0x20 ../Pacemaker_FPGA_bsp/\libhal_bsp.a(alt_dcache_flush_all.o)
 .debug_aranges
                0x0000000000000448       0x20 ../Pacemaker_FPGA_bsp/\libhal_bsp.a(alt_dev.o)
 .debug_aranges
                0x0000000000000468       0x20 ../Pacemaker_FPGA_bsp/\libhal_bsp.a(alt_dev_llist_insert.o)
 .debug_aranges
                0x0000000000000488       0x20 ../Pacemaker_FPGA_bsp/\libhal_bsp.a(alt_do_ctors.o)
 .debug_aranges
                0x00000000000004a8       0x20 ../Pacemaker_FPGA_bsp/\libhal_bsp.a(alt_do_dtors.o)
 .debug_aranges
                0x00000000000004c8       0x18 ../Pacemaker_FPGA_bsp/\libhal_bsp.a(alt_errno.o)
 .debug_aranges
                0x00000000000004e0       0x38 ../Pacemaker_FPGA_bsp/\libhal_bsp.a(alt_exception_entry.o)
 .debug_aranges
                0x0000000000000518       0x20 ../Pacemaker_FPGA_bsp/\libhal_bsp.a(alt_icache_flush_all.o)
 .debug_aranges
                0x0000000000000538       0x28 ../Pacemaker_FPGA_bsp/\libhal_bsp.a(alt_instruction_exception_entry.o)
 .debug_aranges
                0x0000000000000560       0x20 ../Pacemaker_FPGA_bsp/\libhal_bsp.a(alt_io_redirect.o)
 .debug_aranges
                0x0000000000000580       0x20 ../Pacemaker_FPGA_bsp/\libhal_bsp.a(alt_open.o)
 .debug_aranges
                0x00000000000005a0       0x20 ../Pacemaker_FPGA_bsp/\libhal_bsp.a(alt_release_fd.o)
 .debug_aranges
                0x00000000000005c0       0x20 ../Pacemaker_FPGA_bsp/\libhal_bsp.a(alt_tick.o)
 .debug_aranges
                0x00000000000005e0       0x20 ../Pacemaker_FPGA_bsp/\libhal_bsp.a(alt_usleep.o)
 .debug_aranges
                0x0000000000000600       0x20 ../Pacemaker_FPGA_bsp/\libhal_bsp.a(altera_nios2_gen2_irq.o)
 .debug_aranges
                0x0000000000000620       0x20 ../Pacemaker_FPGA_bsp/\libhal_bsp.a(alt_busy_sleep.o)
 .debug_aranges
                0x0000000000000640       0x20 ../Pacemaker_FPGA_bsp/\libhal_bsp.a(alt_find_dev.o)
 .debug_aranges
                0x0000000000000660       0x20 ../Pacemaker_FPGA_bsp/\libhal_bsp.a(alt_find_file.o)
 .debug_aranges
                0x0000000000000680       0x20 ../Pacemaker_FPGA_bsp/\libhal_bsp.a(alt_get_fd.o)
 .debug_aranges
                0x00000000000006a0       0x20 ../Pacemaker_FPGA_bsp/\libhal_bsp.a(alt_icache_flush.o)
 .debug_aranges
                0x00000000000006c0       0x20 c:/intelfpga/18.1/nios2eds/bin/gnu/h-x86_64-mingw32/bin/../lib/gcc/nios2-elf/5.3.0/../../../../../H-x86_64-mingw32/nios2-elf/lib\libc.a(lib_a-atexit.o)
 .debug_aranges
                0x00000000000006e0       0x18 c:/intelfpga/18.1/nios2eds/bin/gnu/h-x86_64-mingw32/bin/../lib/gcc/nios2-elf/5.3.0/../../../../../H-x86_64-mingw32/nios2-elf/lib\libc.a(lib_a-ctype_.o)
 .debug_aranges
                0x00000000000006f8       0x20 c:/intelfpga/18.1/nios2eds/bin/gnu/h-x86_64-mingw32/bin/../lib/gcc/nios2-elf/5.3.0/../../../../../H-x86_64-mingw32/nios2-elf/lib\libc.a(lib_a-exit.o)
 .debug_aranges
                0x0000000000000718       0x18 c:/intelfpga/18.1/nios2eds/bin/gnu/h-x86_64-mingw32/bin/../lib/gcc/nios2-elf/5.3.0/../../../../../H-x86_64-mingw32/nios2-elf/lib\libc.a(lib_a-impure.o)
 .debug_aranges
                0x0000000000000730       0x18 c:/intelfpga/18.1/nios2eds/bin/gnu/h-x86_64-mingw32/bin/../lib/gcc/nios2-elf/5.3.0/../../../../../H-x86_64-mingw32/nios2-elf/lib\libc.a(lib_a-int_errno.o)
 .debug_aranges
                0x0000000000000748       0x20 c:/intelfpga/18.1/nios2eds/bin/gnu/h-x86_64-mingw32/bin/../lib/gcc/nios2-elf/5.3.0/../../../../../H-x86_64-mingw32/nios2-elf/lib\libc.a(lib_a-memcmp.o)
 .debug_aranges
                0x0000000000000768       0x20 c:/intelfpga/18.1/nios2eds/bin/gnu/h-x86_64-mingw32/bin/../lib/gcc/nios2-elf/5.3.0/../../../../../H-x86_64-mingw32/nios2-elf/lib\libc.a(lib_a-memcpy.o)
 .debug_aranges
                0x0000000000000788       0x20 c:/intelfpga/18.1/nios2eds/bin/gnu/h-x86_64-mingw32/bin/../lib/gcc/nios2-elf/5.3.0/../../../../../H-x86_64-mingw32/nios2-elf/lib\libc.a(lib_a-memset.o)
 .debug_aranges
                0x00000000000007a8       0x20 c:/intelfpga/18.1/nios2eds/bin/gnu/h-x86_64-mingw32/bin/../lib/gcc/nios2-elf/5.3.0/../../../../../H-x86_64-mingw32/nios2-elf/lib\libc.a(lib_a-strlen.o)
 .debug_aranges
                0x00000000000007c8       0x20 c:/intelfpga/18.1/nios2eds/bin/gnu/h-x86_64-mingw32/bin/../lib/gcc/nios2-elf/5.3.0/../../../../../H-x86_64-mingw32/nios2-elf/lib\libc.a(lib_a-__atexit.o)
 .debug_aranges
                0x00000000000007e8       0x20 c:/intelfpga/18.1/nios2eds/bin/gnu/h-x86_64-mingw32/bin/../lib/gcc/nios2-elf/5.3.0/../../../../../H-x86_64-mingw32/nios2-elf/lib\libc.a(lib_a-__call_atexit.o)
 .debug_aranges
                0x0000000000000808       0x20 ../Pacemaker_FPGA_bsp/\libhal_bsp.a(alt_exit.o)

.debug_pubnames
 *(.debug_pubnames)

.debug_info     0x0000000000000000     0xc77a
 *(.debug_info .gnu.linkonce.wi.*)
 .debug_info    0x0000000000000000       0x61 ../Pacemaker_FPGA_bsp//obj/HAL/src/crt0.o
 .debug_info    0x0000000000000061      0xef0 obj/default/src/Pacemaker.o
 .debug_info    0x0000000000000f51      0xf7d obj/default/src/main.o
 .debug_info    0x0000000000001ece      0x2c6 c:/intelfpga/18.1/nios2eds/bin/gnu/h-x86_64-mingw32/bin/../lib/gcc/nios2-elf/5.3.0\libgcc.a(lib2-divmod.o)
 .debug_info    0x0000000000002194      0x4a2 c:/intelfpga/18.1/nios2eds/bin/gnu/h-x86_64-mingw32/bin/../lib/gcc/nios2-elf/5.3.0\libgcc.a(adddf3.o)
 .debug_info    0x0000000000002636      0x202 c:/intelfpga/18.1/nios2eds/bin/gnu/h-x86_64-mingw32/bin/../lib/gcc/nios2-elf/5.3.0\libgcc.a(gedf2.o)
 .debug_info    0x0000000000002838      0x204 c:/intelfpga/18.1/nios2eds/bin/gnu/h-x86_64-mingw32/bin/../lib/gcc/nios2-elf/5.3.0\libgcc.a(ledf2.o)
 .debug_info    0x0000000000002a3c      0x4a2 c:/intelfpga/18.1/nios2eds/bin/gnu/h-x86_64-mingw32/bin/../lib/gcc/nios2-elf/5.3.0\libgcc.a(subdf3.o)
 .debug_info    0x0000000000002ede      0x1bc c:/intelfpga/18.1/nios2eds/bin/gnu/h-x86_64-mingw32/bin/../lib/gcc/nios2-elf/5.3.0\libgcc.a(floatsidf.o)
 .debug_info    0x000000000000309a      0x124 c:/intelfpga/18.1/nios2eds/bin/gnu/h-x86_64-mingw32/bin/../lib/gcc/nios2-elf/5.3.0\libgcc.a(_clzsi2.o)
 .debug_info    0x00000000000031be       0xb2 c:/intelfpga/18.1/nios2eds/bin/gnu/h-x86_64-mingw32/bin/../lib/gcc/nios2-elf/5.3.0\libgcc.a(_clz.o)
 .debug_info    0x0000000000003270      0x350 ../Pacemaker_FPGA_bsp/\libhal_bsp.a(alt_iic.o)
 .debug_info    0x00000000000035c0      0x1ef ../Pacemaker_FPGA_bsp/\libhal_bsp.a(alt_iic_isr_register.o)
 .debug_info    0x00000000000037af       0x6a ../Pacemaker_FPGA_bsp/\libhal_bsp.a(alt_irq_entry.o)
 .debug_info    0x0000000000003819      0x187 ../Pacemaker_FPGA_bsp/\libhal_bsp.a(alt_irq_handler.o)
 .debug_info    0x00000000000039a0       0x88 ../Pacemaker_FPGA_bsp/\libhal_bsp.a(alt_irq_vars.o)
 .debug_info    0x0000000000003a28      0x145 ../Pacemaker_FPGA_bsp/\libhal_bsp.a(alt_load.o)
 .debug_info    0x0000000000003b6d      0x131 ../Pacemaker_FPGA_bsp/\libhal_bsp.a(alt_main.o)
 .debug_info    0x0000000000003c9e      0x723 ../Pacemaker_FPGA_bsp/\libhal_bsp.a(alt_sys_init.o)
 .debug_info    0x00000000000043c1      0x52e ../Pacemaker_FPGA_bsp/\libhal_bsp.a(altera_avalon_jtag_uart_fd.o)
 .debug_info    0x00000000000048ef      0x3a0 ../Pacemaker_FPGA_bsp/\libhal_bsp.a(altera_avalon_jtag_uart_init.o)
 .debug_info    0x0000000000004c8f      0x280 ../Pacemaker_FPGA_bsp/\libhal_bsp.a(altera_avalon_jtag_uart_ioctl.o)
 .debug_info    0x0000000000004f0f      0x345 ../Pacemaker_FPGA_bsp/\libhal_bsp.a(altera_avalon_jtag_uart_read.o)
 .debug_info    0x0000000000005254      0x340 ../Pacemaker_FPGA_bsp/\libhal_bsp.a(altera_avalon_jtag_uart_write.o)
 .debug_info    0x0000000000005594      0x6d1 ../Pacemaker_FPGA_bsp/\libhal_bsp.a(altera_avalon_lcd_16207.o)
 .debug_info    0x0000000000005c65      0x4cc ../Pacemaker_FPGA_bsp/\libhal_bsp.a(altera_avalon_lcd_16207_fd.o)
 .debug_info    0x0000000000006131      0x226 ../Pacemaker_FPGA_bsp/\libhal_bsp.a(altera_avalon_timer_sc.o)
 .debug_info    0x0000000000006357      0x447 ../Pacemaker_FPGA_bsp/\libhal_bsp.a(altera_avalon_uart_fd.o)
 .debug_info    0x000000000000679e      0x333 ../Pacemaker_FPGA_bsp/\libhal_bsp.a(altera_avalon_uart_init.o)
 .debug_info    0x0000000000006ad1      0x319 ../Pacemaker_FPGA_bsp/\libhal_bsp.a(altera_avalon_uart_read.o)
 .debug_info    0x0000000000006dea      0x31e ../Pacemaker_FPGA_bsp/\libhal_bsp.a(altera_avalon_uart_write.o)
 .debug_info    0x0000000000007108      0x2cc ../Pacemaker_FPGA_bsp/\libhal_bsp.a(alt_alarm_start.o)
 .debug_info    0x00000000000073d4      0x321 ../Pacemaker_FPGA_bsp/\libhal_bsp.a(alt_close.o)
 .debug_info    0x00000000000076f5       0xa5 ../Pacemaker_FPGA_bsp/\libhal_bsp.a(alt_dcache_flush_all.o)
 .debug_info    0x000000000000779a      0x49c ../Pacemaker_FPGA_bsp/\libhal_bsp.a(alt_dev.o)
 .debug_info    0x0000000000007c36      0x1a9 ../Pacemaker_FPGA_bsp/\libhal_bsp.a(alt_dev_llist_insert.o)
 .debug_info    0x0000000000007ddf       0x83 ../Pacemaker_FPGA_bsp/\libhal_bsp.a(alt_do_ctors.o)
 .debug_info    0x0000000000007e62       0x83 ../Pacemaker_FPGA_bsp/\libhal_bsp.a(alt_do_dtors.o)
 .debug_info    0x0000000000007ee5       0xa6 ../Pacemaker_FPGA_bsp/\libhal_bsp.a(alt_errno.o)
 .debug_info    0x0000000000007f8b       0x70 ../Pacemaker_FPGA_bsp/\libhal_bsp.a(alt_exception_entry.o)
 .debug_info    0x0000000000007ffb       0x92 ../Pacemaker_FPGA_bsp/\libhal_bsp.a(alt_icache_flush_all.o)
 .debug_info    0x000000000000808d      0x1e7 ../Pacemaker_FPGA_bsp/\libhal_bsp.a(alt_instruction_exception_entry.o)
 .debug_info    0x0000000000008274      0x4a5 ../Pacemaker_FPGA_bsp/\libhal_bsp.a(alt_io_redirect.o)
 .debug_info    0x0000000000008719      0x3bb ../Pacemaker_FPGA_bsp/\libhal_bsp.a(alt_open.o)
 .debug_info    0x0000000000008ad4      0x2b0 ../Pacemaker_FPGA_bsp/\libhal_bsp.a(alt_release_fd.o)
 .debug_info    0x0000000000008d84      0x299 ../Pacemaker_FPGA_bsp/\libhal_bsp.a(alt_tick.o)
 .debug_info    0x000000000000901d       0xb0 ../Pacemaker_FPGA_bsp/\libhal_bsp.a(alt_usleep.o)
 .debug_info    0x00000000000090cd       0x92 ../Pacemaker_FPGA_bsp/\libhal_bsp.a(altera_nios2_gen2_irq.o)
 .debug_info    0x000000000000915f       0xd7 ../Pacemaker_FPGA_bsp/\libhal_bsp.a(alt_busy_sleep.o)
 .debug_info    0x0000000000009236      0x2e9 ../Pacemaker_FPGA_bsp/\libhal_bsp.a(alt_find_dev.o)
 .debug_info    0x000000000000951f      0x2e6 ../Pacemaker_FPGA_bsp/\libhal_bsp.a(alt_find_file.o)
 .debug_info    0x0000000000009805      0x310 ../Pacemaker_FPGA_bsp/\libhal_bsp.a(alt_get_fd.o)
 .debug_info    0x0000000000009b15       0xdc ../Pacemaker_FPGA_bsp/\libhal_bsp.a(alt_icache_flush.o)
 .debug_info    0x0000000000009bf1       0xfe c:/intelfpga/18.1/nios2eds/bin/gnu/h-x86_64-mingw32/bin/../lib/gcc/nios2-elf/5.3.0/../../../../../H-x86_64-mingw32/nios2-elf/lib\libc.a(lib_a-atexit.o)
 .debug_info    0x0000000000009cef       0x96 c:/intelfpga/18.1/nios2eds/bin/gnu/h-x86_64-mingw32/bin/../lib/gcc/nios2-elf/5.3.0/../../../../../H-x86_64-mingw32/nios2-elf/lib\libc.a(lib_a-ctype_.o)
 .debug_info    0x0000000000009d85      0x8e4 c:/intelfpga/18.1/nios2eds/bin/gnu/h-x86_64-mingw32/bin/../lib/gcc/nios2-elf/5.3.0/../../../../../H-x86_64-mingw32/nios2-elf/lib\libc.a(lib_a-exit.o)
 .debug_info    0x000000000000a669      0x8a1 c:/intelfpga/18.1/nios2eds/bin/gnu/h-x86_64-mingw32/bin/../lib/gcc/nios2-elf/5.3.0/../../../../../H-x86_64-mingw32/nios2-elf/lib\libc.a(lib_a-impure.o)
 .debug_info    0x000000000000af0a       0x8a c:/intelfpga/18.1/nios2eds/bin/gnu/h-x86_64-mingw32/bin/../lib/gcc/nios2-elf/5.3.0/../../../../../H-x86_64-mingw32/nios2-elf/lib\libc.a(lib_a-int_errno.o)
 .debug_info    0x000000000000af94      0x11a c:/intelfpga/18.1/nios2eds/bin/gnu/h-x86_64-mingw32/bin/../lib/gcc/nios2-elf/5.3.0/../../../../../H-x86_64-mingw32/nios2-elf/lib\libc.a(lib_a-memcmp.o)
 .debug_info    0x000000000000b0ae      0x144 c:/intelfpga/18.1/nios2eds/bin/gnu/h-x86_64-mingw32/bin/../lib/gcc/nios2-elf/5.3.0/../../../../../H-x86_64-mingw32/nios2-elf/lib\libc.a(lib_a-memcpy.o)
 .debug_info    0x000000000000b1f2      0x121 c:/intelfpga/18.1/nios2eds/bin/gnu/h-x86_64-mingw32/bin/../lib/gcc/nios2-elf/5.3.0/../../../../../H-x86_64-mingw32/nios2-elf/lib\libc.a(lib_a-memset.o)
 .debug_info    0x000000000000b313       0xe2 c:/intelfpga/18.1/nios2eds/bin/gnu/h-x86_64-mingw32/bin/../lib/gcc/nios2-elf/5.3.0/../../../../../H-x86_64-mingw32/nios2-elf/lib\libc.a(lib_a-strlen.o)
 .debug_info    0x000000000000b3f5      0x934 c:/intelfpga/18.1/nios2eds/bin/gnu/h-x86_64-mingw32/bin/../lib/gcc/nios2-elf/5.3.0/../../../../../H-x86_64-mingw32/nios2-elf/lib\libc.a(lib_a-__atexit.o)
 .debug_info    0x000000000000bd29      0x965 c:/intelfpga/18.1/nios2eds/bin/gnu/h-x86_64-mingw32/bin/../lib/gcc/nios2-elf/5.3.0/../../../../../H-x86_64-mingw32/nios2-elf/lib\libc.a(lib_a-__call_atexit.o)
 .debug_info    0x000000000000c68e       0xec ../Pacemaker_FPGA_bsp/\libhal_bsp.a(alt_exit.o)

.debug_abbrev   0x0000000000000000     0x3f6a
 *(.debug_abbrev)
 .debug_abbrev  0x0000000000000000       0x12 ../Pacemaker_FPGA_bsp//obj/HAL/src/crt0.o
 .debug_abbrev  0x0000000000000012      0x114 obj/default/src/Pacemaker.o
 .debug_abbrev  0x0000000000000126      0x12d obj/default/src/main.o
 .debug_abbrev  0x0000000000000253      0x10e c:/intelfpga/18.1/nios2eds/bin/gnu/h-x86_64-mingw32/bin/../lib/gcc/nios2-elf/5.3.0\libgcc.a(lib2-divmod.o)
 .debug_abbrev  0x0000000000000361      0x13a c:/intelfpga/18.1/nios2eds/bin/gnu/h-x86_64-mingw32/bin/../lib/gcc/nios2-elf/5.3.0\libgcc.a(adddf3.o)
 .debug_abbrev  0x000000000000049b      0x137 c:/intelfpga/18.1/nios2eds/bin/gnu/h-x86_64-mingw32/bin/../lib/gcc/nios2-elf/5.3.0\libgcc.a(gedf2.o)
 .debug_abbrev  0x00000000000005d2      0x137 c:/intelfpga/18.1/nios2eds/bin/gnu/h-x86_64-mingw32/bin/../lib/gcc/nios2-elf/5.3.0\libgcc.a(ledf2.o)
 .debug_abbrev  0x0000000000000709      0x133 c:/intelfpga/18.1/nios2eds/bin/gnu/h-x86_64-mingw32/bin/../lib/gcc/nios2-elf/5.3.0\libgcc.a(subdf3.o)
 .debug_abbrev  0x000000000000083c      0x124 c:/intelfpga/18.1/nios2eds/bin/gnu/h-x86_64-mingw32/bin/../lib/gcc/nios2-elf/5.3.0\libgcc.a(floatsidf.o)
 .debug_abbrev  0x0000000000000960       0xbe c:/intelfpga/18.1/nios2eds/bin/gnu/h-x86_64-mingw32/bin/../lib/gcc/nios2-elf/5.3.0\libgcc.a(_clzsi2.o)
 .debug_abbrev  0x0000000000000a1e       0x5d c:/intelfpga/18.1/nios2eds/bin/gnu/h-x86_64-mingw32/bin/../lib/gcc/nios2-elf/5.3.0\libgcc.a(_clz.o)
 .debug_abbrev  0x0000000000000a7b      0x163 ../Pacemaker_FPGA_bsp/\libhal_bsp.a(alt_iic.o)
 .debug_abbrev  0x0000000000000bde      0x169 ../Pacemaker_FPGA_bsp/\libhal_bsp.a(alt_iic_isr_register.o)
 .debug_abbrev  0x0000000000000d47       0x12 ../Pacemaker_FPGA_bsp/\libhal_bsp.a(alt_irq_entry.o)
 .debug_abbrev  0x0000000000000d59      0x122 ../Pacemaker_FPGA_bsp/\libhal_bsp.a(alt_irq_handler.o)
 .debug_abbrev  0x0000000000000e7b       0x40 ../Pacemaker_FPGA_bsp/\libhal_bsp.a(alt_irq_vars.o)
 .debug_abbrev  0x0000000000000ebb       0x9f ../Pacemaker_FPGA_bsp/\libhal_bsp.a(alt_load.o)
 .debug_abbrev  0x0000000000000f5a       0xba ../Pacemaker_FPGA_bsp/\libhal_bsp.a(alt_main.o)
 .debug_abbrev  0x0000000000001014      0x19f ../Pacemaker_FPGA_bsp/\libhal_bsp.a(alt_sys_init.o)
 .debug_abbrev  0x00000000000011b3      0x127 ../Pacemaker_FPGA_bsp/\libhal_bsp.a(altera_avalon_jtag_uart_fd.o)
 .debug_abbrev  0x00000000000012da      0x19e ../Pacemaker_FPGA_bsp/\libhal_bsp.a(altera_avalon_jtag_uart_init.o)
 .debug_abbrev  0x0000000000001478      0x111 ../Pacemaker_FPGA_bsp/\libhal_bsp.a(altera_avalon_jtag_uart_ioctl.o)
 .debug_abbrev  0x0000000000001589      0x1aa ../Pacemaker_FPGA_bsp/\libhal_bsp.a(altera_avalon_jtag_uart_read.o)
 .debug_abbrev  0x0000000000001733      0x1a8 ../Pacemaker_FPGA_bsp/\libhal_bsp.a(altera_avalon_jtag_uart_write.o)
 .debug_abbrev  0x00000000000018db      0x20f ../Pacemaker_FPGA_bsp/\libhal_bsp.a(altera_avalon_lcd_16207.o)
 .debug_abbrev  0x0000000000001aea      0x125 ../Pacemaker_FPGA_bsp/\libhal_bsp.a(altera_avalon_lcd_16207_fd.o)
 .debug_abbrev  0x0000000000001c0f      0x155 ../Pacemaker_FPGA_bsp/\libhal_bsp.a(altera_avalon_timer_sc.o)
 .debug_abbrev  0x0000000000001d64      0x109 ../Pacemaker_FPGA_bsp/\libhal_bsp.a(altera_avalon_uart_fd.o)
 .debug_abbrev  0x0000000000001e6d      0x178 ../Pacemaker_FPGA_bsp/\libhal_bsp.a(altera_avalon_uart_init.o)
 .debug_abbrev  0x0000000000001fe5      0x183 ../Pacemaker_FPGA_bsp/\libhal_bsp.a(altera_avalon_uart_read.o)
 .debug_abbrev  0x0000000000002168      0x18a ../Pacemaker_FPGA_bsp/\libhal_bsp.a(altera_avalon_uart_write.o)
 .debug_abbrev  0x00000000000022f2      0x162 ../Pacemaker_FPGA_bsp/\libhal_bsp.a(alt_alarm_start.o)
 .debug_abbrev  0x0000000000002454      0x11f ../Pacemaker_FPGA_bsp/\libhal_bsp.a(alt_close.o)
 .debug_abbrev  0x0000000000002573       0x5a ../Pacemaker_FPGA_bsp/\libhal_bsp.a(alt_dcache_flush_all.o)
 .debug_abbrev  0x00000000000025cd       0xd9 ../Pacemaker_FPGA_bsp/\libhal_bsp.a(alt_dev.o)
 .debug_abbrev  0x00000000000026a6      0x114 ../Pacemaker_FPGA_bsp/\libhal_bsp.a(alt_dev_llist_insert.o)
 .debug_abbrev  0x00000000000027ba       0x79 ../Pacemaker_FPGA_bsp/\libhal_bsp.a(alt_do_ctors.o)
 .debug_abbrev  0x0000000000002833       0x79 ../Pacemaker_FPGA_bsp/\libhal_bsp.a(alt_do_dtors.o)
 .debug_abbrev  0x00000000000028ac       0x5a ../Pacemaker_FPGA_bsp/\libhal_bsp.a(alt_errno.o)
 .debug_abbrev  0x0000000000002906       0x12 ../Pacemaker_FPGA_bsp/\libhal_bsp.a(alt_exception_entry.o)
 .debug_abbrev  0x0000000000002918       0x42 ../Pacemaker_FPGA_bsp/\libhal_bsp.a(alt_icache_flush_all.o)
 .debug_abbrev  0x000000000000295a       0xdc ../Pacemaker_FPGA_bsp/\libhal_bsp.a(alt_instruction_exception_entry.o)
 .debug_abbrev  0x0000000000002a36      0x114 ../Pacemaker_FPGA_bsp/\libhal_bsp.a(alt_io_redirect.o)
 .debug_abbrev  0x0000000000002b4a      0x148 ../Pacemaker_FPGA_bsp/\libhal_bsp.a(alt_open.o)
 .debug_abbrev  0x0000000000002c92       0xde ../Pacemaker_FPGA_bsp/\libhal_bsp.a(alt_release_fd.o)
 .debug_abbrev  0x0000000000002d70      0x15a ../Pacemaker_FPGA_bsp/\libhal_bsp.a(alt_tick.o)
 .debug_abbrev  0x0000000000002eca       0x60 ../Pacemaker_FPGA_bsp/\libhal_bsp.a(alt_usleep.o)
 .debug_abbrev  0x0000000000002f2a       0x42 ../Pacemaker_FPGA_bsp/\libhal_bsp.a(altera_nios2_gen2_irq.o)
 .debug_abbrev  0x0000000000002f6c       0x7e ../Pacemaker_FPGA_bsp/\libhal_bsp.a(alt_busy_sleep.o)
 .debug_abbrev  0x0000000000002fea       0xf0 ../Pacemaker_FPGA_bsp/\libhal_bsp.a(alt_find_dev.o)
 .debug_abbrev  0x00000000000030da       0xf0 ../Pacemaker_FPGA_bsp/\libhal_bsp.a(alt_find_file.o)
 .debug_abbrev  0x00000000000031ca      0x10d ../Pacemaker_FPGA_bsp/\libhal_bsp.a(alt_get_fd.o)
 .debug_abbrev  0x00000000000032d7       0x8c ../Pacemaker_FPGA_bsp/\libhal_bsp.a(alt_icache_flush.o)
 .debug_abbrev  0x0000000000003363       0xaa c:/intelfpga/18.1/nios2eds/bin/gnu/h-x86_64-mingw32/bin/../lib/gcc/nios2-elf/5.3.0/../../../../../H-x86_64-mingw32/nios2-elf/lib\libc.a(lib_a-atexit.o)
 .debug_abbrev  0x000000000000340d       0x5d c:/intelfpga/18.1/nios2eds/bin/gnu/h-x86_64-mingw32/bin/../lib/gcc/nios2-elf/5.3.0/../../../../../H-x86_64-mingw32/nios2-elf/lib\libc.a(lib_a-ctype_.o)
 .debug_abbrev  0x000000000000346a      0x1e5 c:/intelfpga/18.1/nios2eds/bin/gnu/h-x86_64-mingw32/bin/../lib/gcc/nios2-elf/5.3.0/../../../../../H-x86_64-mingw32/nios2-elf/lib\libc.a(lib_a-exit.o)
 .debug_abbrev  0x000000000000364f      0x18f c:/intelfpga/18.1/nios2eds/bin/gnu/h-x86_64-mingw32/bin/../lib/gcc/nios2-elf/5.3.0/../../../../../H-x86_64-mingw32/nios2-elf/lib\libc.a(lib_a-impure.o)
 .debug_abbrev  0x00000000000037de       0x37 c:/intelfpga/18.1/nios2eds/bin/gnu/h-x86_64-mingw32/bin/../lib/gcc/nios2-elf/5.3.0/../../../../../H-x86_64-mingw32/nios2-elf/lib\libc.a(lib_a-int_errno.o)
 .debug_abbrev  0x0000000000003815       0x7f c:/intelfpga/18.1/nios2eds/bin/gnu/h-x86_64-mingw32/bin/../lib/gcc/nios2-elf/5.3.0/../../../../../H-x86_64-mingw32/nios2-elf/lib\libc.a(lib_a-memcmp.o)
 .debug_abbrev  0x0000000000003894       0xa3 c:/intelfpga/18.1/nios2eds/bin/gnu/h-x86_64-mingw32/bin/../lib/gcc/nios2-elf/5.3.0/../../../../../H-x86_64-mingw32/nios2-elf/lib\libc.a(lib_a-memcpy.o)
 .debug_abbrev  0x0000000000003937       0xae c:/intelfpga/18.1/nios2eds/bin/gnu/h-x86_64-mingw32/bin/../lib/gcc/nios2-elf/5.3.0/../../../../../H-x86_64-mingw32/nios2-elf/lib\libc.a(lib_a-memset.o)
 .debug_abbrev  0x00000000000039e5       0x90 c:/intelfpga/18.1/nios2eds/bin/gnu/h-x86_64-mingw32/bin/../lib/gcc/nios2-elf/5.3.0/../../../../../H-x86_64-mingw32/nios2-elf/lib\libc.a(lib_a-strlen.o)
 .debug_abbrev  0x0000000000003a75      0x21e c:/intelfpga/18.1/nios2eds/bin/gnu/h-x86_64-mingw32/bin/../lib/gcc/nios2-elf/5.3.0/../../../../../H-x86_64-mingw32/nios2-elf/lib\libc.a(lib_a-__atexit.o)
 .debug_abbrev  0x0000000000003c93      0x22e c:/intelfpga/18.1/nios2eds/bin/gnu/h-x86_64-mingw32/bin/../lib/gcc/nios2-elf/5.3.0/../../../../../H-x86_64-mingw32/nios2-elf/lib\libc.a(lib_a-__call_atexit.o)
 .debug_abbrev  0x0000000000003ec1       0xa9 ../Pacemaker_FPGA_bsp/\libhal_bsp.a(alt_exit.o)

.debug_line     0x0000000000000000     0x5b7d
 *(.debug_line)
 .debug_line    0x0000000000000000       0x72 ../Pacemaker_FPGA_bsp//obj/HAL/src/crt0.o
 .debug_line    0x0000000000000072     0x178f obj/default/src/Pacemaker.o
 .debug_line    0x0000000000001801       0x99 obj/default/src/main.o
 .debug_line    0x000000000000189a      0x102 c:/intelfpga/18.1/nios2eds/bin/gnu/h-x86_64-mingw32/bin/../lib/gcc/nios2-elf/5.3.0\libgcc.a(lib2-divmod.o)
 .debug_line    0x000000000000199c      0x37b c:/intelfpga/18.1/nios2eds/bin/gnu/h-x86_64-mingw32/bin/../lib/gcc/nios2-elf/5.3.0\libgcc.a(adddf3.o)
 .debug_line    0x0000000000001d17       0xcb c:/intelfpga/18.1/nios2eds/bin/gnu/h-x86_64-mingw32/bin/../lib/gcc/nios2-elf/5.3.0\libgcc.a(gedf2.o)
 .debug_line    0x0000000000001de2       0xe3 c:/intelfpga/18.1/nios2eds/bin/gnu/h-x86_64-mingw32/bin/../lib/gcc/nios2-elf/5.3.0\libgcc.a(ledf2.o)
 .debug_line    0x0000000000001ec5      0x3a8 c:/intelfpga/18.1/nios2eds/bin/gnu/h-x86_64-mingw32/bin/../lib/gcc/nios2-elf/5.3.0\libgcc.a(subdf3.o)
 .debug_line    0x000000000000226d       0x9f c:/intelfpga/18.1/nios2eds/bin/gnu/h-x86_64-mingw32/bin/../lib/gcc/nios2-elf/5.3.0\libgcc.a(floatsidf.o)
 .debug_line    0x000000000000230c       0xb7 c:/intelfpga/18.1/nios2eds/bin/gnu/h-x86_64-mingw32/bin/../lib/gcc/nios2-elf/5.3.0\libgcc.a(_clzsi2.o)
 .debug_line    0x00000000000023c3       0x53 c:/intelfpga/18.1/nios2eds/bin/gnu/h-x86_64-mingw32/bin/../lib/gcc/nios2-elf/5.3.0\libgcc.a(_clz.o)
 .debug_line    0x0000000000002416       0xeb ../Pacemaker_FPGA_bsp/\libhal_bsp.a(alt_iic.o)
 .debug_line    0x0000000000002501       0xdb ../Pacemaker_FPGA_bsp/\libhal_bsp.a(alt_iic_isr_register.o)
 .debug_line    0x00000000000025dc       0x6b ../Pacemaker_FPGA_bsp/\libhal_bsp.a(alt_irq_entry.o)
 .debug_line    0x0000000000002647       0xaa ../Pacemaker_FPGA_bsp/\libhal_bsp.a(alt_irq_handler.o)
 .debug_line    0x00000000000026f1       0x50 ../Pacemaker_FPGA_bsp/\libhal_bsp.a(alt_irq_vars.o)
 .debug_line    0x0000000000002741       0x8e ../Pacemaker_FPGA_bsp/\libhal_bsp.a(alt_load.o)
 .debug_line    0x00000000000027cf       0xa4 ../Pacemaker_FPGA_bsp/\libhal_bsp.a(alt_main.o)
 .debug_line    0x0000000000002873      0x1c5 ../Pacemaker_FPGA_bsp/\libhal_bsp.a(alt_sys_init.o)
 .debug_line    0x0000000000002a38      0x12f ../Pacemaker_FPGA_bsp/\libhal_bsp.a(altera_avalon_jtag_uart_fd.o)
 .debug_line    0x0000000000002b67      0x18b ../Pacemaker_FPGA_bsp/\libhal_bsp.a(altera_avalon_jtag_uart_init.o)
 .debug_line    0x0000000000002cf2      0x131 ../Pacemaker_FPGA_bsp/\libhal_bsp.a(altera_avalon_jtag_uart_ioctl.o)
 .debug_line    0x0000000000002e23      0x171 ../Pacemaker_FPGA_bsp/\libhal_bsp.a(altera_avalon_jtag_uart_read.o)
 .debug_line    0x0000000000002f94      0x170 ../Pacemaker_FPGA_bsp/\libhal_bsp.a(altera_avalon_jtag_uart_write.o)
 .debug_line    0x0000000000003104      0x33e ../Pacemaker_FPGA_bsp/\libhal_bsp.a(altera_avalon_lcd_16207.o)
 .debug_line    0x0000000000003442      0x119 ../Pacemaker_FPGA_bsp/\libhal_bsp.a(altera_avalon_lcd_16207_fd.o)
 .debug_line    0x000000000000355b       0xfd ../Pacemaker_FPGA_bsp/\libhal_bsp.a(altera_avalon_timer_sc.o)
 .debug_line    0x0000000000003658       0xee ../Pacemaker_FPGA_bsp/\libhal_bsp.a(altera_avalon_uart_fd.o)
 .debug_line    0x0000000000003746      0x18f ../Pacemaker_FPGA_bsp/\libhal_bsp.a(altera_avalon_uart_init.o)
 .debug_line    0x00000000000038d5      0x17e ../Pacemaker_FPGA_bsp/\libhal_bsp.a(altera_avalon_uart_read.o)
 .debug_line    0x0000000000003a53      0x165 ../Pacemaker_FPGA_bsp/\libhal_bsp.a(altera_avalon_uart_write.o)
 .debug_line    0x0000000000003bb8       0xf9 ../Pacemaker_FPGA_bsp/\libhal_bsp.a(alt_alarm_start.o)
 .debug_line    0x0000000000003cb1      0x160 ../Pacemaker_FPGA_bsp/\libhal_bsp.a(alt_close.o)
 .debug_line    0x0000000000003e11       0x61 ../Pacemaker_FPGA_bsp/\libhal_bsp.a(alt_dcache_flush_all.o)
 .debug_line    0x0000000000003e72       0xf3 ../Pacemaker_FPGA_bsp/\libhal_bsp.a(alt_dev.o)
 .debug_line    0x0000000000003f65       0xcf ../Pacemaker_FPGA_bsp/\libhal_bsp.a(alt_dev_llist_insert.o)
 .debug_line    0x0000000000004034       0x59 ../Pacemaker_FPGA_bsp/\libhal_bsp.a(alt_do_ctors.o)
 .debug_line    0x000000000000408d       0x59 ../Pacemaker_FPGA_bsp/\libhal_bsp.a(alt_do_dtors.o)
 .debug_line    0x00000000000040e6       0x51 ../Pacemaker_FPGA_bsp/\libhal_bsp.a(alt_errno.o)
 .debug_line    0x0000000000004137       0xb3 ../Pacemaker_FPGA_bsp/\libhal_bsp.a(alt_exception_entry.o)
 .debug_line    0x00000000000041ea       0x50 ../Pacemaker_FPGA_bsp/\libhal_bsp.a(alt_icache_flush_all.o)
 .debug_line    0x000000000000423a       0xba ../Pacemaker_FPGA_bsp/\libhal_bsp.a(alt_instruction_exception_entry.o)
 .debug_line    0x00000000000042f4      0x12e ../Pacemaker_FPGA_bsp/\libhal_bsp.a(alt_io_redirect.o)
 .debug_line    0x0000000000004422      0x128 ../Pacemaker_FPGA_bsp/\libhal_bsp.a(alt_open.o)
 .debug_line    0x000000000000454a       0xae ../Pacemaker_FPGA_bsp/\libhal_bsp.a(alt_release_fd.o)
 .debug_line    0x00000000000045f8       0xff ../Pacemaker_FPGA_bsp/\libhal_bsp.a(alt_tick.o)
 .debug_line    0x00000000000046f7       0xa8 ../Pacemaker_FPGA_bsp/\libhal_bsp.a(alt_usleep.o)
 .debug_line    0x000000000000479f       0x51 ../Pacemaker_FPGA_bsp/\libhal_bsp.a(altera_nios2_gen2_irq.o)
 .debug_line    0x00000000000047f0       0xa0 ../Pacemaker_FPGA_bsp/\libhal_bsp.a(alt_busy_sleep.o)
 .debug_line    0x0000000000004890       0xb5 ../Pacemaker_FPGA_bsp/\libhal_bsp.a(alt_find_dev.o)
 .debug_line    0x0000000000004945       0xd1 ../Pacemaker_FPGA_bsp/\libhal_bsp.a(alt_find_file.o)
 .debug_line    0x0000000000004a16       0xd4 ../Pacemaker_FPGA_bsp/\libhal_bsp.a(alt_get_fd.o)
 .debug_line    0x0000000000004aea       0x81 ../Pacemaker_FPGA_bsp/\libhal_bsp.a(alt_icache_flush.o)
 .debug_line    0x0000000000004b6b       0xe4 c:/intelfpga/18.1/nios2eds/bin/gnu/h-x86_64-mingw32/bin/../lib/gcc/nios2-elf/5.3.0/../../../../../H-x86_64-mingw32/nios2-elf/lib\libc.a(lib_a-atexit.o)
 .debug_line    0x0000000000004c4f       0xc4 c:/intelfpga/18.1/nios2eds/bin/gnu/h-x86_64-mingw32/bin/../lib/gcc/nios2-elf/5.3.0/../../../../../H-x86_64-mingw32/nios2-elf/lib\libc.a(lib_a-ctype_.o)
 .debug_line    0x0000000000004d13      0x1f9 c:/intelfpga/18.1/nios2eds/bin/gnu/h-x86_64-mingw32/bin/../lib/gcc/nios2-elf/5.3.0/../../../../../H-x86_64-mingw32/nios2-elf/lib\libc.a(lib_a-exit.o)
 .debug_line    0x0000000000004f0c      0x15d c:/intelfpga/18.1/nios2eds/bin/gnu/h-x86_64-mingw32/bin/../lib/gcc/nios2-elf/5.3.0/../../../../../H-x86_64-mingw32/nios2-elf/lib\libc.a(lib_a-impure.o)
 .debug_line    0x0000000000005069       0x5c c:/intelfpga/18.1/nios2eds/bin/gnu/h-x86_64-mingw32/bin/../lib/gcc/nios2-elf/5.3.0/../../../../../H-x86_64-mingw32/nios2-elf/lib\libc.a(lib_a-int_errno.o)
 .debug_line    0x00000000000050c5      0x173 c:/intelfpga/18.1/nios2eds/bin/gnu/h-x86_64-mingw32/bin/../lib/gcc/nios2-elf/5.3.0/../../../../../H-x86_64-mingw32/nios2-elf/lib\libc.a(lib_a-memcmp.o)
 .debug_line    0x0000000000005238      0x189 c:/intelfpga/18.1/nios2eds/bin/gnu/h-x86_64-mingw32/bin/../lib/gcc/nios2-elf/5.3.0/../../../../../H-x86_64-mingw32/nios2-elf/lib\libc.a(lib_a-memcpy.o)
 .debug_line    0x00000000000053c1      0x18c c:/intelfpga/18.1/nios2eds/bin/gnu/h-x86_64-mingw32/bin/../lib/gcc/nios2-elf/5.3.0/../../../../../H-x86_64-mingw32/nios2-elf/lib\libc.a(lib_a-memset.o)
 .debug_line    0x000000000000554d      0x16c c:/intelfpga/18.1/nios2eds/bin/gnu/h-x86_64-mingw32/bin/../lib/gcc/nios2-elf/5.3.0/../../../../../H-x86_64-mingw32/nios2-elf/lib\libc.a(lib_a-strlen.o)
 .debug_line    0x00000000000056b9      0x21c c:/intelfpga/18.1/nios2eds/bin/gnu/h-x86_64-mingw32/bin/../lib/gcc/nios2-elf/5.3.0/../../../../../H-x86_64-mingw32/nios2-elf/lib\libc.a(lib_a-__atexit.o)
 .debug_line    0x00000000000058d5      0x237 c:/intelfpga/18.1/nios2eds/bin/gnu/h-x86_64-mingw32/bin/../lib/gcc/nios2-elf/5.3.0/../../../../../H-x86_64-mingw32/nios2-elf/lib\libc.a(lib_a-__call_atexit.o)
 .debug_line    0x0000000000005b0c       0x71 ../Pacemaker_FPGA_bsp/\libhal_bsp.a(alt_exit.o)

.debug_frame    0x0000000000000000     0x117c
 *(.debug_frame)
 .debug_frame   0x0000000000000000       0x94 obj/default/src/Pacemaker.o
 .debug_frame   0x0000000000000094       0x54 obj/default/src/main.o
 .debug_frame   0x00000000000000e8       0x50 c:/intelfpga/18.1/nios2eds/bin/gnu/h-x86_64-mingw32/bin/../lib/gcc/nios2-elf/5.3.0\libgcc.a(lib2-divmod.o)
 .debug_frame   0x0000000000000138       0x40 c:/intelfpga/18.1/nios2eds/bin/gnu/h-x86_64-mingw32/bin/../lib/gcc/nios2-elf/5.3.0\libgcc.a(adddf3.o)
 .debug_frame   0x0000000000000178       0x20 c:/intelfpga/18.1/nios2eds/bin/gnu/h-x86_64-mingw32/bin/../lib/gcc/nios2-elf/5.3.0\libgcc.a(gedf2.o)
 .debug_frame   0x0000000000000198       0x20 c:/intelfpga/18.1/nios2eds/bin/gnu/h-x86_64-mingw32/bin/../lib/gcc/nios2-elf/5.3.0\libgcc.a(ledf2.o)
 .debug_frame   0x00000000000001b8       0x44 c:/intelfpga/18.1/nios2eds/bin/gnu/h-x86_64-mingw32/bin/../lib/gcc/nios2-elf/5.3.0\libgcc.a(subdf3.o)
 .debug_frame   0x00000000000001fc       0x38 c:/intelfpga/18.1/nios2eds/bin/gnu/h-x86_64-mingw32/bin/../lib/gcc/nios2-elf/5.3.0\libgcc.a(floatsidf.o)
 .debug_frame   0x0000000000000234       0x20 c:/intelfpga/18.1/nios2eds/bin/gnu/h-x86_64-mingw32/bin/../lib/gcc/nios2-elf/5.3.0\libgcc.a(_clzsi2.o)
 .debug_frame   0x0000000000000254       0xa4 ../Pacemaker_FPGA_bsp/\libhal_bsp.a(alt_iic.o)
 .debug_frame   0x00000000000002f8       0x38 ../Pacemaker_FPGA_bsp/\libhal_bsp.a(alt_iic_isr_register.o)
 .debug_frame   0x0000000000000330       0x38 ../Pacemaker_FPGA_bsp/\libhal_bsp.a(alt_irq_handler.o)
 .debug_frame   0x0000000000000368       0x5c ../Pacemaker_FPGA_bsp/\libhal_bsp.a(alt_load.o)
 .debug_frame   0x00000000000003c4       0x2c ../Pacemaker_FPGA_bsp/\libhal_bsp.a(alt_main.o)
 .debug_frame   0x00000000000003f0       0x88 ../Pacemaker_FPGA_bsp/\libhal_bsp.a(alt_sys_init.o)
 .debug_frame   0x0000000000000478       0xb0 ../Pacemaker_FPGA_bsp/\libhal_bsp.a(altera_avalon_jtag_uart_fd.o)
 .debug_frame   0x0000000000000528       0xa4 ../Pacemaker_FPGA_bsp/\libhal_bsp.a(altera_avalon_jtag_uart_init.o)
 .debug_frame   0x00000000000005cc       0x34 ../Pacemaker_FPGA_bsp/\libhal_bsp.a(altera_avalon_jtag_uart_ioctl.o)
 .debug_frame   0x0000000000000600       0x38 ../Pacemaker_FPGA_bsp/\libhal_bsp.a(altera_avalon_jtag_uart_read.o)
 .debug_frame   0x0000000000000638       0x38 ../Pacemaker_FPGA_bsp/\libhal_bsp.a(altera_avalon_jtag_uart_write.o)
 .debug_frame   0x0000000000000670      0x178 ../Pacemaker_FPGA_bsp/\libhal_bsp.a(altera_avalon_lcd_16207.o)
 .debug_frame   0x00000000000007e8       0x38 ../Pacemaker_FPGA_bsp/\libhal_bsp.a(altera_avalon_lcd_16207_fd.o)
 .debug_frame   0x0000000000000820       0x60 ../Pacemaker_FPGA_bsp/\libhal_bsp.a(altera_avalon_timer_sc.o)
 .debug_frame   0x0000000000000880       0x88 ../Pacemaker_FPGA_bsp/\libhal_bsp.a(altera_avalon_uart_fd.o)
 .debug_frame   0x0000000000000908       0xcc ../Pacemaker_FPGA_bsp/\libhal_bsp.a(altera_avalon_uart_init.o)
 .debug_frame   0x00000000000009d4       0x60 ../Pacemaker_FPGA_bsp/\libhal_bsp.a(altera_avalon_uart_read.o)
 .debug_frame   0x0000000000000a34       0x60 ../Pacemaker_FPGA_bsp/\libhal_bsp.a(altera_avalon_uart_write.o)
 .debug_frame   0x0000000000000a94       0x34 ../Pacemaker_FPGA_bsp/\libhal_bsp.a(alt_alarm_start.o)
 .debug_frame   0x0000000000000ac8       0x60 ../Pacemaker_FPGA_bsp/\libhal_bsp.a(alt_close.o)
 .debug_frame   0x0000000000000b28       0x34 ../Pacemaker_FPGA_bsp/\libhal_bsp.a(alt_dcache_flush_all.o)
 .debug_frame   0x0000000000000b5c       0x34 ../Pacemaker_FPGA_bsp/\libhal_bsp.a(alt_dev.o)
 .debug_frame   0x0000000000000b90       0x60 ../Pacemaker_FPGA_bsp/\libhal_bsp.a(alt_dev_llist_insert.o)
 .debug_frame   0x0000000000000bf0       0x38 ../Pacemaker_FPGA_bsp/\libhal_bsp.a(alt_do_ctors.o)
 .debug_frame   0x0000000000000c28       0x38 ../Pacemaker_FPGA_bsp/\libhal_bsp.a(alt_do_dtors.o)
 .debug_frame   0x0000000000000c60       0x38 ../Pacemaker_FPGA_bsp/\libhal_bsp.a(alt_icache_flush_all.o)
 .debug_frame   0x0000000000000c98       0x5c ../Pacemaker_FPGA_bsp/\libhal_bsp.a(alt_instruction_exception_entry.o)
 .debug_frame   0x0000000000000cf4       0x60 ../Pacemaker_FPGA_bsp/\libhal_bsp.a(alt_io_redirect.o)
 .debug_frame   0x0000000000000d54       0x84 ../Pacemaker_FPGA_bsp/\libhal_bsp.a(alt_open.o)
 .debug_frame   0x0000000000000dd8       0x34 ../Pacemaker_FPGA_bsp/\libhal_bsp.a(alt_release_fd.o)
 .debug_frame   0x0000000000000e0c       0x5c ../Pacemaker_FPGA_bsp/\libhal_bsp.a(alt_tick.o)
 .debug_frame   0x0000000000000e68       0x38 ../Pacemaker_FPGA_bsp/\libhal_bsp.a(alt_usleep.o)
 .debug_frame   0x0000000000000ea0       0x34 ../Pacemaker_FPGA_bsp/\libhal_bsp.a(altera_nios2_gen2_irq.o)
 .debug_frame   0x0000000000000ed4       0x38 ../Pacemaker_FPGA_bsp/\libhal_bsp.a(alt_busy_sleep.o)
 .debug_frame   0x0000000000000f0c       0x38 ../Pacemaker_FPGA_bsp/\libhal_bsp.a(alt_find_dev.o)
 .debug_frame   0x0000000000000f44       0x38 ../Pacemaker_FPGA_bsp/\libhal_bsp.a(alt_find_file.o)
 .debug_frame   0x0000000000000f7c       0x34 ../Pacemaker_FPGA_bsp/\libhal_bsp.a(alt_get_fd.o)
 .debug_frame   0x0000000000000fb0       0x34 ../Pacemaker_FPGA_bsp/\libhal_bsp.a(alt_icache_flush.o)
 .debug_frame   0x0000000000000fe4       0x20 c:/intelfpga/18.1/nios2eds/bin/gnu/h-x86_64-mingw32/bin/../lib/gcc/nios2-elf/5.3.0/../../../../../H-x86_64-mingw32/nios2-elf/lib\libc.a(lib_a-atexit.o)
 .debug_frame   0x0000000000001004       0x28 c:/intelfpga/18.1/nios2eds/bin/gnu/h-x86_64-mingw32/bin/../lib/gcc/nios2-elf/5.3.0/../../../../../H-x86_64-mingw32/nios2-elf/lib\libc.a(lib_a-exit.o)
 .debug_frame   0x000000000000102c       0x20 c:/intelfpga/18.1/nios2eds/bin/gnu/h-x86_64-mingw32/bin/../lib/gcc/nios2-elf/5.3.0/../../../../../H-x86_64-mingw32/nios2-elf/lib\libc.a(lib_a-memcmp.o)
 .debug_frame   0x000000000000104c       0x38 c:/intelfpga/18.1/nios2eds/bin/gnu/h-x86_64-mingw32/bin/../lib/gcc/nios2-elf/5.3.0/../../../../../H-x86_64-mingw32/nios2-elf/lib\libc.a(lib_a-memcpy.o)
 .debug_frame   0x0000000000001084       0x20 c:/intelfpga/18.1/nios2eds/bin/gnu/h-x86_64-mingw32/bin/../lib/gcc/nios2-elf/5.3.0/../../../../../H-x86_64-mingw32/nios2-elf/lib\libc.a(lib_a-memset.o)
 .debug_frame   0x00000000000010a4       0x20 c:/intelfpga/18.1/nios2eds/bin/gnu/h-x86_64-mingw32/bin/../lib/gcc/nios2-elf/5.3.0/../../../../../H-x86_64-mingw32/nios2-elf/lib\libc.a(lib_a-strlen.o)
 .debug_frame   0x00000000000010c4       0x38 c:/intelfpga/18.1/nios2eds/bin/gnu/h-x86_64-mingw32/bin/../lib/gcc/nios2-elf/5.3.0/../../../../../H-x86_64-mingw32/nios2-elf/lib\libc.a(lib_a-__atexit.o)