Archive member included to satisfy reference by file (symbol)

c:/intelfpga/18.1/nios2eds/bin/gnu/h-x86_64-mingw32/bin/../lib/gcc/nios2-elf/5.3.0\libgcc.a(_muldi3.o)
                              obj/default/main.o (__muldi3)
c:/intelfpga/18.1/nios2eds/bin/gnu/h-x86_64-mingw32/bin/../lib/gcc/nios2-elf/5.3.0\libgcc.a(_udivdi3.o)
                              obj/default/main.o (__udivdi3)
c:/intelfpga/18.1/nios2eds/bin/gnu/h-x86_64-mingw32/bin/../lib/gcc/nios2-elf/5.3.0\libgcc.a(lib2-divmod.o)
                              c:/intelfpga/18.1/nios2eds/bin/gnu/h-x86_64-mingw32/bin/../lib/gcc/nios2-elf/5.3.0\libgcc.a(_udivdi3.o) (__udivsi3)
c:/intelfpga/18.1/nios2eds/bin/gnu/h-x86_64-mingw32/bin/../lib/gcc/nios2-elf/5.3.0\libgcc.a(adddf3.o)
                              obj/default/Pacemaker.o (__adddf3)
c:/intelfpga/18.1/nios2eds/bin/gnu/h-x86_64-mingw32/bin/../lib/gcc/nios2-elf/5.3.0\libgcc.a(divdf3.o)
                              obj/default/main.o (__divdf3)
c:/intelfpga/18.1/nios2eds/bin/gnu/h-x86_64-mingw32/bin/../lib/gcc/nios2-elf/5.3.0\libgcc.a(gedf2.o)
                              obj/default/Pacemaker.o (__gedf2)
c:/intelfpga/18.1/nios2eds/bin/gnu/h-x86_64-mingw32/bin/../lib/gcc/nios2-elf/5.3.0\libgcc.a(ledf2.o)
                              obj/default/Pacemaker.o (__ltdf2)
c:/intelfpga/18.1/nios2eds/bin/gnu/h-x86_64-mingw32/bin/../lib/gcc/nios2-elf/5.3.0\libgcc.a(muldf3.o)
                              obj/default/main.o (__muldf3)
c:/intelfpga/18.1/nios2eds/bin/gnu/h-x86_64-mingw32/bin/../lib/gcc/nios2-elf/5.3.0\libgcc.a(subdf3.o)
                              obj/default/Pacemaker.o (__subdf3)
c:/intelfpga/18.1/nios2eds/bin/gnu/h-x86_64-mingw32/bin/../lib/gcc/nios2-elf/5.3.0\libgcc.a(floatsidf.o)
                              obj/default/Pacemaker.o (__floatsidf)
c:/intelfpga/18.1/nios2eds/bin/gnu/h-x86_64-mingw32/bin/../lib/gcc/nios2-elf/5.3.0\libgcc.a(floatunsidf.o)
                              obj/default/main.o (__floatunsidf)
c:/intelfpga/18.1/nios2eds/bin/gnu/h-x86_64-mingw32/bin/../lib/gcc/nios2-elf/5.3.0\libgcc.a(_clz.o)
                              c:/intelfpga/18.1/nios2eds/bin/gnu/h-x86_64-mingw32/bin/../lib/gcc/nios2-elf/5.3.0\libgcc.a(_udivdi3.o) (__clz_tab)
c:/intelfpga/18.1/nios2eds/bin/gnu/h-x86_64-mingw32/bin/../lib/gcc/nios2-elf/5.3.0\libgcc.a(_clzsi2.o)
                              c:/intelfpga/18.1/nios2eds/bin/gnu/h-x86_64-mingw32/bin/../lib/gcc/nios2-elf/5.3.0\libgcc.a(adddf3.o) (__clzsi2)
c:/intelfpga/18.1/nios2eds/bin/gnu/h-x86_64-mingw32/bin/../lib/gcc/nios2-elf/5.3.0/../../../../../H-x86_64-mingw32/nios2-elf/lib\libc.a(lib_a-fflush.o)
                              obj/default/main.o (fflush)
c:/intelfpga/18.1/nios2eds/bin/gnu/h-x86_64-mingw32/bin/../lib/gcc/nios2-elf/5.3.0/../../../../../H-x86_64-mingw32/nios2-elf/lib\libc.a(lib_a-findfp.o)
                              c:/intelfpga/18.1/nios2eds/bin/gnu/h-x86_64-mingw32/bin/../lib/gcc/nios2-elf/5.3.0/../../../../../H-x86_64-mingw32/nios2-elf/lib\libc.a(lib_a-fflush.o) (__sinit)
c:/intelfpga/18.1/nios2eds/bin/gnu/h-x86_64-mingw32/bin/../lib/gcc/nios2-elf/5.3.0/../../../../../H-x86_64-mingw32/nios2-elf/lib\libc.a(lib_a-freer.o)
                              c:/intelfpga/18.1/nios2eds/bin/gnu/h-x86_64-mingw32/bin/../lib/gcc/nios2-elf/5.3.0/../../../../../H-x86_64-mingw32/nios2-elf/lib\libc.a(lib_a-fflush.o) (_free_r)
c:/intelfpga/18.1/nios2eds/bin/gnu/h-x86_64-mingw32/bin/../lib/gcc/nios2-elf/5.3.0/../../../../../H-x86_64-mingw32/nios2-elf/lib\libc.a(lib_a-fwalk.o)
                              c:/intelfpga/18.1/nios2eds/bin/gnu/h-x86_64-mingw32/bin/../lib/gcc/nios2-elf/5.3.0/../../../../../H-x86_64-mingw32/nios2-elf/lib\libc.a(lib_a-findfp.o) (_fwalk)
c:/intelfpga/18.1/nios2eds/bin/gnu/h-x86_64-mingw32/bin/../lib/gcc/nios2-elf/5.3.0/../../../../../H-x86_64-mingw32/nios2-elf/lib\libc.a(lib_a-impure.o)
                              c:/intelfpga/18.1/nios2eds/bin/gnu/h-x86_64-mingw32/bin/../lib/gcc/nios2-elf/5.3.0/../../../../../H-x86_64-mingw32/nios2-elf/lib\libc.a(lib_a-fflush.o) (_global_impure_ptr)
c:/intelfpga/18.1/nios2eds/bin/gnu/h-x86_64-mingw32/bin/../lib/gcc/nios2-elf/5.3.0/../../../../../H-x86_64-mingw32/nios2-elf/lib\libc.a(lib_a-mallocr.o)
                              c:/intelfpga/18.1/nios2eds/bin/gnu/h-x86_64-mingw32/bin/../lib/gcc/nios2-elf/5.3.0/../../../../../H-x86_64-mingw32/nios2-elf/lib\libc.a(lib_a-findfp.o) (_malloc_r)
c:/intelfpga/18.1/nios2eds/bin/gnu/h-x86_64-mingw32/bin/../lib/gcc/nios2-elf/5.3.0/../../../../../H-x86_64-mingw32/nios2-elf/lib\libc.a(lib_a-memset.o)
                              c:/intelfpga/18.1/nios2eds/bin/gnu/h-x86_64-mingw32/bin/../lib/gcc/nios2-elf/5.3.0/../../../../../H-x86_64-mingw32/nios2-elf/lib\libc.a(lib_a-findfp.o) (memset)
c:/intelfpga/18.1/nios2eds/bin/gnu/h-x86_64-mingw32/bin/../lib/gcc/nios2-elf/5.3.0/../../../../../H-x86_64-mingw32/nios2-elf/lib\libc.a(lib_a-printf.o)
                              obj/default/main.o (printf)
[...]
Memory Configuration

Name             Origin             Length             Attributes
reset            0x0000000000800000 0x0000000000000020
sdram            0x0000000000800020 0x00000000007fffe0
onchip_mem       0x0000000001008000 0x0000000000007800
*default*        0x0000000000000000 0xffffffffffffffff

Linker script and memory map

LOAD ../niosproject2_bsp//obj/HAL/src/crt0.o
LOAD obj/default/Pacemaker.o
LOAD obj/default/Pacemaker_C.o
LOAD obj/default/hello_world.o
LOAD obj/default/main.o
LOAD c:/intelfpga/18.1/nios2eds/bin/gnu/h-x86_64-mingw32/bin/../lib/gcc/nios2-elf/5.3.0/../../../../../H-x86_64-mingw32/nios2-elf/lib\libstdc++.a
LOAD c:/intelfpga/18.1/nios2eds/bin/gnu/h-x86_64-mingw32/bin/../lib/gcc/nios2-elf/5.3.0/../../../../../H-x86_64-mingw32/nios2-elf/lib\libm.a
LOAD c:/intelfpga/18.1/nios2eds/bin/gnu/h-x86_64-mingw32/bin/../lib/gcc/nios2-elf/5.3.0\libgcc.a
START GROUP
LOAD c:/intelfpga/18.1/nios2eds/bin/gnu/h-x86_64-mingw32/bin/../lib/gcc/nios2-elf/5.3.0/../../../../../H-x86_64-mingw32/nios2-elf/lib\libc.a
LOAD c:/intelfpga/18.1/nios2eds/bin/gnu/h-x86_64-mingw32/bin/../lib/gcc/nios2-elf/5.3.0\libgcc.a
LOAD ../niosproject2_bsp/\libhal_bsp.a
LOAD c:/intelfpga/18.1/nios2eds/bin/gnu/h-x86_64-mingw32/bin/../lib/gcc/nios2-elf/5.3.0/../../../../../H-x86_64-mingw32/nios2-elf/lib\libm.a
END GROUP
LOAD c:/intelfpga/18.1/nios2eds/bin/gnu/h-x86_64-mingw32/bin/../lib/gcc/nios2-elf/5.3.0\libgcc.a
                0x0000000000800000                __alt_mem_sdram = 0x800000
                0x0000000001008000                __alt_mem_onchip_mem = 0x1008000

.entry          0x0000000000800000       0x20
 *(.entry)
 .entry         0x0000000000800000       0x20 ../niosproject2_bsp//obj/HAL/src/crt0.o
                0x0000000000800000                __reset

.exceptions     0x0000000000800020      0x224
                0x0000000000800020                PROVIDE (__ram_exceptions_start, ABSOLUTE (.))
                0x0000000000800020                . = ALIGN (0x20)
 *(.irq)
 *(.exceptions.entry.label)
 .exceptions.entry.label
                0x0000000000800020        0x0 ../niosproject2_bsp/\libhal_bsp.a(alt_irq_entry.o)
                0x0000000000800020                alt_irq_entry
 .exceptions.entry.label
                0x0000000000800020        0x0 ../niosproject2_bsp/\libhal_bsp.a(alt_exception_entry.o)
                0x0000000000800020                alt_exception
 *(.exceptions.entry.user)
 *(.exceptions.entry.ecc_fatal)
 *(.exceptions.entry)
 .exceptions.entry
                0x0000000000800020       0x54 ../niosproject2_bsp/\libhal_bsp.a(alt_exception_entry.o)
 *(.exceptions.irqtest.user)
 *(.exceptions.irqtest)
 .exceptions.irqtest
                0x0000000000800074       0x10 ../niosproject2_bsp/\libhal_bsp.a(alt_irq_entry.o)
 *(.exceptions.irqhandler.user)
 *(.exceptions.irqhandler)
 .exceptions.irqhandler
                0x0000000000800084        0x4 ../niosproject2_bsp/\libhal_bsp.a(alt_irq_entry.o)
 *(.exceptions.irqreturn.user)
 *(.exceptions.irqreturn)
 .exceptions.irqreturn
                0x0000000000800088        0x4 ../niosproject2_bsp/\libhal_bsp.a(alt_irq_entry.o)
 *(.exceptions.notirq.label)
 .exceptions.notirq.label
                0x000000000080008c        0x0 ../niosproject2_bsp/\libhal_bsp.a(alt_irq_entry.o)
 *(.exceptions.notirq.user)
 *(.exceptions.notirq)
 .exceptions.notirq
                0x000000000080008c        0x8 ../niosproject2_bsp/\libhal_bsp.a(alt_exception_entry.o)
 *(.exceptions.soft.user)
 *(.exceptions.soft)
 *(.exceptions.unknown.user)
 *(.exceptions.unknown)
 .exceptions.unknown
                0x0000000000800094       0x14 ../niosproject2_bsp/\libhal_bsp.a(alt_exception_entry.o)
 *(.exceptions.exit.label)
 .exceptions.exit.label
                0x00000000008000a8        0x0 ../niosproject2_bsp/\libhal_bsp.a(alt_irq_entry.o)
 .exceptions.exit.label
                0x00000000008000a8        0x0 ../niosproject2_bsp/\libhal_bsp.a(alt_exception_entry.o)
 *(.exceptions.exit.user)
 *(.exceptions.exit)
 .exceptions.exit
                0x00000000008000a8       0x54 ../niosproject2_bsp/\libhal_bsp.a(alt_exception_entry.o)
 *(.exceptions)
 .exceptions    0x00000000008000fc       0xd4 ../niosproject2_bsp/\libhal_bsp.a(alt_irq_handler.o)
                0x00000000008000fc                alt_irq_handler
 .exceptions    0x00000000008001d0       0x74 ../niosproject2_bsp/\libhal_bsp.a(alt_instruction_exception_entry.o)
                0x00000000008001d0                alt_instruction_exception_entry
                0x0000000000800244                PROVIDE (__ram_exceptions_end, ABSOLUTE (.))
                0x0000000000800020                PROVIDE (__flash_exceptions_start, LOADADDR (.exceptions))

.text           0x0000000000800244    0x17448
                [!provide]                        PROVIDE (stext, ABSOLUTE (.))
 *(.interp)
 *(.hash)
 *(.dynsym)
 *(.dynstr)
 *(.gnu.version)
 *(.gnu.version_d)
 *(.gnu.version_r)
 *(.rel.init)
 *(.rela.init)
 *(.rel.text .rel.text.* .rel.gnu.linkonce.t.*)
 *(.rela.text .rela.text.* .rela.gnu.linkonce.t.*)
 *(.rel.fini)
 *(.rela.fini)
 *(.rel.rodata .rel.rodata.* .rel.gnu.linkonce.r.*)
 *(.rela.rodata .rela.rodata.* .rela.gnu.linkonce.r.*)
 *(.rel.data .rel.data.* .rel.gnu.linkonce.d.*)
 *(.rela.data .rela.data.* .rela.gnu.linkonce.d.*)
 *(.rel.tdata .rel.tdata.* .rel.gnu.linkonce.td.*)
 *(.rela.tdata .rela.tdata.* .rela.gnu.linkonce.td.*)
 *(.rel.tbss .rel.tbss.* .rel.gnu.linkonce.tb.*)
 *(.rela.tbss .rela.tbss.* .rela.gnu.linkonce.tb.*)
 *(.rel.ctors)
 *(.rela.ctors)
 *(.rel.dtors)
 *(.rela.dtors)
 *(.rel.got)
 *(.rela.got)
 *(.rel.sdata .rel.sdata.* .rel.gnu.linkonce.s.*)
 *(.rela.sdata .rela.sdata.* .rela.gnu.linkonce.s.*)
 *(.rel.sbss .rel.sbss.* .rel.gnu.linkonce.sb.*)
 *(.rela.sbss .rela.sbss.* .rela.gnu.linkonce.sb.*)
 *(.rel.sdata2 .rel.sdata2.* .rel.gnu.linkonce.s2.*)
 *(.rela.sdata2 .rela.sdata2.* .rela.gnu.linkonce.s2.*)
 *(.rel.sbss2 .rel.sbss2.* .rel.gnu.linkonce.sb2.*)
 *(.rela.sbss2 .rela.sbss2.* .rela.gnu.linkonce.sb2.*)
 *(.rel.bss .rel.bss.* .rel.gnu.linkonce.b.*)
 *(.rela.bss .rela.bss.* .rela.gnu.linkonce.b.*)
 *(.rel.plt)
 *(.rela.plt)
 *(.rel.dyn)
 *(.init)
 *(.plt)
 *(.text .stub .text.* .gnu.linkonce.t.*)
 .text          0x0000000000800244       0x4c ../niosproject2_bsp//obj/HAL/src/crt0.o
                0x0000000000800244                _start
 .text          0x0000000000800290     0x56f8 obj/default/Pacemaker.o
                0x0000000000800290                logic
                0x000000000080545c                reset
                0x000000000080572c                tick
 .text          0x0000000000805988      0x958 obj/default/Pacemaker_C.o
                0x0000000000805a90                initC
                0x0000000000805b44                execC
 .text          0x00000000008062e0        0x0 obj/default/hello_world.o
 .text          0x00000000008062e0      0x7dc obj/default/main.o
                0x0000000000806740                main
 .text          0x0000000000806abc       0x60 c:/intelfpga/18.1/nios2eds/bin/gnu/h-x86_64-mingw32/bin/../lib/gcc/nios2-elf/5.3.0\libgcc.a(_muldi3.o)
                0x0000000000806abc                __muldi3
 .text          0x0000000000806b1c      0x578 c:/intelfpga/18.1/nios2eds/bin/gnu/h-x86_64-mingw32/bin/../lib/gcc/nios2-elf/5.3.0\libgcc.a(_udivdi3.o)
                0x0000000000806b1c                __udivdi3
 .text          0x0000000000807094      0x1b4 c:/intelfpga/18.1/nios2eds/bin/gnu/h-x86_64-mingw32/bin/../lib/gcc/nios2-elf/5.3.0\libgcc.a(lib2-divmod.o)
                0x0000000000807094                __divsi3
                0x0000000000807118                __modsi3
                0x000000000080718c                __udivsi3
                0x00000000008071f0                __umodsi3
 .text          0x0000000000807248      0x8ac c:/intelfpga/18.1/nios2eds/bin/gnu/h-x86_64-mingw32/bin/../lib/gcc/nios2-elf/5.3.0\libgcc.a(adddf3.o)
                0x0000000000807248                __adddf3
 .text          0x0000000000807af4      0x8e8 c:/intelfpga/18.1/nios2eds/bin/gnu/h-x86_64-mingw32/bin/../lib/gcc/nios2-elf/5.3.0\libgcc.a(divdf3.o)
                0x0000000000807af4                __divdf3
 .text          0x00000000008083dc       0xdc c:/intelfpga/18.1/nios2eds/bin/gnu/h-x86_64-mingw32/bin/../lib/gcc/nios2-elf/5.3.0\libgcc.a(gedf2.o)
                0x00000000008083dc                __gedf2
                0x00000000008083dc                __gtdf2
 .text          0x00000000008084b8       0xf4 c:/intelfpga/18.1/nios2eds/bin/gnu/h-x86_64-mingw32/bin/../lib/gcc/nios2-elf/5.3.0\libgcc.a(ledf2.o)
                0x00000000008084b8                __ledf2
                0x00000000008084b8                __ltdf2
 .text          0x00000000008085ac      0x718 c:/intelfpga/18.1/nios2eds/bin/gnu/h-x86_64-mingw32/bin/../lib/gcc/nios2-elf/5.3.0\libgcc.a(muldf3.o)
                0x00000000008085ac                __muldf3
 .text          0x0000000000808cc4      0x8fc c:/intelfpga/18.1/nios2eds/bin/gnu/h-x86_64-mingw32/bin/../lib/gcc/nios2-elf/5.3.0\libgcc.a(subdf3.o)
                0x0000000000808cc4                __subdf3
 .text          0x00000000008095c0       0xdc c:/intelfpga/18.1/nios2eds/bin/gnu/h-x86_64-mingw32/bin/../lib/gcc/nios2-elf/5.3.0\libgcc.a(floatsidf.o)
                0x00000000008095c0                __floatsidf
 .text          0x000000000080969c       0xa8 c:/intelfpga/18.1/nios2eds/bin/gnu/h-x86_64-mingw32/bin/../lib/gcc/nios2-elf/5.3.0\libgcc.a(floatunsidf.o)
                0x000000000080969c                __floatunsidf
 .text          0x0000000000809744        0x0 c:/intelfpga/18.1/nios2eds/bin/gnu/h-x86_64-mingw32/bin/../lib/gcc/nios2-elf/5.3.0\libgcc.a(_clz.o)
 .text          0x0000000000809744       0x64 c:/intelfpga/18.1/nios2eds/bin/gnu/h-x86_64-mingw32/bin/../lib/gcc/nios2-elf/5.3.0\libgcc.a(_clzsi2.o)
                0x0000000000809744                __clzsi2
 .text          0x00000000008097a8        0x0 c:/intelfpga/18.1/nios2eds/bin/gnu/h-x86_64-mingw32/bin/../lib/gcc/nios2-elf/5.3.0/../../../../../H-x86_64-mingw32/nios2-elf/lib\libc.a(lib_a-fflush.o)
 .text.__sflush_r
                0x00000000008097a8      0x21c c:/intelfpga/18.1/nios2eds/bin/gnu/h-x86_64-mingw32/bin/../lib/gcc/nios2-elf/5.3.0/../../../../../H-x86_64-mingw32/nios2-elf/lib\libc.a(lib_a-fflush.o)
                0x00000000008097a8                __sflush_r
 .text._fflush_r
                0x00000000008099c4       0x5c c:/intelfpga/18.1/nios2eds/bin/gnu/h-x86_64-mingw32/bin/../lib/gcc/nios2-elf/5.3.0/../../../../../H-x86_64-mingw32/nios2-elf/lib\libc.a(lib_a-fflush.o)
                0x00000000008099c4                _fflush_r
 .text.fflush   0x0000000000809a20       0x30 c:/intelfpga/18.1/nios2eds/bin/gnu/h-x86_64-mingw32/bin/../lib/gcc/nios2-elf/5.3.0/../../../../../H-x86_64-mingw32/nios2-elf/lib\libc.a(lib_a-fflush.o)
                0x0000000000809a20                fflush
 .text          0x0000000000809a50        0x0 c:/intelfpga/18.1/nios2eds/bin/gnu/h-x86_64-mingw32/bin/../lib/gcc/nios2-elf/5.3.0/../../../../../H-x86_64-mingw32/nios2-elf/lib\libc.a(lib_a-findfp.o)
 .text.__fp_unlock
                0x0000000000809a50        0x8 c:/intelfpga/18.1/nios2eds/bin/gnu/h-x86_64-mingw32/bin/../lib/gcc/nios2-elf/5.3.0/../../../../../H-x86_64-mingw32/nios2-elf/lib\libc.a(lib_a-findfp.o)
 .text._cleanup_r
                0x0000000000809a58        0xc c:/intelfpga/18.1/nios2eds/bin/gnu/h-x86_64-mingw32/bin/../lib/gcc/nios2-elf/5.3.0/../../../../../H-x86_64-mingw32/nios2-elf/lib\libc.a(lib_a-findfp.o)
                0x0000000000809a58                _cleanup_r
 .text.__sinit.part.1
                0x0000000000809a64      0x19c c:/intelfpga/18.1/nios2eds/bin/gnu/h-x86_64-mingw32/bin/../lib/gcc/nios2-elf/5.3.0/../../../../../H-x86_64-mingw32/nios2-elf/lib\libc.a(lib_a-findfp.o)
 .text.__fp_lock
                0x0000000000809c00        0x8 c:/intelfpga/18.1/nios2eds/bin/gnu/h-x86_64-mingw32/bin/../lib/gcc/nios2-elf/5.3.0/../../../../../H-x86_64-mingw32/nios2-elf/lib\libc.a(lib_a-findfp.o)
 .text.__sfmoreglue
                0x0000000000809c08       0x68 c:/intelfpga/18.1/nios2eds/bin/gnu/h-x86_64-mingw32/bin/../lib/gcc/nios2-elf/5.3.0/../../../../../H-x86_64-mingw32/nios2-elf/lib\libc.a(lib_a-findfp.o)
                0x0000000000809c08                __sfmoreglue
 .text.__sfp    0x0000000000809c70      0x118 c:/intelfpga/18.1/nios2eds/bin/gnu/h-x86_64-mingw32/bin/../lib/gcc/nios2-elf/5.3.0/../../../../../H-x86_64-mingw32/nios2-elf/lib\libc.a(lib_a-findfp.o)
                0x0000000000809c70                __sfp
 .text._cleanup
                0x0000000000809d88       0x18 c:/intelfpga/18.1/nios2eds/bin/gnu/h-x86_64-mingw32/bin/../lib/gcc/nios2-elf/5.3.0/../../../../../H-x86_64-mingw32/nios2-elf/lib\libc.a(lib_a-findfp.o)
                0x0000000000809d88                _cleanup
 .text.__sinit  0x0000000000809da0       0x10 c:/intelfpga/18.1/nios2eds/bin/gnu/h-x86_64-mingw32/bin/../lib/gcc/nios2-elf/5.3.0/../../../../../H-x86_64-mingw32/nios2-elf/lib\libc.a(lib_a-findfp.o)
                0x0000000000809da0                __sinit
 .text.__sfp_lock_acquire
                0x0000000000809db0        0x4 c:/intelfpga/18.1/nios2eds/bin/gnu/h-x86_64-mingw32/bin/../lib/gcc/nios2-elf/5.3.0/../../../../../H-x86_64-mingw32/nios2-elf/lib\libc.a(lib_a-findfp.o)
                0x0000000000809db0                __sfp_lock_acquire
 .text.__sfp_lock_release
                0x0000000000809db4        0x4 c:/intelfpga/18.1/nios2eds/bin/gnu/h-x86_64-mingw32/bin/../lib/gcc/nios2-elf/5.3.0/../../../../../H-x86_64-mingw32/nios2-elf/lib\libc.a(lib_a-findfp.o)
                0x0000000000809db4                __sfp_lock_release
 .text.__sinit_lock_acquire
                0x0000000000809db8        0x4 c:/intelfpga/18.1/nios2eds/bin/gnu/h-x86_64-mingw32/bin/../lib/gcc/nios2-elf/5.3.0/../../../../../H-x86_64-mingw32/nios2-elf/lib\libc.a(lib_a-findfp.o)
                0x0000000000809db8                __sinit_lock_acquire
 .text.__sinit_lock_release
                0x0000000000809dbc        0x4 c:/intelfpga/18.1/nios2eds/bin/gnu/h-x86_64-mingw32/bin/../lib/gcc/nios2-elf/5.3.0/../../../../../H-x86_64-mingw32/nios2-elf/lib\libc.a(lib_a-findfp.o)
                0x0000000000809dbc                __sinit_lock_release
 .text.__fp_lock_all
                0x0000000000809dc0       0x18 c:/intelfpga/18.1/nios2eds/bin/gnu/h-x86_64-mingw32/bin/../lib/gcc/nios2-elf/5.3.0/../../../../../H-x86_64-mingw32/nios2-elf/lib\libc.a(lib_a-findfp.o)
                0x0000000000809dc0                __fp_lock_all
 .text.__fp_unlock_all
                0x0000000000809dd8       0x18 c:/intelfpga/18.1/nios2eds/bin/gnu/h-x86_64-mingw32/bin/../lib/gcc/nios2-elf/5.3.0/../../../../../H-x86_64-mingw32/nios2-elf/lib\libc.a(lib_a-findfp.o)
                0x0000000000809dd8                __fp_unlock_all
 .text          0x0000000000809df0        0x0 c:/intelfpga/18.1/nios2eds/bin/gnu/h-x86_64-mingw32/bin/../lib/gcc/nios2-elf/5.3.0/../../../../../H-x86_64-mingw32/nios2-elf/lib\libc.a(lib_a-freer.o)
 .text._malloc_trim_r
                0x0000000000809df0      0x124 c:/intelfpga/18.1/nios2eds/bin/gnu/h-x86_64-mingw32/bin/../lib/gcc/nios2-elf/5.3.0/../../../../../H-x86_64-mingw32/nios2-elf/lib\libc.a(lib_a-freer.o)
                0x0000000000809df0                _malloc_trim_r
 .text._free_r  0x0000000000809f14      0x310 c:/intelfpga/18.1/nios2eds/bin/gnu/h-x86_64-mingw32/bin/../lib/gcc/nios2-elf/5.3.0/../../../../../H-x86_64-mingw32/nios2-elf/lib\libc.a(lib_a-freer.o)
                0x0000000000809f14                _free_r
 .text          0x000000000080a224        0x0 c:/intelfpga/18.1/nios2eds/bin/gnu/h-x86_64-mingw32/bin/../lib/gcc/nios2-elf/5.3.0/../../../../../H-x86_64-mingw32/nios2-elf/lib\libc.a(lib_a-fwalk.o)
 .text._fwalk   0x000000000080a224       0xc4 c:/intelfpga/18.1/nios2eds/bin/gnu/h-x86_64-mingw32/bin/../lib/gcc/nios2-elf/5.3.0/../../../../../H-x86_64-mingw32/nios2-elf/lib\libc.a(lib_a-fwalk.o)
                0x000000000080a224                _fwalk
 .text._fwalk_reent
                0x000000000080a2e8       0xc4 c:/intelfpga/18.1/nios2eds/bin/gnu/h-x86_64-mingw32/bin/../lib/gcc/nios2-elf/5.3.0/../../../../../H-x86_64-mingw32/nios2-elf/lib\libc.a(lib_a-fwalk.o)
                0x000000000080a2e8                _fwalk_reent
 .text          0x000000000080a3ac        0x0 c:/intelfpga/18.1/nios2eds/bin/gnu/h-x86_64-mingw32/bin/../lib/gcc/nios2-elf/5.3.0/../../../../../H-x86_64-mingw32/nios2-elf/lib\libc.a(lib_a-impure.o)
 .text          0x000000000080a3ac        0x0 c:/intelfpga/18.1/nios2eds/bin/gnu/h-x86_64-mingw32/bin/../lib/gcc/nios2-elf/5.3.0/../../../../../H-x86_64-mingw32/nios2-elf/lib\libc.a(lib_a-mallocr.o)
 .text._malloc_r
                0x000000000080a3ac      0x80c c:/intelfpga/18.1/nios2eds/bin/gnu/h-x86_64-mingw32/bin/../lib/gcc/nios2-elf/5.3.0/../../../../../H-x86_64-mingw32/nios2-elf/lib\libc.a(lib_a-mallocr.o)
                0x000000000080a3ac                _malloc_r
 .text          0x000000000080abb8        0x0 c:/intelfpga/18.1/nios2eds/bin/gnu/h-x86_64-mingw32/bin/../lib/gcc/nios2-elf/5.3.0/../../../../../H-x86_64-mingw32/nios2-elf/lib\libc.a(lib_a-memset.o)
 .text.memset   0x000000000080abb8      0x128 c:/intelfpga/18.1/nios2eds/bin/gnu/h-x86_64-mingw32/bin/../lib/gcc/nios2-elf/5.3.0/../../../../../H-x86_64-mingw32/nios2-elf/lib\libc.a(lib_a-memset.o)
                0x000000000080abb8                memset
 .text          0x000000000080ace0        0x0 c:/intelfpga/18.1/nios2eds/bin/gnu/h-x86_64-mingw32/bin/../lib/gcc/nios2-elf/5.3.0/../../../../../H-x86_64-mingw32/nios2-elf/lib\libc.a(lib_a-printf.o)
 .text._printf_r
                0x000000000080ace0       0x30 c:/intelfpga/18.1/nios2eds/bin/gnu/h-x86_64-mingw32/bin/../lib/gcc/nios2-elf/5.3.0/../../../../../H-x86_64-mingw32/nios2-elf/lib\libc.a(lib_a-printf.o)
                0x000000000080ace0                _printf_r
 .text.printf   0x000000000080ad10       0x3c c:/intelfpga/18.1/nios2eds/bin/gnu/h-x86_64-mingw32/bin/../lib/gcc/nios2-elf/5.3.0/../../../../../H-x86_64-mingw32/nios2-elf/lib\libc.a(lib_a-printf.o)
                0x000000000080ad10                printf
 .text          0x000000000080ad4c        0x0 c:/intelfpga/18.1/nios2eds/bin/gnu/h-x86_64-mingw32/bin/../lib/gcc/nios2-elf/5.3.0/../../../../../H-x86_64-mingw32/nios2-elf/lib\libc.a(lib_a-puts.o)
 .text._puts_r  0x000000000080ad4c       0xc0 c:/intelfpga/18.1/nios2eds/bin/gnu/h-x86_64-mingw32/bin/../lib/gcc/nios2-elf/5.3.0/../../../../../H-x86_64-mingw32/nios2-elf/lib\libc.a(lib_a-puts.o)
                0x000000000080ad4c                _puts_r
 .text.puts     0x000000000080ae0c       0x14 c:/intelfpga/18.1/nios2eds/bin/gnu/h-x86_64-mingw32/bin/../lib/gcc/nios2-elf/5.3.0/../../../../../H-x86_64-mingw32/nios2-elf/lib\libc.a(lib_a-puts.o)
                0x000000000080ae0c                puts
 .text          0x000000000080ae20        0x0 c:/intelfpga/18.1/nios2eds/bin/gnu/h-x86_64-mingw32/bin/../lib/gcc/nios2-elf/5.3.0/../../../../../H-x86_64-mingw32/nios2-elf/lib\libc.a(lib_a-sbrkr.o)
 .text._sbrk_r  0x000000000080ae20       0x54 c:/intelfpga/18.1/nios2eds/bin/gnu/h-x86_64-mingw32/bin/../lib/gcc/nios2-elf/5.3.0/../../../../../H-x86_64-mingw32/nios2-elf/lib\libc.a(lib_a-sbrkr.o)
                0x000000000080ae20                _sbrk_r
 .text          0x000000000080ae74        0x0 c:/intelfpga/18.1/nios2eds/bin/gnu/h-x86_64-mingw32/bin/../lib/gcc/nios2-elf/5.3.0/../../../../../H-x86_64-mingw32/nios2-elf/lib\libc.a(lib_a-stdio.o)
 .text.__sread  0x000000000080ae74       0x54 c:/intelfpga/18.1/nios2eds/bin/gnu/h-x86_64-mingw32/bin/../lib/gcc/nios2-elf/5.3.0/../../../../../H-x86_64-mingw32/nios2-elf/lib\libc.a(lib_a-stdio.o)
                0x000000000080ae74                __sread
 .text.__seofread
                0x000000000080aec8        0x8 c:/intelfpga/18.1/nios2eds/bin/gnu/h-x86_64-mingw32/bin/../lib/gcc/nios2-elf/5.3.0/../../../../../H-x86_64-mingw32/nios2-elf/lib\libc.a(lib_a-stdio.o)
                0x000000000080aec8                __seofread
 .text.__swrite
                0x000000000080aed0       0x7c c:/intelfpga/18.1/nios2eds/bin/gnu/h-x86_64-mingw32/bin/../lib/gcc/nios2-elf/5.3.0/../../../../../H-x86_64-mingw32/nios2-elf/lib\libc.a(lib_a-stdio.o)
                0x000000000080aed0                __swrite
 .text.__sseek  0x000000000080af4c       0x5c c:/intelfpga/18.1/nios2eds/bin/gnu/h-x86_64-mingw32/bin/../lib/gcc/nios2-elf/5.3.0/../../../../../H-x86_64-mingw32/nios2-elf/lib\libc.a(lib_a-stdio.o)
                0x000000000080af4c                __sseek
 .text.__sclose
                0x000000000080afa8        0x8 c:/intelfpga/18.1/nios2eds/bin/gnu/h-x86_64-mingw32/bin/../lib/gcc/nios2-elf/5.3.0/../../../../../H-x86_64-mingw32/nios2-elf/lib\libc.a(lib_a-stdio.o)
                0x000000000080afa8                __sclose
 .text          0x000000000080afb0        0x0 c:/intelfpga/18.1/nios2eds/bin/gnu/h-x86_64-mingw32/bin/../lib/gcc/nios2-elf/5.3.0/../../../../../H-x86_64-mingw32/nios2-elf/lib\libc.a(lib_a-strlen.o)
 .text.strlen   0x000000000080afb0       0x98 c:/intelfpga/18.1/nios2eds/bin/gnu/h-x86_64-mingw32/bin/../lib/gcc/nios2-elf/5.3.0/../../../../../H-x86_64-mingw32/nios2-elf/lib\libc.a(lib_a-strlen.o)
                0x000000000080afb0                strlen
 .text          0x000000000080b048        0x0 c:/intelfpga/18.1/nios2eds/bin/gnu/h-x86_64-mingw32/bin/../lib/gcc/nios2-elf/5.3.0/../../../../../H-x86_64-mingw32/nios2-elf/lib\libc.a(lib_a-vfprintf.o)
 .text.___vfprintf_internal_r
                0x000000000080b048     0x21f8 c:/intelfpga/18.1/nios2eds/bin/gnu/h-x86_64-mingw32/bin/../lib/gcc/nios2-elf/5.3.0/../../../../../H-x86_64-mingw32/nios2-elf/lib\libc.a(lib_a-vfprintf.o)
                0x000000000080b048                ___vfprintf_internal_r
 .text.__vfprintf_internal
                0x000000000080d240       0x1c c:/intelfpga/18.1/nios2eds/bin/gnu/h-x86_64-mingw32/bin/../lib/gcc/nios2-elf/5.3.0/../../../../../H-x86_64-mingw32/nios2-elf/lib\libc.a(lib_a-vfprintf.o)
                0x000000000080d240                __vfprintf_internal
 .text.__sbprintf
                0x000000000080d25c       0xbc c:/intelfpga/18.1/nios2eds/bin/gnu/h-x86_64-mingw32/bin/../lib/gcc/nios2-elf/5.3.0/../../../../../H-x86_64-mingw32/nios2-elf/lib\libc.a(lib_a-vfprintf.o)
 .text          0x000000000080d318        0x0 c:/intelfpga/18.1/nios2eds/bin/gnu/h-x86_64-mingw32/bin/../lib/gcc/nios2-elf/5.3.0/../../../../../H-x86_64-mingw32/nios2-elf/lib\libc.a(lib_a-writer.o)
 .text._write_r
                0x000000000080d318       0x60 c:/intelfpga/18.1/nios2eds/bin/gnu/h-x86_64-mingw32/bin/../lib/gcc/nios2-elf/5.3.0/../../../../../H-x86_64-mingw32/nios2-elf/lib\libc.a(lib_a-writer.o)
                0x000000000080d318                _write_r
 .text          0x000000000080d378        0x0 c:/intelfpga/18.1/nios2eds/bin/gnu/h-x86_64-mingw32/bin/../lib/gcc/nios2-elf/5.3.0/../../../../../H-x86_64-mingw32/nios2-elf/lib\libc.a(lib_a-wsetup.o)
 .text.__swsetup_r
                0x000000000080d378      0x154 c:/intelfpga/18.1/nios2eds/bin/gnu/h-x86_64-mingw32/bin/../lib/gcc/nios2-elf/5.3.0/../../../../../H-x86_64-mingw32/nios2-elf/lib\libc.a(lib_a-wsetup.o)
                0x000000000080d378                __swsetup_r
 .text          0x000000000080d4cc        0x0 c:/intelfpga/18.1/nios2eds/bin/gnu/h-x86_64-mingw32/bin/../lib/gcc/nios2-elf/5.3.0/../../../../../H-x86_64-mingw32/nios2-elf/lib\libc.a(closer.o)
 .text._close_r
                0x000000000080d4cc       0x54 c:/intelfpga/18.1/nios2eds/bin/gnu/h-x86_64-mingw32/bin/../lib/gcc/nios2-elf/5.3.0/../../../../../H-x86_64-mingw32/nios2-elf/lib\libc.a(closer.o)
                0x000000000080d4cc                _close_r
 .text          0x000000000080d520        0x0 c:/intelfpga/18.1/nios2eds/bin/gnu/h-x86_64-mingw32/bin/../lib/gcc/nios2-elf/5.3.0/../../../../../H-x86_64-mingw32/nios2-elf/lib\libc.a(lib_a-dtoa.o)
 .text.quorem   0x000000000080d520      0x200 c:/intelfpga/18.1/nios2eds/bin/gnu/h-x86_64-mingw32/bin/../lib/gcc/nios2-elf/5.3.0/../../../../../H-x86_64-mingw32/nios2-elf/lib\libc.a(lib_a-dtoa.o)
 .text._dtoa_r  0x000000000080d720     0x1688 c:/intelfpga/18.1/nios2eds/bin/gnu/h-x86_64-mingw32/bin/../lib/gcc/nios2-elf/5.3.0/../../../../../H-x86_64-mingw32/nios2-elf/lib\libc.a(lib_a-dtoa.o)
                0x000000000080d720                _dtoa_r
 .text          0x000000000080eda8        0x0 c:/intelfpga/18.1/nios2eds/bin/gnu/h-x86_64-mingw32/bin/../lib/gcc/nios2-elf/5.3.0/../../../../../H-x86_64-mingw32/nios2-elf/lib\libc.a(lib_a-fclose.o)
 .text._fclose_r
                0x000000000080eda8       0xf0 c:/intelfpga/18.1/nios2eds/bin/gnu/h-x86_64-mingw32/bin/../lib/gcc/nios2-elf/5.3.0/../../../../../H-x86_64-mingw32/nios2-elf/lib\libc.a(lib_a-fclose.o)
                0x000000000080eda8                _fclose_r
 .text.fclose   0x000000000080ee98       0x14 c:/intelfpga/18.1/nios2eds/bin/gnu/h-x86_64-mingw32/bin/../lib/gcc/nios2-elf/5.3.0/../../../../../H-x86_64-mingw32/nios2-elf/lib\libc.a(lib_a-fclose.o)
                0x000000000080ee98                fclose
 .text          0x000000000080eeac        0x0 c:/intelfpga/18.1/nios2eds/bin/gnu/h-x86_64-mingw32/bin/../lib/gcc/nios2-elf/5.3.0/../../../../../H-x86_64-mingw32/nios2-elf/lib\libc.a(lib_a-fvwrite.o)
 .text.__sfvwrite_r
                0x000000000080eeac      0x4bc c:/intelfpga/18.1/nios2eds/bin/gnu/h-x86_64-mingw32/bin/../lib/gcc/nios2-elf/5.3.0/../../../../../H-x86_64-mingw32/nios2-elf/lib\libc.a(lib_a-fvwrite.o)
                0x000000000080eeac                __sfvwrite_r
 .text          0x000000000080f368        0x0 c:/intelfpga/18.1/nios2eds/bin/gnu/h-x86_64-mingw32/bin/../lib/gcc/nios2-elf/5.3.0/../../../../../H-x86_64-mingw32/nios2-elf/lib\libc.a(lib_a-int_errno.o)
 .text          0x000000000080f368        0x0 c:/intelfpga/18.1/nios2eds/bin/gnu/h-x86_64-mingw32/bin/../lib/gcc/nios2-elf/5.3.0/../../../../../H-x86_64-mingw32/nios2-elf/lib\libc.a(lib_a-locale.o)
 .text._setlocale_r
                0x000000000080f368       0x7c c:/intelfpga/18.1/nios2eds/bin/gnu/h-x86_64-mingw32/bin/../lib/gcc/nios2-elf/5.3.0/../../../../../H-x86_64-mingw32/nios2-elf/lib\libc.a(lib_a-locale.o)
                0x000000000080f368                _setlocale_r
 .text.__locale_charset
                0x000000000080f3e4        0xc c:/intelfpga/18.1/nios2eds/bin/gnu/h-x86_64-mingw32/bin/../lib/gcc/nios2-elf/5.3.0/../../../../../H-x86_64-mingw32/nios2-elf/lib\libc.a(lib_a-locale.o)
                0x000000000080f3e4                __locale_charset
 .text.__locale_mb_cur_max
                0x000000000080f3f0       0x10 c:/intelfpga/18.1/nios2eds/bin/gnu/h-x86_64-mingw32/bin/../lib/gcc/nios2-elf/5.3.0/../../../../../H-x86_64-mingw32/nios2-elf/lib\libc.a(lib_a-locale.o)
                0x000000000080f3f0                __locale_mb_cur_max
 .text.__locale_msgcharset
                0x000000000080f400        0xc c:/intelfpga/18.1/nios2eds/bin/gnu/h-x86_64-mingw32/bin/../lib/gcc/nios2-elf/5.3.0/../../../../../H-x86_64-mingw32/nios2-elf/lib\libc.a(lib_a-locale.o)
                0x000000000080f400                __locale_msgcharset
 .text.__locale_cjk_lang
                0x000000000080f40c        0x8 c:/intelfpga/18.1/nios2eds/bin/gnu/h-x86_64-mingw32/bin/../lib/gcc/nios2-elf/5.3.0/../../../../../H-x86_64-mingw32/nios2-elf/lib\libc.a(lib_a-locale.o)
                0x000000000080f40c                __locale_cjk_lang
 .text._localeconv_r
                0x000000000080f414        0xc c:/intelfpga/18.1/nios2eds/bin/gnu/h-x86_64-mingw32/bin/../lib/gcc/nios2-elf/5.3.0/../../../../../H-x86_64-mingw32/nios2-elf/lib\libc.a(lib_a-locale.o)
                0x000000000080f414                _localeconv_r
 .text.setlocale
                0x000000000080f420       0x18 c:/intelfpga/18.1/nios2eds/bin/gnu/h-x86_64-mingw32/bin/../lib/gcc/nios2-elf/5.3.0/../../../../../H-x86_64-mingw32/nios2-elf/lib\libc.a(lib_a-locale.o)
                0x000000000080f420                setlocale
 .text.localeconv
                0x000000000080f438        0xc c:/intelfpga/18.1/nios2eds/bin/gnu/h-x86_64-mingw32/bin/../lib/gcc/nios2-elf/5.3.0/../../../../../H-x86_64-mingw32/nios2-elf/lib\libc.a(lib_a-locale.o)
                0x000000000080f438                localeconv
 .text          0x000000000080f444        0x0 c:/intelfpga/18.1/nios2eds/bin/gnu/h-x86_64-mingw32/bin/../lib/gcc/nios2-elf/5.3.0/../../../../../H-x86_64-mingw32/nios2-elf/lib\libc.a(lib_a-lseekr.o)
 .text._lseek_r
                0x000000000080f444       0x60 c:/intelfpga/18.1/nios2eds/bin/gnu/h-x86_64-mingw32/bin/../lib/gcc/nios2-elf/5.3.0/../../../../../H-x86_64-mingw32/nios2-elf/lib\libc.a(lib_a-lseekr.o)
                0x000000000080f444                _lseek_r
 .text          0x000000000080f4a4        0x0 c:/intelfpga/18.1/nios2eds/bin/gnu/h-x86_64-mingw32/bin/../lib/gcc/nios2-elf/5.3.0/../../../../../H-x86_64-mingw32/nios2-elf/lib\libc.a(lib_a-makebuf.o)
 .text.__smakebuf_r
                0x000000000080f4a4      0x1bc c:/intelfpga/18.1/nios2eds/bin/gnu/h-x86_64-mingw32/bin/../lib/gcc/nios2-elf/5.3.0/../../../../../H-x86_64-mingw32/nios2-elf/lib\libc.a(lib_a-makebuf.o)
                0x000000000080f4a4                __smakebuf_r
 .text          0x000000000080f660        0x0 c:/intelfpga/18.1/nios2eds/bin/gnu/h-x86_64-mingw32/bin/../lib/gcc/nios2-elf/5.3.0/../../../../../H-x86_64-mingw32/nios2-elf/lib\libc.a(lib_a-memchr.o)
 .text.memchr   0x000000000080f660       0xe4 c:/intelfpga/18.1/nios2eds/bin/gnu/h-x86_64-mingw32/bin/../lib/gcc/nios2-elf/5.3.0/../../../../../H-x86_64-mingw32/nios2-elf/lib\libc.a(lib_a-memchr.o)
                0x000000000080f660                memchr
 .text          0x000000000080f744        0x0 c:/intelfpga/18.1/nios2eds/bin/gnu/h-x86_64-mingw32/bin/../lib/gcc/nios2-elf/5.3.0/../../../../../H-x86_64-mingw32/nios2-elf/lib\libc.a(lib_a-memcpy.o)
 .text.memcpy   0x000000000080f744      0x148 c:/intelfpga/18.1/nios2eds/bin/gnu/h-x86_64-mingw32/bin/../lib/gcc/nios2-elf/5.3.0/../../../../../H-x86_64-mingw32/nios2-elf/lib\libc.a(lib_a-memcpy.o)
                0x000000000080f744                memcpy
 .text          0x000000000080f88c        0x0 c:/intelfpga/18.1/nios2eds/bin/gnu/h-x86_64-mingw32/bin/../lib/gcc/nios2-elf/5.3.0/../../../../../H-x86_64-mingw32/nios2-elf/lib\libc.a(lib_a-memmove.o)
 .text.memmove  0x000000000080f88c      0x15c c:/intelfpga/18.1/nios2eds/bin/gnu/h-x86_64-mingw32/bin/../lib/gcc/nios2-elf/5.3.0/../../../../../H-x86_64-mingw32/nios2-elf/lib\libc.a(lib_a-memmove.o)
                0x000000000080f88c                memmove
 .text          0x000000000080f9e8        0x0 c:/intelfpga/18.1/nios2eds/bin/gnu/h-x86_64-mingw32/bin/../lib/gcc/nios2-elf/5.3.0/../../../../../H-x86_64-mingw32/nios2-elf/lib\libc.a(lib_a-mprec.o)
 .text._Balloc  0x000000000080f9e8       0xa8 c:/intelfpga/18.1/nios2eds/bin/gnu/h-x86_64-mingw32/bin/../lib/gcc/nios2-elf/5.3.0/../../../../../H-x86_64-mingw32/nios2-elf/lib\libc.a(lib_a-mprec.o)
                0x000000000080f9e8                _Balloc
 .text._Bfree   0x000000000080fa90       0x28 c:/intelfpga/18.1/nios2eds/bin/gnu/h-x86_64-mingw32/bin/../lib/gcc/nios2-elf/5.3.0/../../../../../H-x86_64-mingw32/nios2-elf/lib\libc.a(lib_a-mprec.o)
                0x000000000080fa90                _Bfree
 .text.__multadd
                0x000000000080fab8      0x120 c:/intelfpga/18.1/nios2eds/bin/gnu/h-x86_64-mingw32/bin/../lib/gcc/nios2-elf/5.3.0/../../../../../H-x86_64-mingw32/nios2-elf/lib\libc.a(lib_a-mprec.o)
                0x000000000080fab8                __multadd
 .text.__s2b    0x000000000080fbd8      0x104 c:/intelfpga/18.1/nios2eds/bin/gnu/h-x86_64-mingw32/bin/../lib/gcc/nios2-elf/5.3.0/../../../../../H-x86_64-mingw32/nios2-elf/lib\libc.a(lib_a-mprec.o)
                0x000000000080fbd8                __s2b
 .text.__hi0bits
                0x000000000080fcdc       0x68 c:/intelfpga/18.1/nios2eds/bin/gnu/h-x86_64-mingw32/bin/../lib/gcc/nios2-elf/5.3.0/../../../../../H-x86_64-mingw32/nios2-elf/lib\libc.a(lib_a-mprec.o)
                0x000000000080fcdc                __hi0bits
 .text.__lo0bits
                0x000000000080fd44       0xb0 c:/intelfpga/18.1/nios2eds/bin/gnu/h-x86_64-mingw32/bin/../lib/gcc/nios2-elf/5.3.0/../../../../../H-x86_64-mingw32/nios2-elf/lib\libc.a(lib_a-mprec.o)
                0x000000000080fd44                __lo0bits
 .text.__i2b    0x000000000080fdf4       0x3c c:/intelfpga/18.1/nios2eds/bin/gnu/h-x86_64-mingw32/bin/../lib/gcc/nios2-elf/5.3.0/../../../../../H-x86_64-mingw32/nios2-elf/lib\libc.a(lib_a-mprec.o)
                0x000000000080fdf4                __i2b
 .text.__multiply
                0x000000000080fe30      0x1f8 c:/intelfpga/18.1/nios2eds/bin/gnu/h-x86_64-mingw32/bin/../lib/gcc/nios2-elf/5.3.0/../../../../../H-x86_64-mingw32/nios2-elf/lib\libc.a(lib_a-mprec.o)
                0x000000000080fe30                __multiply
 .text.__pow5mult
                0x0000000000810028      0x140 c:/intelfpga/18.1/nios2eds/bin/gnu/h-x86_64-mingw32/bin/../lib/gcc/nios2-elf/5.3.0/../../../../../H-x86_64-mingw32/nios2-elf/lib\libc.a(lib_a-mprec.o)
                0x0000000000810028                __pow5mult
 .text.__lshift
                0x0000000000810168      0x148 c:/intelfpga/18.1/nios2eds/bin/gnu/h-x86_64-mingw32/bin/../lib/gcc/nios2-elf/5.3.0/../../../../../H-x86_64-mingw32/nios2-elf/lib\libc.a(lib_a-mprec.o)
                0x0000000000810168                __lshift
 .text.__mcmp   0x00000000008102b0       0x60 c:/intelfpga/18.1/nios2eds/bin/gnu/h-x86_64-mingw32/bin/../lib/gcc/nios2-elf/5.3.0/../../../../../H-x86_64-mingw32/nios2-elf/lib\libc.a(lib_a-mprec.o)
                0x00000000008102b0                __mcmp
 .text.__mdiff  0x0000000000810310      0x1fc c:/intelfpga/18.1/nios2eds/bin/gnu/h-x86_64-mingw32/bin/../lib/gcc/nios2-elf/5.3.0/../../../../../H-x86_64-mingw32/nios2-elf/lib\libc.a(lib_a-mprec.o)
                0x0000000000810310                __mdiff
 .text.__ulp    0x000000000081050c       0x64 c:/intelfpga/18.1/nios2eds/bin/gnu/h-x86_64-mingw32/bin/../lib/gcc/nios2-elf/5.3.0/../../../../../H-x86_64-mingw32/nios2-elf/lib\libc.a(lib_a-mprec.o)
                0x000000000081050c                __ulp
 .text.__b2d    0x0000000000810570      0x10c c:/intelfpga/18.1/nios2eds/bin/gnu/h-x86_64-mingw32/bin/../lib/gcc/nios2-elf/5.3.0/../../../../../H-x86_64-mingw32/nios2-elf/lib\libc.a(lib_a-mprec.o)
                0x0000000000810570                __b2d
 .text.__d2b    0x000000000081067c      0x14c c:/intelfpga/18.1/nios2eds/bin/gnu/h-x86_64-mingw32/bin/../lib/gcc/nios2-elf/5.3.0/../../../../../H-x86_64-mingw32/nios2-elf/lib\libc.a(lib_a-mprec.o)
                0x000000000081067c                __d2b
 .text.__ratio  0x00000000008107c8       0xa4 c:/intelfpga/18.1/nios2eds/bin/gnu/h-x86_64-mingw32/bin/../lib/gcc/nios2-elf/5.3.0/../../../../../H-x86_64-mingw32/nios2-elf/lib\libc.a(lib_a-mprec.o)
                0x00000000008107c8                __ratio
 .text._mprec_log10
                0x000000000081086c       0x74 c:/intelfpga/18.1/nios2eds/bin/gnu/h-x86_64-mingw32/bin/../lib/gcc/nios2-elf/5.3.0/../../../../../H-x86_64-mingw32/nios2-elf/lib\libc.a(lib_a-mprec.o)
                0x000000000081086c                _mprec_log10
 .text.__copybits
                0x00000000008108e0       0x78 c:/intelfpga/18.1/nios2eds/bin/gnu/h-x86_64-mingw32/bin/../lib/gcc/nios2-elf/5.3.0/../../../../../H-x86_64-mingw32/nios2-elf/lib\libc.a(lib_a-mprec.o)
                0x00000000008108e0                __copybits
 .text.__any_on
                0x0000000000810958       0x8c c:/intelfpga/18.1/nios2eds/bin/gnu/h-x86_64-mingw32/bin/../lib/gcc/nios2-elf/5.3.0/../../../../../H-x86_64-mingw32/nios2-elf/lib\libc.a(lib_a-mprec.o)
                0x0000000000810958                __any_on
 .text          0x00000000008109e4        0x0 c:/intelfpga/18.1/nios2eds/bin/gnu/h-x86_64-mingw32/bin/../lib/gcc/nios2-elf/5.3.0/../../../../../H-x86_64-mingw32/nios2-elf/lib\libc.a(lib_a-readr.o)
 .text._read_r  0x00000000008109e4       0x60 c:/intelfpga/18.1/nios2eds/bin/gnu/h-x86_64-mingw32/bin/../lib/gcc/nios2-elf/5.3.0/../../../../../H-x86_64-mingw32/nios2-elf/lib\libc.a(lib_a-readr.o)
                0x00000000008109e4                _read_r
 .text          0x0000000000810a44        0x0 c:/intelfpga/18.1/nios2eds/bin/gnu/h-x86_64-mingw32/bin/../lib/gcc/nios2-elf/5.3.0/../../../../../H-x86_64-mingw32/nios2-elf/lib\libc.a(lib_a-reallocr.o)
 .text._realloc_r
                0x0000000000810a44      0x564 c:/intelfpga/18.1/nios2eds/bin/gnu/h-x86_64-mingw32/bin/../lib/gcc/nios2-elf/5.3.0/../../../../../H-x86_64-mingw32/nios2-elf/lib\libc.a(lib_a-reallocr.o)
                0x0000000000810a44                _realloc_r
 .text          0x0000000000810fa8        0x0 c:/intelfpga/18.1/nios2eds/bin/gnu/h-x86_64-mingw32/bin/../lib/gcc/nios2-elf/5.3.0/../../../../../H-x86_64-mingw32/nios2-elf/lib\libc.a(lib_a-s_fpclassify.o)
 .text.__fpclassifyd
                0x0000000000810fa8       0x74 c:/intelfpga/18.1/nios2eds/bin/gnu/h-x86_64-mingw32/bin/../lib/gcc/nios2-elf/5.3.0/../../../../../H-x86_64-mingw32/nios2-elf/lib\libc.a(lib_a-s_fpclassify.o)
                0x0000000000810fa8                __fpclassifyd
 .text          0x000000000081101c        0x0 c:/intelfpga/18.1/nios2eds/bin/gnu/h-x86_64-mingw32/bin/../lib/gcc/nios2-elf/5.3.0/../../../../../H-x86_64-mingw32/nios2-elf/lib\libc.a(lib_a-strcmp.o)
 .text.strcmp   0x000000000081101c       0xdc c:/intelfpga/18.1/nios2eds/bin/gnu/h-x86_64-mingw32/bin/../lib/gcc/nios2-elf/5.3.0/../../../../../H-x86_64-mingw32/nios2-elf/lib\libc.a(lib_a-strcmp.o)
                0x000000000081101c                strcmp
 .text          0x00000000008110f8        0x0 c:/intelfpga/18.1/nios2eds/bin/gnu/h-x86_64-mingw32/bin/../lib/gcc/nios2-elf/5.3.0/../../../../../H-x86_64-mingw32/nios2-elf/lib\libc.a(lib_a-vfiprintf.o)
 .text.__sprint_r.part.0
                0x00000000008110f8       0xfc c:/intelfpga/18.1/nios2eds/bin/gnu/h-x86_64-mingw32/bin/../lib/gcc/nios2-elf/5.3.0/../../../../../H-x86_64-mingw32/nios2-elf/lib\libc.a(lib_a-vfiprintf.o)
 .text.__sprint_r
                0x00000000008111f4       0x18 c:/intelfpga/18.1/nios2eds/bin/gnu/h-x86_64-mingw32/bin/../lib/gcc/nios2-elf/5.3.0/../../../../../H-x86_64-mingw32/nios2-elf/lib\libc.a(lib_a-vfiprintf.o)
                0x00000000008111f4                __sprint_r
 .text.___vfiprintf_internal_r
                0x000000000081120c     0x145c c:/intelfpga/18.1/nios2eds/bin/gnu/h-x86_64-mingw32/bin/../lib/gcc/nios2-elf/5.3.0/../../../../../H-x86_64-mingw32/nios2-elf/lib\libc.a(lib_a-vfiprintf.o)
                0x000000000081120c                ___vfiprintf_internal_r
 .text.__vfiprintf_internal
                0x0000000000812668       0x1c c:/intelfpga/18.1/nios2eds/bin/gnu/h-x86_64-mingw32/bin/../lib/gcc/nios2-elf/5.3.0/../../../../../H-x86_64-mingw32/nios2-elf/lib\libc.a(lib_a-vfiprintf.o)
                0x0000000000812668                __vfiprintf_internal
 .text.__sbprintf
                0x0000000000812684       0xbc c:/intelfpga/18.1/nios2eds/bin/gnu/h-x86_64-mingw32/bin/../lib/gcc/nios2-elf/5.3.0/../../../../../H-x86_64-mingw32/nios2-elf/lib\libc.a(lib_a-vfiprintf.o)
 .text          0x0000000000812740        0x0 c:/intelfpga/18.1/nios2eds/bin/gnu/h-x86_64-mingw32/bin/../lib/gcc/nios2-elf/5.3.0/../../../../../H-x86_64-mingw32/nios2-elf/lib\libc.a(lib_a-callocr.o)
 .text._calloc_r
                0x0000000000812740       0xc4 c:/intelfpga/18.1/nios2eds/bin/gnu/h-x86_64-mingw32/bin/../lib/gcc/nios2-elf/5.3.0/../../../../../H-x86_64-mingw32/nios2-elf/lib\libc.a(lib_a-callocr.o)
                0x0000000000812740                _calloc_r
 .text          0x0000000000812804        0x0 c:/intelfpga/18.1/nios2eds/bin/gnu/h-x86_64-mingw32/bin/../lib/gcc/nios2-elf/5.3.0/../../../../../H-x86_64-mingw32/nios2-elf/lib\libc.a(lib_a-fputwc.o)
 .text.__fputwc
                0x0000000000812804      0x164 c:/intelfpga/18.1/nios2eds/bin/gnu/h-x86_64-mingw32/bin/../lib/gcc/nios2-elf/5.3.0/../../../../../H-x86_64-mingw32/nios2-elf/lib\libc.a(lib_a-fputwc.o)
                0x0000000000812804                __fputwc
 .text._fputwc_r
                0x0000000000812968       0x24 c:/intelfpga/18.1/nios2eds/bin/gnu/h-x86_64-mingw32/bin/../lib/gcc/nios2-elf/5.3.0/../../../../../H-x86_64-mingw32/nios2-elf/lib\libc.a(lib_a-fputwc.o)
                0x0000000000812968                _fputwc_r
 .text.fputwc   0x000000000081298c       0x80 c:/intelfpga/18.1/nios2eds/bin/gnu/h-x86_64-mingw32/bin/../lib/gcc/nios2-elf/5.3.0/../../../../../H-x86_64-mingw32/nios2-elf/lib\libc.a(lib_a-fputwc.o)
                0x000000000081298c                fputwc
 .text          0x0000000000812a0c        0x0 c:/intelfpga/18.1/nios2eds/bin/gnu/h-x86_64-mingw32/bin/../lib/gcc/nios2-elf/5.3.0/../../../../../H-x86_64-mingw32/nios2-elf/lib\libc.a(lib_a-fstatr.o)
 .text._fstat_r
                0x0000000000812a0c       0x5c c:/intelfpga/18.1/nios2eds/bin/gnu/h-x86_64-mingw32/bin/../lib/gcc/nios2-elf/5.3.0/../../../../../H-x86_64-mingw32/nios2-elf/lib\libc.a(lib_a-fstatr.o)
                0x0000000000812a0c                _fstat_r
 .text          0x0000000000812a68        0x0 c:/intelfpga/18.1/nios2eds/bin/gnu/h-x86_64-mingw32/bin/../lib/gcc/nios2-elf/5.3.0/../../../../../H-x86_64-mingw32/nios2-elf/lib\libc.a(lib_a-isattyr.o)
 .text._isatty_r
                0x0000000000812a68       0x54 c:/intelfpga/18.1/nios2eds/bin/gnu/h-x86_64-mingw32/bin/../lib/gcc/nios2-elf/5.3.0/../../../../../H-x86_64-mingw32/nios2-elf/lib\libc.a(lib_a-isattyr.o)
                0x0000000000812a68                _isatty_r
 .text          0x0000000000812abc        0x0 c:/intelfpga/18.1/nios2eds/bin/gnu/h-x86_64-mingw32/bin/../lib/gcc/nios2-elf/5.3.0/../../../../../H-x86_64-mingw32/nios2-elf/lib\libc.a(lib_a-wbuf.o)
 .text.__swbuf_r
                0x0000000000812abc      0x140 c:/intelfpga/18.1/nios2eds/bin/gnu/h-x86_64-mingw32/bin/../lib/gcc/nios2-elf/5.3.0/../../../../../H-x86_64-mingw32/nios2-elf/lib\libc.a(lib_a-wbuf.o)
                0x0000000000812abc                __swbuf_r
 .text.__swbuf  0x0000000000812bfc       0x18 c:/intelfpga/18.1/nios2eds/bin/gnu/h-x86_64-mingw32/bin/../lib/gcc/nios2-elf/5.3.0/../../../../../H-x86_64-mingw32/nios2-elf/lib\libc.a(lib_a-wbuf.o)
                0x0000000000812bfc                __swbuf
 .text          0x0000000000812c14        0x0 c:/intelfpga/18.1/nios2eds/bin/gnu/h-x86_64-mingw32/bin/../lib/gcc/nios2-elf/5.3.0/../../../../../H-x86_64-mingw32/nios2-elf/lib\libc.a(lib_a-wcrtomb.o)
 .text._wcrtomb_r
                0x0000000000812c14       0x9c c:/intelfpga/18.1/nios2eds/bin/gnu/h-x86_64-mingw32/bin/../lib/gcc/nios2-elf/5.3.0/../../../../../H-x86_64-mingw32/nios2-elf/lib\libc.a(lib_a-wcrtomb.o)
                0x0000000000812c14                _wcrtomb_r
 .text.wcrtomb  0x0000000000812cb0       0xc0 c:/intelfpga/18.1/nios2eds/bin/gnu/h-x86_64-mingw32/bin/../lib/gcc/nios2-elf/5.3.0/../../../../../H-x86_64-mingw32/nios2-elf/lib\libc.a(lib_a-wcrtomb.o)
                0x0000000000812cb0                wcrtomb
 .text          0x0000000000812d70        0x0 c:/intelfpga/18.1/nios2eds/bin/gnu/h-x86_64-mingw32/bin/../lib/gcc/nios2-elf/5.3.0/../../../../../H-x86_64-mingw32/nios2-elf/lib\libc.a(lib_a-wctomb_r.o)
 .text.__ascii_wctomb
                0x0000000000812d70       0x30 c:/intelfpga/18.1/nios2eds/bin/gnu/h-x86_64-mingw32/bin/../lib/gcc/nios2-elf/5.3.0/../../../../../H-x86_64-mingw32/nios2-elf/lib\libc.a(lib_a-wctomb_r.o)
                0x0000000000812d70                __ascii_wctomb
 .text._wctomb_r
                0x0000000000812da0       0x5c c:/intelfpga/18.1/nios2eds/bin/gnu/h-x86_64-mingw32/bin/../lib/gcc/nios2-elf/5.3.0/../../../../../H-x86_64-mingw32/nios2-elf/lib\libc.a(lib_a-wctomb_r.o)
                0x0000000000812da0                _wctomb_r
 .text          0x0000000000812dfc      0x538 c:/intelfpga/18.1/nios2eds/bin/gnu/h-x86_64-mingw32/bin/../lib/gcc/nios2-elf/5.3.0\libgcc.a(_umoddi3.o)
                0x0000000000812dfc                __umoddi3
 .text          0x0000000000813334       0x88 c:/intelfpga/18.1/nios2eds/bin/gnu/h-x86_64-mingw32/bin/../lib/gcc/nios2-elf/5.3.0\libgcc.a(eqdf2.o)
                0x0000000000813334                __nedf2
                0x0000000000813334                __eqdf2
 .text          0x00000000008133bc       0x80 c:/intelfpga/18.1/nios2eds/bin/gnu/h-x86_64-mingw32/bin/../lib/gcc/nios2-elf/5.3.0\libgcc.a(fixdfsi.o)
                0x00000000008133bc                __fixdfsi
 .text          0x000000000081343c      0x12c ../niosproject2_bsp/\libhal_bsp.a(alt_alarm_start.o)
                0x000000000081343c                alt_alarm_start
 .text          0x0000000000813568      0x10c ../niosproject2_bsp/\libhal_bsp.a(alt_close.o)
                0x00000000008135a4                close
 .text          0x0000000000813674       0x2c ../niosproject2_bsp/\libhal_bsp.a(alt_dev.o)
 .text          0x00000000008136a0        0x0 ../niosproject2_bsp/\libhal_bsp.a(alt_errno.o)
 .text          0x00000000008136a0       0xec ../niosproject2_bsp/\libhal_bsp.a(alt_fstat.o)
                0x00000000008136dc                fstat
 .text          0x000000000081378c       0xe0 ../niosproject2_bsp/\libhal_bsp.a(alt_isatty.o)
                0x00000000008137c8                isatty
 .text          0x000000000081386c       0xec ../niosproject2_bsp/\libhal_bsp.a(alt_load.o)
                0x00000000008138d4                alt_load
 .text          0x0000000000813958      0x110 ../niosproject2_bsp/\libhal_bsp.a(alt_lseek.o)
                0x0000000000813994                lseek
 .text          0x0000000000813a68       0x7c ../niosproject2_bsp/\libhal_bsp.a(alt_main.o)
                0x0000000000813a68                alt_main
 .text          0x0000000000813ae4       0x48 ../niosproject2_bsp/\libhal_bsp.a(alt_malloc_lock.o)
                0x0000000000813ae4                __malloc_lock
                0x0000000000813b08                __malloc_unlock
 .text          0x0000000000813b2c      0x254 ../niosproject2_bsp/\libhal_bsp.a(alt_open.o)
                0x0000000000813c2c                open
 .text          0x0000000000813d80      0x138 ../niosproject2_bsp/\libhal_bsp.a(alt_read.o)
                0x0000000000813dbc                read
 .text          0x0000000000813eb8       0x64 ../niosproject2_bsp/\libhal_bsp.a(alt_release_fd.o)
                0x0000000000813eb8                alt_release_fd
 .text          0x0000000000813f1c       0xb0 ../niosproject2_bsp/\libhal_bsp.a(alt_sbrk.o)
                0x0000000000813f1c                sbrk
 .text          0x0000000000813fcc      0x1a4 ../niosproject2_bsp/\libhal_bsp.a(alt_tick.o)
                0x0000000000813fcc                alt_alarm_stop
                0x0000000000814068                alt_tick
 .text          0x0000000000814170      0x134 ../niosproject2_bsp/\libhal_bsp.a(alt_write.o)
                0x00000000008141ac                write
 .text          0x00000000008142a4      0x11c ../niosproject2_bsp/\libhal_bsp.a(alt_sys_init.o)
                0x00000000008142d8                alt_irq_init
                0x0000000000814310                alt_sys_init
 .text          0x00000000008143c0      0x164 ../niosproject2_bsp/\libhal_bsp.a(altera_avalon_jtag_uart_fd.o)
                0x00000000008143c0                altera_avalon_jtag_uart_read_fd
                0x0000000000814420                altera_avalon_jtag_uart_write_fd
                0x0000000000814480                altera_avalon_jtag_uart_close_fd
                0x00000000008144d0                altera_avalon_jtag_uart_ioctl_fd
 .text          0x0000000000814524      0x3d4 ../niosproject2_bsp/\libhal_bsp.a(altera_avalon_jtag_uart_init.o)
                0x0000000000814524                altera_avalon_jtag_uart_init
                0x0000000000814890                altera_avalon_jtag_uart_close
 .text          0x00000000008148f8       0xf0 ../niosproject2_bsp/\libhal_bsp.a(altera_avalon_jtag_uart_ioctl.o)
                0x00000000008148f8                altera_avalon_jtag_uart_ioctl
 .text          0x00000000008149e8      0x21c ../niosproject2_bsp/\libhal_bsp.a(altera_avalon_jtag_uart_read.o)
                0x00000000008149e8                altera_avalon_jtag_uart_read
 .text          0x0000000000814c04      0x224 ../niosproject2_bsp/\libhal_bsp.a(altera_avalon_jtag_uart_write.o)
                0x0000000000814c04                altera_avalon_jtag_uart_write
 .text          0x0000000000814e28      0xe7c ../niosproject2_bsp/\libhal_bsp.a(altera_avalon_lcd_16207.o)
                0x00000000008155ec                altera_avalon_lcd_16207_write
                0x0000000000815b70                altera_avalon_lcd_16207_init
 .text          0x0000000000815ca4       0x60 ../niosproject2_bsp/\libhal_bsp.a(altera_avalon_lcd_16207_fd.o)
                0x0000000000815ca4                altera_avalon_lcd_16207_write_fd
 .text          0x0000000000815d04       0xf4 ../niosproject2_bsp/\libhal_bsp.a(altera_avalon_timer_sc.o)
                0x0000000000815d7c                alt_avalon_timer_sc_init
 .text          0x0000000000815df8      0x118 ../niosproject2_bsp/\libhal_bsp.a(altera_avalon_timer_ts.o)
                0x0000000000815df8                alt_timestamp_start
                0x0000000000815e70                alt_timestamp
                0x0000000000815ef0                alt_timestamp_freq
 .text          0x0000000000815f10        0x0 ../niosproject2_bsp/\libhal_bsp.a(altera_avalon_timer_vars.o)
 .text          0x0000000000815f10      0x110 ../niosproject2_bsp/\libhal_bsp.a(altera_avalon_uart_fd.o)
                0x0000000000815f10                altera_avalon_uart_read_fd
                0x0000000000815f70                altera_avalon_uart_write_fd
                0x0000000000815fd0                altera_avalon_uart_close_fd
 .text          0x0000000000816020      0x3c8 ../niosproject2_bsp/\libhal_bsp.a(altera_avalon_uart_init.o)
                0x0000000000816020                altera_avalon_uart_init
                0x0000000000816394                altera_avalon_uart_close
 .text          0x00000000008163e8      0x218 ../niosproject2_bsp/\libhal_bsp.a(altera_avalon_uart_read.o)
                0x0000000000816424                altera_avalon_uart_read
 .text          0x0000000000816600      0x1e8 ../niosproject2_bsp/\libhal_bsp.a(altera_avalon_uart_write.o)
                0x000000000081663c                altera_avalon_uart_write
 .text          0x00000000008167e8       0x48 ../niosproject2_bsp/\libhal_bsp.a(alt_dcache_flush_all.o)
                0x00000000008167e8                alt_dcache_flush_all
 .text          0x0000000000816830       0xe0 ../niosproject2_bsp/\libhal_bsp.a(alt_dev_llist_insert.o)
                0x000000000081686c                alt_dev_llist_insert
 .text          0x0000000000816910       0x60 ../niosproject2_bsp/\libhal_bsp.a(alt_do_ctors.o)
                0x0000000000816910                _do_ctors
 .text          0x0000000000816970       0x60 ../niosproject2_bsp/\libhal_bsp.a(alt_do_dtors.o)
                0x0000000000816970                _do_dtors
 .text          0x00000000008169d0       0x90 ../niosproject2_bsp/\libhal_bsp.a(alt_find_dev.o)
                0x00000000008169d0                alt_find_dev
 .text          0x0000000000816a60      0x108 ../niosproject2_bsp/\libhal_bsp.a(alt_find_file.o)
                0x0000000000816a60                alt_find_file
 .text          0x0000000000816b68       0xa4 ../niosproject2_bsp/\libhal_bsp.a(alt_get_fd.o)
                0x0000000000816b68                alt_get_fd
 .text          0x0000000000816c0c       0x34 ../niosproject2_bsp/\libhal_bsp.a(alt_icache_flush_all.o)
                0x0000000000816c0c                alt_icache_flush_all
 .text          0x0000000000816c40      0x1b0 ../niosproject2_bsp/\libhal_bsp.a(alt_iic.o)
                0x0000000000816c40                alt_ic_isr_register
                0x0000000000816c90                alt_ic_irq_enable
                0x0000000000816d18                alt_ic_irq_disable
                0x0000000000816da4                alt_ic_irq_enabled
 .text          0x0000000000816df0       0xf0 ../niosproject2_bsp/\libhal_bsp.a(alt_iic_isr_register.o)
                0x0000000000816df0                alt_iic_isr_register
 .text          0x0000000000816ee0      0x140 ../niosproject2_bsp/\libhal_bsp.a(alt_io_redirect.o)
                0x0000000000816fa4                alt_io_redirect
 .text          0x0000000000817020        0x0 ../niosproject2_bsp/\libhal_bsp.a(alt_irq_entry.o)
 .text          0x0000000000817020        0x0 ../niosproject2_bsp/\libhal_bsp.a(alt_irq_handler.o)
 .text          0x0000000000817020        0x0 ../niosproject2_bsp/\libhal_bsp.a(alt_irq_vars.o)
 .text          0x0000000000817020       0x30 ../niosproject2_bsp/\libhal_bsp.a(alt_usleep.o)
                0x0000000000817020                usleep
 .text          0x0000000000817050       0x24 ../niosproject2_bsp/\libhal_bsp.a(altera_nios2_gen2_irq.o)
                0x0000000000817050                altera_nios2_gen2_irq_init
 .text          0x0000000000817074      0x158 ../niosproject2_bsp/\libhal_bsp.a(alt_busy_sleep.o)
                0x0000000000817074                alt_busy_sleep
 .text          0x00000000008171cc        0x0 ../niosproject2_bsp/\libhal_bsp.a(alt_exception_entry.o)
 .text          0x00000000008171cc       0x90 ../niosproject2_bsp/\libhal_bsp.a(alt_icache_flush.o)
                0x00000000008171cc                alt_icache_flush
 .text          0x000000000081725c       0x9c ../niosproject2_bsp/\libhal_bsp.a(alt_instruction_exception_entry.o)
                0x000000000081725c                alt_exception_cause_generated_bad_addr
 .text          0x00000000008172f8        0x0 c:/intelfpga/18.1/nios2eds/bin/gnu/h-x86_64-mingw32/bin/../lib/gcc/nios2-elf/5.3.0/../../../../../H-x86_64-mingw32/nios2-elf/lib\libc.a(lib_a-atexit.o)
 .text.atexit   0x00000000008172f8       0x14 c:/intelfpga/18.1/nios2eds/bin/gnu/h-x86_64-mingw32/bin/../lib/gcc/nios2-elf/5.3.0/../../../../../H-x86_64-mingw32/nios2-elf/lib\libc.a(lib_a-atexit.o)
                0x00000000008172f8                atexit
 .text          0x000000000081730c        0x0 c:/intelfpga/18.1/nios2eds/bin/gnu/h-x86_64-mingw32/bin/../lib/gcc/nios2-elf/5.3.0/../../../../../H-x86_64-mingw32/nios2-elf/lib\libc.a(lib_a-ctype_.o)
 .text          0x000000000081730c        0x0 c:/intelfpga/18.1/nios2eds/bin/gnu/h-x86_64-mingw32/bin/../lib/gcc/nios2-elf/5.3.0/../../../../../H-x86_64-mingw32/nios2-elf/lib\libc.a(lib_a-exit.o)
 .text.exit     0x000000000081730c       0x38 c:/intelfpga/18.1/nios2eds/bin/gnu/h-x86_64-mingw32/bin/../lib/gcc/nios2-elf/5.3.0/../../../../../H-x86_64-mingw32/nios2-elf/lib\libc.a(lib_a-exit.o)
                0x000000000081730c                exit
 .text          0x0000000000817344        0x0 c:/intelfpga/18.1/nios2eds/bin/gnu/h-x86_64-mingw32/bin/../lib/gcc/nios2-elf/5.3.0/../../../../../H-x86_64-mingw32/nios2-elf/lib\libc.a(lib_a-memcmp.o)
 .text.memcmp   0x0000000000817344       0x7c c:/intelfpga/18.1/nios2eds/bin/gnu/h-x86_64-mingw32/bin/../lib/gcc/nios2-elf/5.3.0/../../../../../H-x86_64-mingw32/nios2-elf/lib\libc.a(lib_a-memcmp.o)
                0x0000000000817344                memcmp
 .text          0x00000000008173c0        0x0 c:/intelfpga/18.1/nios2eds/bin/gnu/h-x86_64-mingw32/bin/../lib/gcc/nios2-elf/5.3.0/../../../../../H-x86_64-mingw32/nios2-elf/lib\libc.a(lib_a-__atexit.o)
 .text.__register_exitproc
                0x00000000008173c0      0x118 c:/intelfpga/18.1/nios2eds/bin/gnu/h-x86_64-mingw32/bin/../lib/gcc/nios2-elf/5.3.0/../../../../../H-x86_64-mingw32/nios2-elf/lib\libc.a(lib_a-__atexit.o)
                0x00000000008173c0                __register_exitproc
 .text          0x00000000008174d8        0x0 c:/intelfpga/18.1/nios2eds/bin/gnu/h-x86_64-mingw32/bin/../lib/gcc/nios2-elf/5.3.0/../../../../../H-x86_64-mingw32/nios2-elf/lib\libc.a(lib_a-__call_atexit.o)
 .text.__call_exitprocs
                0x00000000008174d8      0x180 c:/intelfpga/18.1/nios2eds/bin/gnu/h-x86_64-mingw32/bin/../lib/gcc/nios2-elf/5.3.0/../../../../../H-x86_64-mingw32/nios2-elf/lib\libc.a(lib_a-__call_atexit.o)
                0x00000000008174d8                __call_exitprocs
 .text          0x0000000000817658       0x34 ../niosproject2_bsp/\libhal_bsp.a(alt_exit.o)
                0x0000000000817658                _exit
 *(.gnu.warning.*)
 *(.fini)
                [!provide]                        PROVIDE (__etext, ABSOLUTE (.))
                [!provide]                        PROVIDE (_etext, ABSOLUTE (.))
                [!provide]                        PROVIDE (etext, ABSOLUTE (.))
 *(.eh_frame_hdr)
                0x000000000081768c                . = ALIGN (0x4)
                [!provide]                        PROVIDE (__preinit_array_start, ABSOLUTE (.))
 *(.preinit_array)
                [!provide]                        PROVIDE (__preinit_array_end, ABSOLUTE (.))
                [!provide]                        PROVIDE (__init_array_start, ABSOLUTE (.))
 *(.init_array)
                [!provide]                        PROVIDE (__init_array_end, ABSOLUTE (.))
                [!provide]                        PROVIDE (__fini_array_start, ABSOLUTE (.))
 *(.fini_array)
                [!provide]                        PROVIDE (__fini_array_end, ABSOLUTE (.))
 *(.eh_frame)
 *(.gcc_except_table .gcc_except_table.*)
 *(.dynamic)
                0x000000000081768c                PROVIDE (__CTOR_LIST__, ABSOLUTE (.))
 *(.ctors)
 *(SORT(.ctors.*))
                0x000000000081768c                PROVIDE (__CTOR_END__, ABSOLUTE (.))
                0x000000000081768c                PROVIDE (__DTOR_LIST__, ABSOLUTE (.))
 *(.dtors)
 *(SORT(.dtors.*))
                0x000000000081768c                PROVIDE (__DTOR_END__, ABSOLUTE (.))
 *(.jcr)
                0x000000000081768c                . = ALIGN (0x4)

.rodata         0x000000000081768c      0x734
                0x000000000081768c                PROVIDE (__ram_rodata_start, ABSOLUTE (.))
                0x000000000081768c                . = ALIGN (0x4)
 *(.rodata .rodata.* .gnu.linkonce.r.*)
 .rodata        0x000000000081768c      0x1a2 obj/default/main.o
 .rodata        0x000000000081782e      0x100 c:/intelfpga/18.1/nios2eds/bin/gnu/h-x86_64-mingw32/bin/../lib/gcc/nios2-elf/5.3.0\libgcc.a(_clz.o)
                0x000000000081782e                __clz_tab
 *fill*         0x000000000081792e        0x2 
 .rodata.str1.4
                0x0000000000817930        0x2 c:/intelfpga/18.1/nios2eds/bin/gnu/h-x86_64-mingw32/bin/../lib/gcc/nios2-elf/5.3.0/../../../../../H-x86_64-mingw32/nios2-elf/lib\libc.a(lib_a-impure.o)
 *fill*         0x0000000000817932        0x2 
 .rodata.str1.4
                0x0000000000817934        0x2 c:/intelfpga/18.1/nios2eds/bin/gnu/h-x86_64-mingw32/bin/../lib/gcc/nios2-elf/5.3.0/../../../../../H-x86_64-mingw32/nios2-elf/lib\libc.a(lib_a-puts.o)
 *fill*         0x0000000000817936        0x2 
 .rodata.str1.4
                0x0000000000817938       0x42 c:/intelfpga/18.1/nios2eds/bin/gnu/h-x86_64-mingw32/bin/../lib/gcc/nios2-elf/5.3.0/../../../../../H-x86_64-mingw32/nios2-elf/lib\libc.a(lib_a-vfprintf.o)
 .rodata.zeroes.4404
                0x000000000081797a       0x10 c:/intelfpga/18.1/nios2eds/bin/gnu/h-x86_64-mingw32/bin/../lib/gcc/nios2-elf/5.3.0/../../../../../H-x86_64-mingw32/nios2-elf/lib\libc.a(lib_a-vfprintf.o)
 .rodata.blanks.4403
                0x000000000081798a       0x10 c:/intelfpga/18.1/nios2eds/bin/gnu/h-x86_64-mingw32/bin/../lib/gcc/nios2-elf/5.3.0/../../../../../H-x86_64-mingw32/nios2-elf/lib\libc.a(lib_a-vfprintf.o)
 *fill*         0x000000000081799a        0x2 
 .rodata.str1.4
                0x000000000081799c       0x10 c:/intelfpga/18.1/nios2eds/bin/gnu/h-x86_64-mingw32/bin/../lib/gcc/nios2-elf/5.3.0/../../../../../H-x86_64-mingw32/nios2-elf/lib\libc.a(lib_a-dtoa.o)
                                         0x12 (size before relaxing)
 .rodata.str1.4
                0x00000000008179ac        0xc c:/intelfpga/18.1/nios2eds/bin/gnu/h-x86_64-mingw32/bin/../lib/gcc/nios2-elf/5.3.0/../../../../../H-x86_64-mingw32/nios2-elf/lib\libc.a(lib_a-locale.o)
                                         0x12 (size before relaxing)
 .rodata.p05.2768
                0x00000000008179b8        0xc c:/intelfpga/18.1/nios2eds/bin/gnu/h-x86_64-mingw32/bin/../lib/gcc/nios2-elf/5.3.0/../../../../../H-x86_64-mingw32/nios2-elf/lib\libc.a(lib_a-mprec.o)
 .rodata.__mprec_tinytens
                0x00000000008179c4       0x28 c:/intelfpga/18.1/nios2eds/bin/gnu/h-x86_64-mingw32/bin/../lib/gcc/nios2-elf/5.3.0/../../../../../H-x86_64-mingw32/nios2-elf/lib\libc.a(lib_a-mprec.o)
                0x00000000008179c4                __mprec_tinytens
 .rodata.__mprec_bigtens
                0x00000000008179ec       0x28 c:/intelfpga/18.1/nios2eds/bin/gnu/h-x86_64-mingw32/bin/../lib/gcc/nios2-elf/5.3.0/../../../../../H-x86_64-mingw32/nios2-elf/lib\libc.a(lib_a-mprec.o)
                0x00000000008179ec                __mprec_bigtens
 .rodata.__mprec_tens
                0x0000000000817a14       0xc8 c:/intelfpga/18.1/nios2eds/bin/gnu/h-x86_64-mingw32/bin/../lib/gcc/nios2-elf/5.3.0/../../../../../H-x86_64-mingw32/nios2-elf/lib\libc.a(lib_a-mprec.o)
                0x0000000000817a14                __mprec_tens
 .rodata.str1.4
                0x0000000000817adc       0x2f c:/intelfpga/18.1/nios2eds/bin/gnu/h-x86_64-mingw32/bin/../lib/gcc/nios2-elf/5.3.0/../../../../../H-x86_64-mingw32/nios2-elf/lib\libc.a(lib_a-vfiprintf.o)
 .rodata.zeroes.4349
                0x0000000000817adc       0x10 c:/intelfpga/18.1/nios2eds/bin/gnu/h-x86_64-mingw32/bin/../lib/gcc/nios2-elf/5.3.0/../../../../../H-x86_64-mingw32/nios2-elf/lib\libc.a(lib_a-vfiprintf.o)
 .rodata.blanks.4348
                0x0000000000817aec       0x10 c:/intelfpga/18.1/nios2eds/bin/gnu/h-x86_64-mingw32/bin/../lib/gcc/nios2-elf/5.3.0/../../../../../H-x86_64-mingw32/nios2-elf/lib\libc.a(lib_a-vfiprintf.o)
 .rodata        0x0000000000817afc        0xa ../niosproject2_bsp/\libhal_bsp.a(alt_dev.o)
 *fill*         0x0000000000817b06        0x2 
 .rodata        0x0000000000817b08        0xf ../niosproject2_bsp/\libhal_bsp.a(alt_main.o)
 *fill*         0x0000000000817b17        0x1 
 .rodata        0x0000000000817b18       0x26 ../niosproject2_bsp/\libhal_bsp.a(alt_sys_init.o)
 .rodata._ctype_
                0x0000000000817b3e      0x101 c:/intelfpga/18.1/nios2eds/bin/gnu/h-x86_64-mingw32/bin/../lib/gcc/nios2-elf/5.3.0/../../../../../H-x86_64-mingw32/nios2-elf/lib\libc.a(lib_a-ctype_.o)
                0x0000000000817b3e                _ctype_
 .rodata._ctype_b
                0x0000000000817c3f      0x180 c:/intelfpga/18.1/nios2eds/bin/gnu/h-x86_64-mingw32/bin/../lib/gcc/nios2-elf/5.3.0/../../../../../H-x86_64-mingw32/nios2-elf/lib\libc.a(lib_a-ctype_.o)
 *(.rodata1)
                0x0000000000817dc0                . = ALIGN (0x4)
 *fill*         0x0000000000817dbf        0x1 
                0x0000000000817dc0                PROVIDE (__ram_rodata_end, ABSOLUTE (.))
                0x000000000081768c                PROVIDE (__flash_rodata_start, LOADADDR (.rodata))

.rwdata         0x0000000000817dc0     0x1ce0 load address 0x0000000000819aa0
                0x0000000000817dc0                PROVIDE (__ram_rwdata_start, ABSOLUTE (.))
                0x0000000000817dc0                . = ALIGN (0x4)
 *(.got.plt)
 *(.got)
 *(.data1)
 *(.data .data.* .gnu.linkonce.d.*)
 .data          0x0000000000817dc0        0x0 ../niosproject2_bsp//obj/HAL/src/crt0.o
 .data          0x0000000000817dc0        0x0 obj/default/Pacemaker.o
 .data          0x0000000000817dc0        0x0 obj/default/Pacemaker_C.o
 .data          0x0000000000817dc0        0x0 obj/default/hello_world.o
 .data          0x0000000000817dc0        0x0 obj/default/main.o
 .data          0x0000000000817dc0        0x0 c:/intelfpga/18.1/nios2eds/bin/gnu/h-x86_64-mingw32/bin/../lib/gcc/nios2-elf/5.3.0\libgcc.a(_muldi3.o)
 .data          0x0000000000817dc0        0x0 c:/intelfpga/18.1/nios2eds/bin/gnu/h-x86_64-mingw32/bin/../lib/gcc/nios2-elf/5.3.0\libgcc.a(_udivdi3.o)
 .data          0x0000000000817dc0        0x0 c:/intelfpga/18.1/nios2eds/bin/gnu/h-x86_64-mingw32/bin/../lib/gcc/nios2-elf/5.3.0\libgcc.a(lib2-divmod.o)
 .data          0x0000000000817dc0        0x0 c:/intelfpga/18.1/nios2eds/bin/gnu/h-x86_64-mingw32/bin/../lib/gcc/nios2-elf/5.3.0\libgcc.a(adddf3.o)
 .data          0x0000000000817dc0        0x0 c:/intelfpga/18.1/nios2eds/bin/gnu/h-x86_64-mingw32/bin/../lib/gcc/nios2-elf/5.3.0\libgcc.a(divdf3.o)
 .data          0x0000000000817dc0        0x0 c:/intelfpga/18.1/nios2eds/bin/gnu/h-x86_64-mingw32/bin/../lib/gcc/nios2-elf/5.3.0\libgcc.a(gedf2.o)
 .data          0x0000000000817dc0        0x0 c:/intelfpga/18.1/nios2eds/bin/gnu/h-x86_64-mingw32/bin/../lib/gcc/nios2-elf/5.3.0\libgcc.a(ledf2.o)
 .data          0x0000000000817dc0        0x0 c:/intelfpga/18.1/nios2eds/bin/gnu/h-x86_64-mingw32/bin/../lib/gcc/nios2-elf/5.3.0\libgcc.a(muldf3.o)
 .data          0x0000000000817dc0        0x0 c:/intelfpga/18.1/nios2eds/bin/gnu/h-x86_64-mingw32/bin/../lib/gcc/nios2-elf/5.3.0\libgcc.a(subdf3.o)
 .data          0x0000000000817dc0        0x0 c:/intelfpga/18.1/nios2eds/bin/gnu/h-x86_64-mingw32/bin/../lib/gcc/nios2-elf/5.3.0\libgcc.a(floatsidf.o)
 .data          0x0000000000817dc0        0x0 c:/intelfpga/18.1/nios2eds/bin/gnu/h-x86_64-mingw32/bin/../lib/gcc/nios2-elf/5.3.0\libgcc.a(floatunsidf.o)
 .data          0x0000000000817dc0        0x0 c:/intelfpga/18.1/nios2eds/bin/gnu/h-x86_64-mingw32/bin/../lib/gcc/nios2-elf/5.3.0\libgcc.a(_clz.o)
 .data          0x0000000000817dc0        0x0 c:/intelfpga/18.1/nios2eds/bin/gnu/h-x86_64-mingw32/bin/../lib/gcc/nios2-elf/5.3.0\libgcc.a(_clzsi2.o)
 .data          0x0000000000817dc0        0x0 c:/intelfpga/18.1/nios2eds/bin/gnu/h-x86_64-mingw32/bin/../lib/gcc/nios2-elf/5.3.0/../../../../../H-x86_64-mingw32/nios2-elf/lib\libc.a(lib_a-fflush.o)
 .data          0x0000000000817dc0        0x0 c:/intelfpga/18.1/nios2eds/bin/gnu/h-x86_64-mingw32/bin/../lib/gcc/nios2-elf/5.3.0/../../../../../H-x86_64-mingw32/nios2-elf/lib\libc.a(lib_a-findfp.o)
 .data          0x0000000000817dc0        0x0 c:/intelfpga/18.1/nios2eds/bin/gnu/h-x86_64-mingw32/bin/../lib/gcc/nios2-elf/5.3.0/../../../../../H-x86_64-mingw32/nios2-elf/lib\libc.a(lib_a-freer.o)
 .data          0x0000000000817dc0        0x0 c:/intelfpga/18.1/nios2eds/bin/gnu/h-x86_64-mingw32/bin/../lib/gcc/nios2-elf/5.3.0/../../../../../H-x86_64-mingw32/nios2-elf/lib\libc.a(lib_a-fwalk.o)
 .data          0x0000000000817dc0        0x0 c:/intelfpga/18.1/nios2eds/bin/gnu/h-x86_64-mingw32/bin/../lib/gcc/nios2-elf/5.3.0/../../../../../H-x86_64-mingw32/nios2-elf/lib\libc.a(lib_a-impure.o)
 .data.impure_data
                0x0000000000817dc0      0x424 c:/intelfpga/18.1/nios2eds/bin/gnu/h-x86_64-mingw32/bin/../lib/gcc/nios2-elf/5.3.0/../../../../../H-x86_64-mingw32/nios2-elf/lib\libc.a(lib_a-impure.o)
 .data          0x00000000008181e4        0x0 c:/intelfpga/18.1/nios2eds/bin/gnu/h-x86_64-mingw32/bin/../lib/gcc/nios2-elf/5.3.0/../../../../../H-x86_64-mingw32/nios2-elf/lib\libc.a(lib_a-mallocr.o)
 .data.__malloc_av_
                0x00000000008181e4      0x408 c:/intelfpga/18.1/nios2eds/bin/gnu/h-x86_64-mingw32/bin/../lib/gcc/nios2-elf/5.3.0/../../../../../H-x86_64-mingw32/nios2-elf/lib\libc.a(lib_a-mallocr.o)
                0x00000000008181e4                __malloc_av_
 .data          0x00000000008185ec        0x0 c:/intelfpga/18.1/nios2eds/bin/gnu/h-x86_64-mingw32/bin/../lib/gcc/nios2-elf/5.3.0/../../../../../H-x86_64-mingw32/nios2-elf/lib\libc.a(lib_a-memset.o)
 .data          0x00000000008185ec        0x0 c:/intelfpga/18.1/nios2eds/bin/gnu/h-x86_64-mingw32/bin/../lib/gcc/nios2-elf/5.3.0/../../../../../H-x86_64-mingw32/nios2-elf/lib\libc.a(lib_a-printf.o)
 .data          0x00000000008185ec        0x0 c:/intelfpga/18.1/nios2eds/bin/gnu/h-x86_64-mingw32/bin/../lib/gcc/nios2-elf/5.3.0/../../../../../H-x86_64-mingw32/nios2-elf/lib\libc.a(lib_a-puts.o)
 .data          0x00000000008185ec        0x0 c:/intelfpga/18.1/nios2eds/bin/gnu/h-x86_64-mingw32/bin/../lib/gcc/nios2-elf/5.3.0/../../../../../H-x86_64-mingw32/nios2-elf/lib\libc.a(lib_a-sbrkr.o)
 .data          0x00000000008185ec        0x0 c:/intelfpga/18.1/nios2eds/bin/gnu/h-x86_64-mingw32/bin/../lib/gcc/nios2-elf/5.3.0/../../../../../H-x86_64-mingw32/nios2-elf/lib\libc.a(lib_a-stdio.o)
 .data          0x00000000008185ec        0x0 c:/intelfpga/18.1/nios2eds/bin/gnu/h-x86_64-mingw32/bin/../lib/gcc/nios2-elf/5.3.0/../../../../../H-x86_64-mingw32/nios2-elf/lib\libc.a(lib_a-strlen.o)
 .data          0x00000000008185ec        0x0 c:/intelfpga/18.1/nios2eds/bin/gnu/h-x86_64-mingw32/bin/../lib/gcc/nios2-elf/5.3.0/../../../../../H-x86_64-mingw32/nios2-elf/lib\libc.a(lib_a-vfprintf.o)
 .data          0x00000000008185ec        0x0 c:/intelfpga/18.1/nios2eds/bin/gnu/h-x86_64-mingw32/bin/../lib/gcc/nios2-elf/5.3.0/../../../../../H-x86_64-mingw32/nios2-elf/lib\libc.a(lib_a-writer.o)
 .data          0x00000000008185ec        0x0 c:/intelfpga/18.1/nios2eds/bin/gnu/h-x86_64-mingw32/bin/../lib/gcc/nios2-elf/5.3.0/../../../../../H-x86_64-mingw32/nios2-elf/lib\libc.a(lib_a-wsetup.o)
 .data          0x00000000008185ec        0x0 c:/intelfpga/18.1/nios2eds/bin/gnu/h-x86_64-mingw32/bin/../lib/gcc/nios2-elf/5.3.0/../../../../../H-x86_64-mingw32/nios2-elf/lib\libc.a(closer.o)
 .data          0x00000000008185ec        0x0 c:/intelfpga/18.1/nios2eds/bin/gnu/h-x86_64-mingw32/bin/../lib/gcc/nios2-elf/5.3.0/../../../../../H-x86_64-mingw32/nios2-elf/lib\libc.a(lib_a-dtoa.o)
 .data          0x00000000008185ec        0x0 c:/intelfpga/18.1/nios2eds/bin/gnu/h-x86_64-mingw32/bin/../lib/gcc/nios2-elf/5.3.0/../../../../../H-x86_64-mingw32/nios2-elf/lib\libc.a(lib_a-fclose.o)
 .data          0x00000000008185ec        0x0 c:/intelfpga/18.1/nios2eds/bin/gnu/h-x86_64-mingw32/bin/../lib/gcc/nios2-elf/5.3.0/../../../../../H-x86_64-mingw32/nios2-elf/lib\libc.a(lib_a-fvwrite.o)
 .data          0x00000000008185ec        0x0 c:/intelfpga/18.1/nios2eds/bin/gnu/h-x86_64-mingw32/bin/../lib/gcc/nios2-elf/5.3.0/../../../../../H-x86_64-mingw32/nios2-elf/lib\libc.a(lib_a-int_errno.o)
 .data          0x00000000008185ec        0x0 c:/intelfpga/18.1/nios2eds/bin/gnu/h-x86_64-mingw32/bin/../lib/gcc/nios2-elf/5.3.0/../../../../../H-x86_64-mingw32/nios2-elf/lib\libc.a(lib_a-locale.o)
 .data.lc_message_charset
                0x00000000008185ec       0x20 c:/intelfpga/18.1/nios2eds/bin/gnu/h-x86_64-mingw32/bin/../lib/gcc/nios2-elf/5.3.0/../../../../../H-x86_64-mingw32/nios2-elf/lib\libc.a(lib_a-locale.o)
 .data.lc_ctype_charset
                0x000000000081860c       0x20 c:/intelfpga/18.1/nios2eds/bin/gnu/h-x86_64-mingw32/bin/../lib/gcc/nios2-elf/5.3.0/../../../../../H-x86_64-mingw32/nios2-elf/lib\libc.a(lib_a-locale.o)
 .data.lconv    0x000000000081862c       0x38 c:/intelfpga/18.1/nios2eds/bin/gnu/h-x86_64-mingw32/bin/../lib/gcc/nios2-elf/5.3.0/../../../../../H-x86_64-mingw32/nios2-elf/lib\libc.a(lib_a-locale.o)
 .data          0x0000000000818664        0x0 c:/intelfpga/18.1/nios2eds/bin/gnu/h-x86_64-mingw32/bin/../lib/gcc/nios2-elf/5.3.0/../../../../../H-x86_64-mingw32/nios2-elf/lib\libc.a(lib_a-lseekr.o)
 .data          0x0000000000818664        0x0 c:/intelfpga/18.1/nios2eds/bin/gnu/h-x86_64-mingw32/bin/../lib/gcc/nios2-elf/5.3.0/../../../../../H-x86_64-mingw32/nios2-elf/lib\libc.a(lib_a-makebuf.o)
 .data          0x0000000000818664        0x0 c:/intelfpga/18.1/nios2eds/bin/gnu/h-x86_64-mingw32/bin/../lib/gcc/nios2-elf/5.3.0/../../../../../H-x86_64-mingw32/nios2-elf/lib\libc.a(lib_a-memchr.o)
 .data          0x0000000000818664        0x0 c:/intelfpga/18.1/nios2eds/bin/gnu/h-x86_64-mingw32/bin/../lib/gcc/nios2-elf/5.3.0/../../../../../H-x86_64-mingw32/nios2-elf/lib\libc.a(lib_a-memcpy.o)
 .data          0x0000000000818664        0x0 c:/intelfpga/18.1/nios2eds/bin/gnu/h-x86_64-mingw32/bin/../lib/gcc/nios2-elf/5.3.0/../../../../../H-x86_64-mingw32/nios2-elf/lib\libc.a(lib_a-memmove.o)
 .data          0x0000000000818664        0x0 c:/intelfpga/18.1/nios2eds/bin/gnu/h-x86_64-mingw32/bin/../lib/gcc/nios2-elf/5.3.0/../../../../../H-x86_64-mingw32/nios2-elf/lib\libc.a(lib_a-mprec.o)
 .data          0x0000000000818664        0x0 c:/intelfpga/18.1/nios2eds/bin/gnu/h-x86_64-mingw32/bin/../lib/gcc/nios2-elf/5.3.0/../../../../../H-x86_64-mingw32/nios2-elf/lib\libc.a(lib_a-readr.o)
 .data          0x0000000000818664        0x0 c:/intelfpga/18.1/nios2eds/bin/gnu/h-x86_64-mingw32/bin/../lib/gcc/nios2-elf/5.3.0/../../../../../H-x86_64-mingw32/nios2-elf/lib\libc.a(lib_a-reallocr.o)
 .data          0x0000000000818664        0x0 c:/intelfpga/18.1/nios2eds/bin/gnu/h-x86_64-mingw32/bin/../lib/gcc/nios2-elf/5.3.0/../../../../../H-x86_64-mingw32/nios2-elf/lib\libc.a(lib_a-s_fpclassify.o)
 .data          0x0000000000818664        0x0 c:/intelfpga/18.1/nios2eds/bin/gnu/h-x86_64-mingw32/bin/../lib/gcc/nios2-elf/5.3.0/../../../../../H-x86_64-mingw32/nios2-elf/lib\libc.a(lib_a-strcmp.o)
 .data          0x0000000000818664        0x0 c:/intelfpga/18.1/nios2eds/bin/gnu/h-x86_64-mingw32/bin/../lib/gcc/nios2-elf/5.3.0/../../../../../H-x86_64-mingw32/nios2-elf/lib\libc.a(lib_a-vfiprintf.o)
 .data          0x0000000000818664        0x0 c:/intelfpga/18.1/nios2eds/bin/gnu/h-x86_64-mingw32/bin/../lib/gcc/nios2-elf/5.3.0/../../../../../H-x86_64-mingw32/nios2-elf/lib\libc.a(lib_a-callocr.o)
 .data          0x0000000000818664        0x0 c:/intelfpga/18.1/nios2eds/bin/gnu/h-x86_64-mingw32/bin/../lib/gcc/nios2-elf/5.3.0/../../../../../H-x86_64-mingw32/nios2-elf/lib\libc.a(lib_a-fputwc.o)
 .data          0x0000000000818664        0x0 c:/intelfpga/18.1/nios2eds/bin/gnu/h-x86_64-mingw32/bin/../lib/gcc/nios2-elf/5.3.0/../../../../../H-x86_64-mingw32/nios2-elf/lib\libc.a(lib_a-fstatr.o)
 .data          0x0000000000818664        0x0 c:/intelfpga/18.1/nios2eds/bin/gnu/h-x86_64-mingw32/bin/../lib/gcc/nios2-elf/5.3.0/../../../../../H-x86_64-mingw32/nios2-elf/lib\libc.a(lib_a-isattyr.o)
 .data          0x0000000000818664        0x0 c:/intelfpga/18.1/nios2eds/bin/gnu/h-x86_64-mingw32/bin/../lib/gcc/nios2-elf/5.3.0/../../../../../H-x86_64-mingw32/nios2-elf/lib\libc.a(lib_a-wbuf.o)
 .data          0x0000000000818664        0x0 c:/intelfpga/18.1/nios2eds/bin/gnu/h-x86_64-mingw32/bin/../lib/gcc/nios2-elf/5.3.0/../../../../../H-x86_64-mingw32/nios2-elf/lib\libc.a(lib_a-wcrtomb.o)
 .data          0x0000000000818664        0x0 c:/intelfpga/18.1/nios2eds/bin/gnu/h-x86_64-mingw32/bin/../lib/gcc/nios2-elf/5.3.0/../../../../../H-x86_64-mingw32/nios2-elf/lib\libc.a(lib_a-wctomb_r.o)
 .data          0x0000000000818664        0x0 c:/intelfpga/18.1/nios2eds/bin/gnu/h-x86_64-mingw32/bin/../lib/gcc/nios2-elf/5.3.0\libgcc.a(_umoddi3.o)
 .data          0x0000000000818664        0x0 c:/intelfpga/18.1/nios2eds/bin/gnu/h-x86_64-mingw32/bin/../lib/gcc/nios2-elf/5.3.0\libgcc.a(eqdf2.o)
 .data          0x0000000000818664        0x0 c:/intelfpga/18.1/nios2eds/bin/gnu/h-x86_64-mingw32/bin/../lib/gcc/nios2-elf/5.3.0\libgcc.a(fixdfsi.o)
 .data          0x0000000000818664        0x0 ../niosproject2_bsp/\libhal_bsp.a(alt_alarm_start.o)
 .data          0x0000000000818664        0x0 ../niosproject2_bsp/\libhal_bsp.a(alt_close.o)
 .data          0x0000000000818664      0x1a8 ../niosproject2_bsp/\libhal_bsp.a(alt_dev.o)
                0x0000000000818664                alt_dev_null
                0x000000000081868c                alt_fd_list
 .data          0x000000000081880c        0x0 ../niosproject2_bsp/\libhal_bsp.a(alt_errno.o)
 .data          0x000000000081880c        0x0 ../niosproject2_bsp/\libhal_bsp.a(alt_fstat.o)
 .data          0x000000000081880c        0x0 ../niosproject2_bsp/\libhal_bsp.a(alt_isatty.o)
 .data          0x000000000081880c        0x0 ../niosproject2_bsp/\libhal_bsp.a(alt_load.o)
 .data          0x000000000081880c        0x0 ../niosproject2_bsp/\libhal_bsp.a(alt_lseek.o)
 .data          0x000000000081880c        0x0 ../niosproject2_bsp/\libhal_bsp.a(alt_main.o)
 .data          0x000000000081880c        0x0 ../niosproject2_bsp/\libhal_bsp.a(alt_malloc_lock.o)
 .data          0x000000000081880c        0x0 ../niosproject2_bsp/\libhal_bsp.a(alt_open.o)
 .data          0x000000000081880c        0x0 ../niosproject2_bsp/\libhal_bsp.a(alt_read.o)
 .data          0x000000000081880c        0x0 ../niosproject2_bsp/\libhal_bsp.a(alt_release_fd.o)
 .data          0x000000000081880c        0x0 ../niosproject2_bsp/\libhal_bsp.a(alt_sbrk.o)
 .data          0x000000000081880c        0x0 ../niosproject2_bsp/\libhal_bsp.a(alt_tick.o)
 .data          0x000000000081880c        0x0 ../niosproject2_bsp/\libhal_bsp.a(alt_write.o)
 .data          0x000000000081880c     0x1244 ../niosproject2_bsp/\libhal_bsp.a(alt_sys_init.o)
 .data          0x0000000000819a50        0x0 ../niosproject2_bsp/\libhal_bsp.a(altera_avalon_jtag_uart_fd.o)
 .data          0x0000000000819a50        0x0 ../niosproject2_bsp/\libhal_bsp.a(altera_avalon_jtag_uart_init.o)
 .data          0x0000000000819a50        0x0 ../niosproject2_bsp/\libhal_bsp.a(altera_avalon_jtag_uart_ioctl.o)
 .data          0x0000000000819a50        0x0 ../niosproject2_bsp/\libhal_bsp.a(altera_avalon_jtag_uart_read.o)
 .data          0x0000000000819a50        0x0 ../niosproject2_bsp/\libhal_bsp.a(altera_avalon_jtag_uart_write.o)
 .data          0x0000000000819a50        0x0 ../niosproject2_bsp/\libhal_bsp.a(altera_avalon_lcd_16207.o)
 .data          0x0000000000819a50        0x0 ../niosproject2_bsp/\libhal_bsp.a(altera_avalon_lcd_16207_fd.o)
 .data          0x0000000000819a50        0x0 ../niosproject2_bsp/\libhal_bsp.a(altera_avalon_timer_sc.o)
 .data          0x0000000000819a50        0x0 ../niosproject2_bsp/\libhal_bsp.a(altera_avalon_timer_ts.o)
 .data          0x0000000000819a50        0x0 ../niosproject2_bsp/\libhal_bsp.a(altera_avalon_timer_vars.o)
 .data          0x0000000000819a50        0x0 ../niosproject2_bsp/\libhal_bsp.a(altera_avalon_uart_fd.o)
 .data          0x0000000000819a50        0x0 ../niosproject2_bsp/\libhal_bsp.a(altera_avalon_uart_init.o)
 .data          0x0000000000819a50        0x0 ../niosproject2_bsp/\libhal_bsp.a(altera_avalon_uart_read.o)
 .data          0x0000000000819a50        0x0 ../niosproject2_bsp/\libhal_bsp.a(altera_avalon_uart_write.o)
 .data          0x0000000000819a50        0x0 ../niosproject2_bsp/\libhal_bsp.a(alt_dcache_flush_all.o)
 .data          0x0000000000819a50        0x0 ../niosproject2_bsp/\libhal_bsp.a(alt_dev_llist_insert.o)
 .data          0x0000000000819a50        0x0 ../niosproject2_bsp/\libhal_bsp.a(alt_do_ctors.o)
 .data          0x0000000000819a50        0x0 ../niosproject2_bsp/\libhal_bsp.a(alt_do_dtors.o)
 .data          0x0000000000819a50        0x0 ../niosproject2_bsp/\libhal_bsp.a(alt_find_dev.o)
 .data          0x0000000000819a50        0x0 ../niosproject2_bsp/\libhal_bsp.a(alt_find_file.o)
 .data          0x0000000000819a50        0x0 ../niosproject2_bsp/\libhal_bsp.a(alt_get_fd.o)
 .data          0x0000000000819a50        0x0 ../niosproject2_bsp/\libhal_bsp.a(alt_icache_flush_all.o)
 .data          0x0000000000819a50        0x0 ../niosproject2_bsp/\libhal_bsp.a(alt_iic.o)
 .data          0x0000000000819a50        0x0 ../niosproject2_bsp/\libhal_bsp.a(alt_iic_isr_register.o)
 .data          0x0000000000819a50        0x0 ../niosproject2_bsp/\libhal_bsp.a(alt_io_redirect.o)
 .data          0x0000000000819a50        0x0 ../niosproject2_bsp/\libhal_bsp.a(alt_irq_entry.o)
 .data          0x0000000000819a50        0x0 ../niosproject2_bsp/\libhal_bsp.a(alt_irq_handler.o)
 .data          0x0000000000819a50        0x0 ../niosproject2_bsp/\libhal_bsp.a(alt_irq_vars.o)
 .data          0x0000000000819a50        0x0 ../niosproject2_bsp/\libhal_bsp.a(alt_usleep.o)
 .data          0x0000000000819a50        0x0 ../niosproject2_bsp/\libhal_bsp.a(altera_nios2_gen2_irq.o)
 .data          0x0000000000819a50        0x0 ../niosproject2_bsp/\libhal_bsp.a(alt_busy_sleep.o)
 .data          0x0000000000819a50        0x0 ../niosproject2_bsp/\libhal_bsp.a(alt_exception_entry.o)
 .data          0x0000000000819a50        0x0 ../niosproject2_bsp/\libhal_bsp.a(alt_icache_flush.o)
 .data          0x0000000000819a50        0x0 ../niosproject2_bsp/\libhal_bsp.a(alt_instruction_exception_entry.o)
 .data          0x0000000000819a50        0x0 c:/intelfpga/18.1/nios2eds/bin/gnu/h-x86_64-mingw32/bin/../lib/gcc/nios2-elf/5.3.0/../../../../../H-x86_64-mingw32/nios2-elf/lib\libc.a(lib_a-atexit.o)
 .data          0x0000000000819a50        0x0 c:/intelfpga/18.1/nios2eds/bin/gnu/h-x86_64-mingw32/bin/../lib/gcc/nios2-elf/5.3.0/../../../../../H-x86_64-mingw32/nios2-elf/lib\libc.a(lib_a-ctype_.o)
 .data          0x0000000000819a50        0x0 c:/intelfpga/18.1/nios2eds/bin/gnu/h-x86_64-mingw32/bin/../lib/gcc/nios2-elf/5.3.0/../../../../../H-x86_64-mingw32/nios2-elf/lib\libc.a(lib_a-exit.o)
 .data          0x0000000000819a50        0x0 c:/intelfpga/18.1/nios2eds/bin/gnu/h-x86_64-mingw32/bin/../lib/gcc/nios2-elf/5.3.0/../../../../../H-x86_64-mingw32/nios2-elf/lib\libc.a(lib_a-memcmp.o)
 .data          0x0000000000819a50        0x0 c:/intelfpga/18.1/nios2eds/bin/gnu/h-x86_64-mingw32/bin/../lib/gcc/nios2-elf/5.3.0/../../../../../H-x86_64-mingw32/nios2-elf/lib\libc.a(lib_a-__atexit.o)
 .data          0x0000000000819a50        0x0 c:/intelfpga/18.1/nios2eds/bin/gnu/h-x86_64-mingw32/bin/../lib/gcc/nios2-elf/5.3.0/../../../../../H-x86_64-mingw32/nios2-elf/lib\libc.a(lib_a-__call_atexit.o)
 .data          0x0000000000819a50        0x0 ../niosproject2_bsp/\libhal_bsp.a(alt_exit.o)
                0x0000000000821a50                _gp = ABSOLUTE ((. + 0x8000))
                [!provide]                        PROVIDE (gp, _gp)
 *(.rwdata .rwdata.*)
 *(.sdata .sdata.* .gnu.linkonce.s.*)
 .sdata         0x0000000000819a50        0x8 obj/default/main.o
 .sdata._global_impure_ptr
                0x0000000000819a58        0x4 c:/intelfpga/18.1/nios2eds/bin/gnu/h-x86_64-mingw32/bin/../lib/gcc/nios2-elf/5.3.0/../../../../../H-x86_64-mingw32/nios2-elf/lib\libc.a(lib_a-impure.o)
                0x0000000000819a58                _global_impure_ptr
 .sdata._impure_ptr
                0x0000000000819a5c        0x4 c:/intelfpga/18.1/nios2eds/bin/gnu/h-x86_64-mingw32/bin/../lib/gcc/nios2-elf/5.3.0/../../../../../H-x86_64-mingw32/nios2-elf/lib\libc.a(lib_a-impure.o)
                0x0000000000819a5c                _impure_ptr
 .sdata.__malloc_sbrk_base
                0x0000000000819a60        0x4 c:/intelfpga/18.1/nios2eds/bin/gnu/h-x86_64-mingw32/bin/../lib/gcc/nios2-elf/5.3.0/../../../../../H-x86_64-mingw32/nios2-elf/lib\libc.a(lib_a-mallocr.o)
                0x0000000000819a60                __malloc_sbrk_base
 .sdata.__malloc_trim_threshold
                0x0000000000819a64        0x4 c:/intelfpga/18.1/nios2eds/bin/gnu/h-x86_64-mingw32/bin/../lib/gcc/nios2-elf/5.3.0/../../../../../H-x86_64-mingw32/nios2-elf/lib\libc.a(lib_a-mallocr.o)
                0x0000000000819a64                __malloc_trim_threshold
 .sdata.__mb_cur_max
                0x0000000000819a68        0x4 c:/intelfpga/18.1/nios2eds/bin/gnu/h-x86_64-mingw32/bin/../lib/gcc/nios2-elf/5.3.0/../../../../../H-x86_64-mingw32/nios2-elf/lib\libc.a(lib_a-locale.o)
                0x0000000000819a68                __mb_cur_max
 .sdata.__wctomb
                0x0000000000819a6c        0x4 c:/intelfpga/18.1/nios2eds/bin/gnu/h-x86_64-mingw32/bin/../lib/gcc/nios2-elf/5.3.0/../../../../../H-x86_64-mingw32/nios2-elf/lib\libc.a(lib_a-wctomb_r.o)
                0x0000000000819a6c                __wctomb
 .sdata         0x0000000000819a70       0x14 ../niosproject2_bsp/\libhal_bsp.a(alt_dev.o)
                0x0000000000819a70                alt_fs_list
                0x0000000000819a78                alt_dev_list
                0x0000000000819a80                alt_max_fd
 .sdata         0x0000000000819a84        0x4 ../niosproject2_bsp/\libhal_bsp.a(alt_errno.o)
                0x0000000000819a84                alt_errno
 .sdata         0x0000000000819a88        0x4 ../niosproject2_bsp/\libhal_bsp.a(alt_sbrk.o)
 .sdata         0x0000000000819a8c        0x8 ../niosproject2_bsp/\libhal_bsp.a(alt_tick.o)
                0x0000000000819a8c                alt_alarm_list
 .sdata         0x0000000000819a94        0x4 ../niosproject2_bsp/\libhal_bsp.a(altera_avalon_lcd_16207.o)
 .sdata         0x0000000000819a98        0x4 ../niosproject2_bsp/\libhal_bsp.a(alt_irq_vars.o)
                0x0000000000819a98                alt_priority_mask
 .sdata.__ctype_ptr__
                0x0000000000819a9c        0x4 c:/intelfpga/18.1/nios2eds/bin/gnu/h-x86_64-mingw32/bin/../lib/gcc/nios2-elf/5.3.0/../../../../../H-x86_64-mingw32/nios2-elf/lib\libc.a(lib_a-ctype_.o)
                0x0000000000819a9c                __ctype_ptr__
 *(.sdata2 .sdata2.* .gnu.linkonce.s2.*)
                0x0000000000819aa0                . = ALIGN (0x4)
                0x0000000000819aa0                _edata = ABSOLUTE (.)
                [!provide]                        PROVIDE (edata, ABSOLUTE (.))
                0x0000000000819aa0                PROVIDE (__ram_rwdata_end, ABSOLUTE (.))
                0x0000000000819aa0                PROVIDE (__flash_rwdata_start, LOADADDR (.rwdata))

.bss            0x000000000081b780      0x3e8
                0x000000000081b780                __bss_start = ABSOLUTE (.)
                [!provide]                        PROVIDE (__sbss_start, ABSOLUTE (.))
                [!provide]                        PROVIDE (___sbss_start, ABSOLUTE (.))
 *(.dynsbss)
 *(.sbss .sbss.* .gnu.linkonce.sb.*)
 .sbss          0x000000000081b780       0x16 obj/default/Pacemaker_C.o
 *fill*         0x000000000081b796        0x2 
 .sbss          0x000000000081b798        0x8 obj/default/main.o
 .sbss.__malloc_max_total_mem
                0x000000000081b7a0        0x4 c:/intelfpga/18.1/nios2eds/bin/gnu/h-x86_64-mingw32/bin/../lib/gcc/nios2-elf/5.3.0/../../../../../H-x86_64-mingw32/nios2-elf/lib\libc.a(lib_a-mallocr.o)
                0x000000000081b7a0                __malloc_max_total_mem
 .sbss.__malloc_max_sbrked_mem
                0x000000000081b7a4        0x4 c:/intelfpga/18.1/nios2eds/bin/gnu/h-x86_64-mingw32/bin/../lib/gcc/nios2-elf/5.3.0/../../../../../H-x86_64-mingw32/nios2-elf/lib\libc.a(lib_a-mallocr.o)
                0x000000000081b7a4                __malloc_max_sbrked_mem
 .sbss.__malloc_top_pad
                0x000000000081b7a8        0x4 c:/intelfpga/18.1/nios2eds/bin/gnu/h-x86_64-mingw32/bin/../lib/gcc/nios2-elf/5.3.0/../../../../../H-x86_64-mingw32/nios2-elf/lib\libc.a(lib_a-mallocr.o)
                0x000000000081b7a8                __malloc_top_pad
 .sbss          0x000000000081b7ac        0x4 c:/intelfpga/18.1/nios2eds/bin/gnu/h-x86_64-mingw32/bin/../lib/gcc/nios2-elf/5.3.0/../../../../../H-x86_64-mingw32/nios2-elf/lib\libc.a(lib_a-int_errno.o)
                0x000000000081b7ac                errno
 .sbss._PathLocale
                0x000000000081b7b0        0x4 c:/intelfpga/18.1/nios2eds/bin/gnu/h-x86_64-mingw32/bin/../lib/gcc/nios2-elf/5.3.0/../../../../../H-x86_64-mingw32/nios2-elf/lib\libc.a(lib_a-locale.o)
                0x000000000081b7b0                _PathLocale
 .sbss.__mlocale_changed
                0x000000000081b7b4        0x4 c:/intelfpga/18.1/nios2eds/bin/gnu/h-x86_64-mingw32/bin/../lib/gcc/nios2-elf/5.3.0/../../../../../H-x86_64-mingw32/nios2-elf/lib\libc.a(lib_a-locale.o)
                0x000000000081b7b4                __mlocale_changed
 .sbss.__nlocale_changed
                0x000000000081b7b8        0x4 c:/intelfpga/18.1/nios2eds/bin/gnu/h-x86_64-mingw32/bin/../lib/gcc/nios2-elf/5.3.0/../../../../../H-x86_64-mingw32/nios2-elf/lib\libc.a(lib_a-locale.o)
                0x000000000081b7b8                __nlocale_changed
 .sbss          0x000000000081b7bc        0xc ../niosproject2_bsp/\libhal_bsp.a(alt_main.o)
                0x000000000081b7bc                alt_argc
                0x000000000081b7c0                alt_argv
                0x000000000081b7c4                alt_envp
 .sbss          0x000000000081b7c8        0x8 ../niosproject2_bsp/\libhal_bsp.a(alt_tick.o)
                0x000000000081b7c8                _alt_tick_rate
                0x000000000081b7cc                _alt_nticks
 .sbss          0x000000000081b7d0        0x8 ../niosproject2_bsp/\libhal_bsp.a(altera_avalon_timer_vars.o)
                0x000000000081b7d0                altera_avalon_timer_ts_base
                0x000000000081b7d4                altera_avalon_timer_ts_freq
 .sbss          0x000000000081b7d8        0x4 ../niosproject2_bsp/\libhal_bsp.a(alt_irq_vars.o)
                0x000000000081b7d8                alt_irq_active
 .sbss          0x000000000081b7dc        0x4 ../niosproject2_bsp/\libhal_bsp.a(alt_instruction_exception_entry.o)
                0x000000000081b7dc                alt_instruction_exception_handler
 *(.sbss2 .sbss2.* .gnu.linkonce.sb2.*)
 *(.scommon)
                [!provide]                        PROVIDE (__sbss_end, ABSOLUTE (.))
                [!provide]                        PROVIDE (___sbss_end, ABSOLUTE (.))
 *(.dynbss)
 *(.bss .bss.* .gnu.linkonce.b.*)
 .bss           0x000000000081b7e0        0x0 ../niosproject2_bsp//obj/HAL/src/crt0.o
 .bss           0x000000000081b7e0        0x0 obj/default/Pacemaker.o
 .bss           0x000000000081b7e0       0x90 obj/default/Pacemaker_C.o
 .bss           0x000000000081b870        0x0 obj/default/hello_world.o
 .bss           0x000000000081b870      0x1d0 obj/default/main.o
 .bss           0x000000000081ba40        0x0 c:/intelfpga/18.1/nios2eds/bin/gnu/h-x86_64-mingw32/bin/../lib/gcc/nios2-elf/5.3.0\libgcc.a(_muldi3.o)
 .bss           0x000000000081ba40        0x0 c:/intelfpga/18.1/nios2eds/bin/gnu/h-x86_64-mingw32/bin/../lib/gcc/nios2-elf/5.3.0\libgcc.a(_udivdi3.o)
 .bss           0x000000000081ba40        0x0 c:/intelfpga/18.1/nios2eds/bin/gnu/h-x86_64-mingw32/bin/../lib/gcc/nios2-elf/5.3.0\libgcc.a(lib2-divmod.o)
 .bss           0x000000000081ba40        0x0 c:/intelfpga/18.1/nios2eds/bin/gnu/h-x86_64-mingw32/bin/../lib/gcc/nios2-elf/5.3.0\libgcc.a(adddf3.o)
 .bss           0x000000000081ba40        0x0 c:/intelfpga/18.1/nios2eds/bin/gnu/h-x86_64-mingw32/bin/../lib/gcc/nios2-elf/5.3.0\libgcc.a(divdf3.o)
 .bss           0x000000000081ba40        0x0 c:/intelfpga/18.1/nios2eds/bin/gnu/h-x86_64-mingw32/bin/../lib/gcc/nios2-elf/5.3.0\libgcc.a(gedf2.o)
 .bss           0x000000000081ba40        0x0 c:/intelfpga/18.1/nios2eds/bin/gnu/h-x86_64-mingw32/bin/../lib/gcc/nios2-elf/5.3.0\libgcc.a(ledf2.o)
 .bss           0x000000000081ba40        0x0 c:/intelfpga/18.1/nios2eds/bin/gnu/h-x86_64-mingw32/bin/../lib/gcc/nios2-elf/5.3.0\libgcc.a(muldf3.o)
 .bss           0x000000000081ba40        0x0 c:/intelfpga/18.1/nios2eds/bin/gnu/h-x86_64-mingw32/bin/../lib/gcc/nios2-elf/5.3.0\libgcc.a(subdf3.o)
 .bss           0x000000000081ba40        0x0 c:/intelfpga/18.1/nios2eds/bin/gnu/h-x86_64-mingw32/bin/../lib/gcc/nios2-elf/5.3.0\libgcc.a(floatsidf.o)
 .bss           0x000000000081ba40        0x0 c:/intelfpga/18.1/nios2eds/bin/gnu/h-x86_64-mingw32/bin/../lib/gcc/nios2-elf/5.3.0\libgcc.a(floatunsidf.o)
 .bss           0x000000000081ba40        0x0 c:/intelfpga/18.1/nios2eds/bin/gnu/h-x86_64-mingw32/bin/../lib/gcc/nios2-elf/5.3.0\libgcc.a(_clz.o)
 .bss           0x000000000081ba40        0x0 c:/intelfpga/18.1/nios2eds/bin/gnu/h-x86_64-mingw32/bin/../lib/gcc/nios2-elf/5.3.0\libgcc.a(_clzsi2.o)
 .bss           0x000000000081ba40        0x0 c:/intelfpga/18.1/nios2eds/bin/gnu/h-x86_64-mingw32/bin/../lib/gcc/nios2-elf/5.3.0/../../../../../H-x86_64-mingw32/nios2-elf/lib\libc.a(lib_a-fflush.o)
 .bss           0x000000000081ba40        0x0 c:/intelfpga/18.1/nios2eds/bin/gnu/h-x86_64-mingw32/bin/../lib/gcc/nios2-elf/5.3.0/../../../../../H-x86_64-mingw32/nios2-elf/lib\libc.a(lib_a-findfp.o)
 .bss           0x000000000081ba40        0x0 c:/intelfpga/18.1/nios2eds/bin/gnu/h-x86_64-mingw32/bin/../lib/gcc/nios2-elf/5.3.0/../../../../../H-x86_64-mingw32/nios2-elf/lib\libc.a(lib_a-freer.o)
 .bss           0x000000000081ba40        0x0 c:/intelfpga/18.1/nios2eds/bin/gnu/h-x86_64-mingw32/bin/../lib/gcc/nios2-elf/5.3.0/../../../../../H-x86_64-mingw32/nios2-elf/lib\libc.a(lib_a-fwalk.o)
 .bss           0x000000000081ba40        0x0 c:/intelfpga/18.1/nios2eds/bin/gnu/h-x86_64-mingw32/bin/../lib/gcc/nios2-elf/5.3.0/../../../../../H-x86_64-mingw32/nios2-elf/lib\libc.a(lib_a-impure.o)
 .bss           0x000000000081ba40        0x0 c:/intelfpga/18.1/nios2eds/bin/gnu/h-x86_64-mingw32/bin/../lib/gcc/nios2-elf/5.3.0/../../../../../H-x86_64-mingw32/nios2-elf/lib\libc.a(lib_a-mallocr.o)
 .bss.__malloc_current_mallinfo
                0x000000000081ba40       0x28 c:/intelfpga/18.1/nios2eds/bin/gnu/h-x86_64-mingw32/bin/../lib/gcc/nios2-elf/5.3.0/../../../../../H-x86_64-mingw32/nios2-elf/lib\libc.a(lib_a-mallocr.o)
                0x000000000081ba40                __malloc_current_mallinfo
 .bss           0x000000000081ba68        0x0 c:/intelfpga/18.1/nios2eds/bin/gnu/h-x86_64-mingw32/bin/../lib/gcc/nios2-elf/5.3.0/../../../../../H-x86_64-mingw32/nios2-elf/lib\libc.a(lib_a-memset.o)
 .bss           0x000000000081ba68        0x0 c:/intelfpga/18.1/nios2eds/bin/gnu/h-x86_64-mingw32/bin/../lib/gcc/nios2-elf/5.3.0/../../../../../H-x86_64-mingw32/nios2-elf/lib\libc.a(lib_a-printf.o)
 .bss           0x000000000081ba68        0x0 c:/intelfpga/18.1/nios2eds/bin/gnu/h-x86_64-mingw32/bin/../lib/gcc/nios2-elf/5.3.0/../../../../../H-x86_64-mingw32/nios2-elf/lib\libc.a(lib_a-puts.o)
 .bss           0x000000000081ba68        0x0 c:/intelfpga/18.1/nios2eds/bin/gnu/h-x86_64-mingw32/bin/../lib/gcc/nios2-elf/5.3.0/../../../../../H-x86_64-mingw32/nios2-elf/lib\libc.a(lib_a-sbrkr.o)
 .bss           0x000000000081ba68        0x0 c:/intelfpga/18.1/nios2eds/bin/gnu/h-x86_64-mingw32/bin/../lib/gcc/nios2-elf/5.3.0/../../../../../H-x86_64-mingw32/nios2-elf/lib\libc.a(lib_a-stdio.o)
 .bss           0x000000000081ba68        0x0 c:/intelfpga/18.1/nios2eds/bin/gnu/h-x86_64-mingw32/bin/../lib/gcc/nios2-elf/5.3.0/../../../../../H-x86_64-mingw32/nios2-elf/lib\libc.a(lib_a-strlen.o)
 .bss           0x000000000081ba68        0x0 c:/intelfpga/18.1/nios2eds/bin/gnu/h-x86_64-mingw32/bin/../lib/gcc/nios2-elf/5.3.0/../../../../../H-x86_64-mingw32/nios2-elf/lib\libc.a(lib_a-vfprintf.o)
 .bss           0x000000000081ba68        0x0 c:/intelfpga/18.1/nios2eds/bin/gnu/h-x86_64-mingw32/bin/../lib/gcc/nios2-elf/5.3.0/../../../../../H-x86_64-mingw32/nios2-elf/lib\libc.a(lib_a-writer.o)
 .bss           0x000000000081ba68        0x0 c:/intelfpga/18.1/nios2eds/bin/gnu/h-x86_64-mingw32/bin/../lib/gcc/nios2-elf/5.3.0/../../../../../H-x86_64-mingw32/nios2-elf/lib\libc.a(lib_a-wsetup.o)